Archive member included because of file (symbol)

contiki-sky.a(ping6.o)        example-ping6.co (ping6_process)
contiki-sky.a(contiki-sky-pla)
                              obj_sky/contiki-sky-main.o (init_platform)
contiki-sky.a(button-sensor.o)
                              contiki-sky.a(contiki-sky-pla) (button_sensor)
contiki-sky.a(ds2411.o)       obj_sky/contiki-sky-main.o (ds2411_init)
contiki-sky.a(xmem.o)         obj_sky/contiki-sky-main.o (xmem_init)
contiki-sky.a(node-id.o)      obj_sky/contiki-sky-main.o (node_id_restore)
contiki-sky.a(sensors.o)      contiki-sky.a(button-sensor.o) (sensors_changed)
contiki-sky.a(cc2420.o)       obj_sky/contiki-sky-main.o (cc2420_set_pan_addr)
contiki-sky.a(cc2420-arch.o)  contiki-sky.a(cc2420.o) (cc2420_arch_init)
contiki-sky.a(uart1.o)        obj_sky/contiki-sky-main.o (uart1_active)
contiki-sky.a(uart1-putchar.o)
                              obj_sky/contiki-sky-main.o (putchar)
contiki-sky.a(msp430.o)       contiki-sky.a(uart1.o) (msp430_add_lpm_req)
contiki-sky.a(clock.o)        obj_sky/contiki-sky-main.o (clock_init)
contiki-sky.a(leds.o)         obj_sky/contiki-sky-main.o (leds_init)
contiki-sky.a(leds-arch.o)    contiki-sky.a(leds.o) (leds_arch_init)
contiki-sky.a(watchdog.o)     obj_sky/contiki-sky-main.o (watchdog_start)
contiki-sky.a(rtimer-arch.o)  obj_sky/contiki-sky-main.o (rtimer_arch_now)
contiki-sky.a(autostart.o)    obj_sky/contiki-sky-main.o (autostart_start)
contiki-sky.a(ctimer.o)       obj_sky/contiki-sky-main.o (ctimer_init)
contiki-sky.a(energest.o)     obj_sky/contiki-sky-main.o (energest_init)
contiki-sky.a(etimer.o)       contiki-sky.a(clock.o) (etimer_request_poll)
contiki-sky.a(process.o)      contiki-sky.a(ctimer.o) (process_current)
contiki-sky.a(rtimer.o)       obj_sky/contiki-sky-main.o (rtimer_init)
contiki-sky.a(timer.o)        obj_sky/contiki-sky-main.o (timer_set)
contiki-sky.a(list.o)         contiki-sky.a(ctimer.o) (list_init)
contiki-sky.a(random.o)       obj_sky/contiki-sky-main.o (random_init)
contiki-sky.a(sicslowpan.o)   obj_sky/contiki-sky-main.o (sicslowpan_driver)
contiki-sky.a(uip6.o)         contiki-sky.a(ping6.o) (uip_aligned_buf)
contiki-sky.a(uip-ds6.o)      contiki-sky.a(uip6.o) (uip_ds6_is_addr_onlink)
contiki-sky.a(uip-ds6-nbr.o)  contiki-sky.a(uip-ds6.o) (uip_ds6_neighbors_init)
contiki-sky.a(uip-ds6-route.o)
                              contiki-sky.a(uip-ds6.o) (uip_ds6_route_init)
contiki-sky.a(uip-icmp6.o)    contiki-sky.a(uip6.o) (uip_icmp6_input)
contiki-sky.a(uip-nd6.o)      contiki-sky.a(uip6.o) (uip_nd6_init)
contiki-sky.a(tcpip.o)        contiki-sky.a(sicslowpan.o) (tcpip_set_outputfunc)
contiki-sky.a(uip-debug.o)    contiki-sky.a(uip-ds6-route.o) (uip_debug_ipaddr_print)
contiki-sky.a(rpl.o)          contiki-sky.a(uip-ds6-nbr.o) (rpl_link_neighbor_callback)
contiki-sky.a(rpl-dag.o)      contiki-sky.a(rpl.o) (rpl_dag_init)
contiki-sky.a(rpl-ext-header.)
                              contiki-sky.a(uip6.o) (rpl_verify_header)
contiki-sky.a(rpl-icmp6.o)    contiki-sky.a(rpl.o) (dao_output_target)
contiki-sky.a(rpl-mrhof.o)    contiki-sky.a(rpl.o) (rpl_mrhof)
contiki-sky.a(rpl-timers.o)   contiki-sky.a(rpl.o) (rpl_reset_periodic_timer)
contiki-sky.a(csma.o)         obj_sky/contiki-sky-main.o (csma_driver)
contiki-sky.a(framer-802154.o)
                              contiki-sky.a(sicslowpan.o) (framer_802154)
contiki-sky.a(framer.o)       contiki-sky.a(framer-802154.o) (framer_canonical_create_and_secure)
contiki-sky.a(mac.o)          contiki-sky.a(csma.o) (mac_call_sent_callback)
contiki-sky.a(linkaddr.o)     obj_sky/contiki-sky-main.o (linkaddr_copy)
contiki-sky.a(nbr-table.o)    contiki-sky.a(uip-ds6-nbr.o) (nbr_table_register)
contiki-sky.a(packetbuf.o)    contiki-sky.a(framer-802154.o) (packetbuf_hdrreduce)
contiki-sky.a(queuebuf.o)     obj_sky/contiki-sky-main.o (queuebuf_init)
contiki-sky.a(contikimac.o)   obj_sky/contiki-sky-main.o (contikimac_driver)
contiki-sky.a(nullsec.o)      obj_sky/contiki-sky-main.o (nullsec_driver)
contiki-sky.a(spi.o)          contiki-sky.a(xmem.o) (spi_init)
contiki-sky.a(compower.o)     contiki-sky.a(contikimac.o) (compower_idle_activity)
contiki-sky.a(stimer.o)       contiki-sky.a(uip-ds6.o) (stimer_set)
contiki-sky.a(memb.o)         contiki-sky.a(uip-ds6-route.o) (memb_init)
contiki-sky.a(frame802154.o)  contiki-sky.a(framer-802154.o) (frame802154_hdrlen)
contiki-sky.a(mac-sequence.o)
                              contiki-sky.a(contikimac.o) (mac_sequence_is_duplicate)
/usr/local/msp430/bin/../lib/gcc/msp430/4.7.0/mmpy-16/libgcc.a(_mulsi3.o)
                              contiki-sky.a(rpl-timers.o) (__mulsi3)
/usr/local/msp430/bin/../lib/gcc/msp430/4.7.0/mmpy-16/libgcc.a(_udivmod16.o)
                              contiki-sky.a(rpl-dag.o) (__udivhi3)
/usr/local/msp430/bin/../lib/gcc/msp430/4.7.0/mmpy-16/libgcc.a(_divmod16.o)
                              contiki-sky.a(sicslowpan.o) (__divhi3)
[...]
Memory Configuration

Name             Origin             Length             Attributes
sfr              0x00000000         0x00000010
peripheral_8bit  0x00000010         0x000000f0
peripheral_16bit 0x00000100         0x00000100
ram_mirror       0x00000200         0x00000800         xw
infomem          0x00001000         0x00000100
infob            0x00001000         0x00000080
infoa            0x00001080         0x00000080
ram              0x00001100         0x00002800         xw
rom              0x00004000         0x0000bfe0         xr
vectors          0x0000ffe0         0x00000020
bsl              0x00000000         0x00000000
infoc            0x00000000         0x00000000
infod            0x00000000         0x00000000
ram2             0x00000000         0x00000000         xw
usbram           0x00000000         0x00000000         xw
far_rom          0x00000000         0x00000000
*default*        0x00000000         0xffffffff

Linker script and memory map

LOAD /usr/local/msp430/bin/../lib/gcc/msp430/4.7.0/mmpy-16/crt0ivtbl16.o
LOAD example-ping6.co
LOAD obj_sky/contiki-sky-main.o
LOAD contiki-sky.a
LOAD /usr/local/msp430/bin/../lib/gcc/msp430/4.7.0/mmpy-16/libgcc.a
LOAD /usr/local/msp430/bin/../lib/gcc/msp430/4.7.0/../../../../msp430/lib/mmpy-16/libc.a
LOAD /usr/local/msp430/bin/../lib/gcc/msp430/4.7.0/mmpy-16/libgcc.a
LOAD /usr/local/msp430/bin/../lib/gcc/msp430/4.7.0/mmpy-16/libcrt0.a
                0x00000080                PROVIDE (__info_segment_size, 0x80)
                0x00001000                PROVIDE (__infob, 0x1000)
                0x00001080                PROVIDE (__infoa, 0x1080)
                0x00000000                __IE1 = 0x0
                0x00000002                __IFG1 = 0x2
                0x00000004                __ME1 = 0x4
                0x00000001                __IE2 = 0x1
                0x00000003                __IFG2 = 0x3
                0x00000005                __ME2 = 0x5
                0x00000120                __WDTCTL = 0x120
                0x00000130                __MPY = 0x130
                0x00000132                __MPYS = 0x132
                0x00000134                __MAC = 0x134
                0x00000136                __MACS = 0x136
                0x00000138                __OP2 = 0x138
                0x0000013a                __RESLO = 0x13a
                0x0000013c                __RESHI = 0x13c
                0x0000013e                __SUMEXT = 0x13e
                0x00000020                __P1IN = 0x20
                0x00000021                __P1OUT = 0x21
                0x00000022                __P1DIR = 0x22
                0x00000023                __P1IFG = 0x23
                0x00000024                __P1IES = 0x24
                0x00000025                __P1IE = 0x25
                0x00000026                __P1SEL = 0x26
                0x00000028                __P2IN = 0x28
                0x00000029                __P2OUT = 0x29
                0x0000002a                __P2DIR = 0x2a
                0x0000002b                __P2IFG = 0x2b
                0x0000002c                __P2IES = 0x2c
                0x0000002d                __P2IE = 0x2d
                0x0000002e                __P2SEL = 0x2e
                0x00000018                __P3IN = 0x18
                0x00000019                __P3OUT = 0x19
                0x0000001a                __P3DIR = 0x1a
                0x0000001b                __P3SEL = 0x1b
                0x0000001c                __P4IN = 0x1c
                0x0000001d                __P4OUT = 0x1d
                0x0000001e                __P4DIR = 0x1e
                0x0000001f                __P4SEL = 0x1f
                0x00000030                __P5IN = 0x30
                0x00000031                __P5OUT = 0x31
                0x00000032                __P5DIR = 0x32
                0x00000033                __P5SEL = 0x33
                0x00000034                __P6IN = 0x34
                0x00000035                __P6OUT = 0x35
                0x00000036                __P6DIR = 0x36
                0x00000037                __P6SEL = 0x37
                0x00000070                __U0CTL = 0x70
                0x00000071                __U0TCTL = 0x71
                0x00000072                __U0RCTL = 0x72
                0x00000073                __U0MCTL = 0x73
                0x00000074                __U0BR0 = 0x74
                0x00000075                __U0BR1 = 0x75
                0x00000076                __U0RXBUF = 0x76
                0x00000077                __U0TXBUF = 0x77
                0x00000078                __U1CTL = 0x78
                0x00000079                __U1TCTL = 0x79
                0x0000007a                __U1RCTL = 0x7a
                0x0000007b                __U1MCTL = 0x7b
                0x0000007c                __U1BR0 = 0x7c
                0x0000007d                __U1BR1 = 0x7d
                0x0000007e                __U1RXBUF = 0x7e
                0x0000007f                __U1TXBUF = 0x7f
                0x00000050                __I2CIE = 0x50
                0x00000051                __I2CIFG = 0x51
                0x00000052                __I2CNDAT = 0x52
                0x00000071                __I2CTCTL = 0x71
                0x00000072                __I2CDCTL = 0x72
                0x00000073                __I2CPSC = 0x73
                0x00000074                __I2CSCLH = 0x74
                0x00000075                __I2CSCLL = 0x75
                0x00000076                __I2CDRB = 0x76
                0x00000076                __I2CDRW = 0x76
                0x00000118                __I2COA = 0x118
                0x0000011a                __I2CSA = 0x11a
                0x0000011c                __I2CIV = 0x11c
                0x0000012e                __TAIV = 0x12e
                0x00000160                __TACTL = 0x160
                0x00000162                __TACCTL0 = 0x162
                0x00000164                __TACCTL1 = 0x164
                0x00000166                __TACCTL2 = 0x166
                0x00000170                __TAR = 0x170
                0x00000172                __TACCR0 = 0x172
                0x00000174                __TACCR1 = 0x174
                0x00000176                __TACCR2 = 0x176
                0x0000011e                __TBIV = 0x11e
                0x00000180                __TBCTL = 0x180
                0x00000182                __TBCCTL0 = 0x182
                0x00000184                __TBCCTL1 = 0x184
                0x00000186                __TBCCTL2 = 0x186
                0x00000188                __TBCCTL3 = 0x188
                0x0000018a                __TBCCTL4 = 0x18a
                0x0000018c                __TBCCTL5 = 0x18c
                0x0000018e                __TBCCTL6 = 0x18e
                0x00000190                __TBR = 0x190
                0x00000192                __TBCCR0 = 0x192
                0x00000194                __TBCCR1 = 0x194
                0x00000196                __TBCCR2 = 0x196
                0x00000198                __TBCCR3 = 0x198
                0x0000019a                __TBCCR4 = 0x19a
                0x0000019c                __TBCCR5 = 0x19c
                0x0000019e                __TBCCR6 = 0x19e
                0x00000056                __DCOCTL = 0x56
                0x00000057                __BCSCTL1 = 0x57
                0x00000058                __BCSCTL2 = 0x58
                0x00000055                __SVSCTL = 0x55
                0x00000128                __FCTL1 = 0x128
                0x0000012a                __FCTL2 = 0x12a
                0x0000012c                __FCTL3 = 0x12c
                0x00000059                __CACTL1 = 0x59
                0x0000005a                __CACTL2 = 0x5a
                0x0000005b                __CAPD = 0x5b
                0x000001a0                __ADC12CTL0 = 0x1a0
                0x000001a2                __ADC12CTL1 = 0x1a2
                0x000001a4                __ADC12IFG = 0x1a4
                0x000001a6                __ADC12IE = 0x1a6
                0x000001a8                __ADC12IV = 0x1a8
                0x00000140                __ADC12MEM0 = 0x140
                0x00000142                __ADC12MEM1 = 0x142
                0x00000144                __ADC12MEM2 = 0x144
                0x00000146                __ADC12MEM3 = 0x146
                0x00000148                __ADC12MEM4 = 0x148
                0x0000014a                __ADC12MEM5 = 0x14a
                0x0000014c                __ADC12MEM6 = 0x14c
                0x0000014e                __ADC12MEM7 = 0x14e
                0x00000150                __ADC12MEM8 = 0x150
                0x00000152                __ADC12MEM9 = 0x152
                0x00000154                __ADC12MEM10 = 0x154
                0x00000156                __ADC12MEM11 = 0x156
                0x00000158                __ADC12MEM12 = 0x158
                0x0000015a                __ADC12MEM13 = 0x15a
                0x0000015c                __ADC12MEM14 = 0x15c
                0x0000015e                __ADC12MEM15 = 0x15e
                0x00000080                __ADC12MCTL0 = 0x80
                0x00000081                __ADC12MCTL1 = 0x81
                0x00000082                __ADC12MCTL2 = 0x82
                0x00000083                __ADC12MCTL3 = 0x83
                0x00000084                __ADC12MCTL4 = 0x84
                0x00000085                __ADC12MCTL5 = 0x85
                0x00000086                __ADC12MCTL6 = 0x86
                0x00000087                __ADC12MCTL7 = 0x87
                0x00000088                __ADC12MCTL8 = 0x88
                0x00000089                __ADC12MCTL9 = 0x89
                0x0000008a                __ADC12MCTL10 = 0x8a
                0x0000008b                __ADC12MCTL11 = 0x8b
                0x0000008c                __ADC12MCTL12 = 0x8c
                0x0000008d                __ADC12MCTL13 = 0x8d
                0x0000008e                __ADC12MCTL14 = 0x8e
                0x0000008f                __ADC12MCTL15 = 0x8f
                0x000001c0                __DAC12_0CTL = 0x1c0
                0x000001c2                __DAC12_1CTL = 0x1c2
                0x000001c8                __DAC12_0DAT = 0x1c8
                0x000001ca                __DAC12_1DAT = 0x1ca
                0x00000122                __DMACTL0 = 0x122
                0x00000124                __DMACTL1 = 0x124
                0x000001e0                __DMA0CTL = 0x1e0
                0x000001e8                __DMA1CTL = 0x1e8
                0x000001f0                __DMA2CTL = 0x1f0
                0x000001e2                __DMA0SA = 0x1e2
                0x000001e4                __DMA0DA = 0x1e4
                0x000001e6                __DMA0SZ = 0x1e6
                0x000001ea                __DMA1SA = 0x1ea
                0x000001ec                __DMA1DA = 0x1ec
                0x000001ee                __DMA1SZ = 0x1ee
                0x000001f2                __DMA2SA = 0x1f2
                0x000001f4                __DMA2DA = 0x1f4
                0x000001f6                __DMA2SZ = 0x1f6

.hash
 *(.hash)

.dynsym
 *(.dynsym)

.dynstr
 *(.dynstr)

.gnu.version
 *(.gnu.version)

.gnu.version_d
 *(.gnu.version_d)

.gnu.version_r
 *(.gnu.version_r)

.rel.init
 *(.rel.init)

.rela.init
 *(.rela.init)

.rel.fini
 *(.rel.fini)

.rela.fini
 *(.rela.fini)

.rel.text
 *(.rel.text .rel.text.* .rel.gnu.linkonce.t.*)

.rela.text
 *(.rela.text .rela.text.* .rela.gnu.linkonce.t.*)

.rel.rodata
 *(.rel.rodata .rel.rodata.* .rel.gnu.linkonce.r.*)

.rela.rodata
 *(.rela.rodata .rela.rodata.* .rela.gnu.linkonce.r.*)

.rel.data
 *(.rel.data .rel.data.* .rel.gnu.linkonce.d.*)

.rela.data
 *(.rela.data .rela.data.* .rela.gnu.linkonce.d.*)

.rel.bss
 *(.rel.bss .rel.bss.* .rel.gnu.linkonce.b.*)

.rela.bss
 *(.rela.bss .rela.bss.* .rela.gnu.linkonce.b.*)

.rel.ctors
 *(.rel.ctors)

.rela.ctors
 *(.rela.ctors)

.rel.dtors
 *(.rel.dtors)

.rela.dtors
 *(.rela.dtors)

.rel.got
 *(.rel.got)

.rela.got
 *(.rela.got)

.rel.plt
 *(.rel.plt)

.rela.plt
 *(.rela.plt)

.text           0x00004000     0xa47a
                0x00004000                . = ALIGN (0x2)
 *(.init .init.*)
 *(.init0)
 .init0         0x00004000        0x0 /usr/local/msp430/bin/../lib/gcc/msp430/4.7.0/mmpy-16/libcrt0.a(_reset_vector__.o)
                0x00004000                _reset_vector__
 *(.init1)
 .init1         0x00004000        0xc /usr/local/msp430/bin/../lib/gcc/msp430/4.7.0/mmpy-16/libcrt0.a(__watchdog_support.o)
                0x00004000                __watchdog_support
 *(.init2)
 .init2         0x0000400c        0x4 /usr/local/msp430/bin/../lib/gcc/msp430/4.7.0/mmpy-16/libcrt0.a(__init_stack.o)
                0x0000400c                __init_stack
 *(.init3)
 .init3         0x00004010        0x0 /usr/local/msp430/bin/../lib/gcc/msp430/4.7.0/mmpy-16/libcrt0.a(__low_level_init.o)
                0x00004010                __low_level_init
 *(.init4)
 .init4         0x00004010       0x18 /usr/local/msp430/bin/../lib/gcc/msp430/4.7.0/mmpy-16/libcrt0.a(_copy_data.o)
                0x00004010                __do_copy_data
 .init4         0x00004028       0x16 /usr/local/msp430/bin/../lib/gcc/msp430/4.7.0/mmpy-16/libcrt0.a(_clear_bss.o)
                0x00004028                __do_clear_bss
 *(.init5)
 *(.init6)
 *(.init7)
 *(.init8)
 *(.init9)
 .init9         0x0000403e      0x2d6 obj_sky/contiki-sky-main.o
                0x0000403e                main
 *(.fini9)
 .fini9         0x00004314        0x0 /usr/local/msp430/bin/../lib/gcc/msp430/4.7.0/mmpy-16/libcrt0.a(__stop_progExec__.o)
                0x00004314                __stop_progExec__
 *(.fini8)
 *(.fini7)
 *(.fini6)
 *(.fini5)
 *(.fini4)
 *(.fini3)
 *(.fini2)
 *(.fini1)
 *(.fini0)
 .fini0         0x00004314        0x6 /usr/local/msp430/bin/../lib/gcc/msp430/4.7.0/mmpy-16/libcrt0.a(_endless_loop__.o)
                0x00004314                _endless_loop__
 *(.fini .fini.*)
                0x0000431a                . = ALIGN (0x2)
                0x0000431a                __ctors_start = .
 *(.ctors)
                0x0000431a                __ctors_end = .
                0x0000431a                __dtors_start = .
 *(.dtors)
                0x0000431a                __dtors_end = .
                0x0000431a                . = ALIGN (0x2)
 *(.text .text.* .gnu.linkonce.t.*)
 .text          0x0000431a        0x4 /usr/local/msp430/bin/../lib/gcc/msp430/4.7.0/mmpy-16/crt0ivtbl16.o
                0x0000431a                __isr_14
                0x0000431a                __isr_11
                0x0000431a                __isr_2
                0x0000431a                __isr_7
                0x0000431a                __isr_0
                0x0000431a                __isr_8
                0x0000431a                __isr_3
                0x0000431a                __isr_12
                0x0000431a                __isr_13
                0x0000431a                __isr_9
 .text.start_network_layer
                0x0000431e       0xa2 obj_sky/contiki-sky-main.o
 .text.process_thread_ping6_process
                0x000043c0      0x1fe contiki-sky.a(ping6.o)
 .text.init_platform
                0x000045be        0xc contiki-sky.a(contiki-sky-pla)
                0x000045be                init_platform
 .text.status   0x000045ca       0x18 contiki-sky.a(button-sensor.o)
 .text.value    0x000045e2       0x20 contiki-sky.a(button-sensor.o)
 .text.configure
                0x00004602       0x4c contiki-sky.a(button-sensor.o)
 .text.irq_p2   0x0000464e       0x88 contiki-sky.a(button-sensor.o)
                0x0000464e                irq_p2
                0x0000464e                __isr_1
 .text.owreadb  0x000046d6       0x50 contiki-sky.a(ds2411.o)
 .text.ds2411_init
                0x00004726      0x120 contiki-sky.a(ds2411.o)
                0x00004726                ds2411_init
 .text.wait_ready
                0x00004846       0x4a contiki-sky.a(xmem.o)
 .text.xmem_init
                0x00004890       0x3c contiki-sky.a(xmem.o)
                0x00004890                xmem_init
 .text.xmem_pread
                0x000048cc       0xe0 contiki-sky.a(xmem.o)
                0x000048cc                xmem_pread
 .text.node_id_restore
                0x000049ac       0x38 contiki-sky.a(node-id.o)
                0x000049ac                node_id_restore
 .text.process_thread_sensors_process
                0x000049e4       0xc2 contiki-sky.a(sensors.o)
 .text.sensors_changed
                0x00004aa6       0x2a contiki-sky.a(sensors.o)
                0x00004aa6                sensors_changed
 .text.get_object
                0x00004ad0        0x4 contiki-sky.a(cc2420.o)
 .text.set_object
                0x00004ad4        0x4 contiki-sky.a(cc2420.o)
 .text.strobe   0x00004ad8       0x1c contiki-sky.a(cc2420.o)
 .text.getreg   0x00004af4       0x4c contiki-sky.a(cc2420.o)
 .text.setreg   0x00004b40       0x4c contiki-sky.a(cc2420.o)
 .text.write_ram
                0x00004b8c       0x7c contiki-sky.a(cc2420.o)
 .text.write_fifo_buf
                0x00004c08       0x3c contiki-sky.a(cc2420.o)
 .text.get_status
                0x00004c44       0x20 contiki-sky.a(cc2420.o)
 .text.set_txpower
                0x00004c64       0x24 contiki-sky.a(cc2420.o)
 .text.cc2420_receiving_packet
                0x00004c88        0xc contiki-sky.a(cc2420.o)
 .text.pending_packet
                0x00004c94        0x8 contiki-sky.a(cc2420.o)
 .text.on       0x00004c9c       0x1e contiki-sky.a(cc2420.o)
 .text.wait_for_transmission
                0x00004cba       0x22 contiki-sky.a(cc2420.o)
 .text.wait_for_status
                0x00004cdc       0x28 contiki-sky.a(cc2420.o)
 .text.getrxdata
                0x00004d04       0x50 contiki-sky.a(cc2420.o)
 .text.flushrx  0x00004d54       0x1a contiki-sky.a(cc2420.o)
 .text.off      0x00004d6e       0x56 contiki-sky.a(cc2420.o)
 .text.RELEASE_LOCK
                0x00004dc4       0x28 contiki-sky.a(cc2420.o)
 .text.set_key  0x00004dec       0x18 contiki-sky.a(cc2420.o)
 .text.cc2420_prepare
                0x00004e04       0x3c contiki-sky.a(cc2420.o)
 .text.cc2420_on
                0x00004e40       0x22 contiki-sky.a(cc2420.o)
                0x00004e40                cc2420_on
 .text.cc2420_off
                0x00004e62       0x30 contiki-sky.a(cc2420.o)
                0x00004e62                cc2420_off
 .text.cc2420_cca
                0x00004e92       0x68 contiki-sky.a(cc2420.o)
 .text.cc2420_read
                0x00004efa       0xac contiki-sky.a(cc2420.o)
 .text.process_thread_cc2420_process
                0x00004fa6       0x54 contiki-sky.a(cc2420.o)
 .text.encrypt  0x00004ffa       0x88 contiki-sky.a(cc2420.o)
 .text.cc2420_set_channel
                0x00005082       0x3c contiki-sky.a(cc2420.o)
                0x00005082                cc2420_set_channel
 .text.cc2420_set_pan_addr
                0x000050be       0x4c contiki-sky.a(cc2420.o)
                0x000050be                cc2420_set_pan_addr
 .text.cc2420_interrupt
                0x0000510a       0x16 contiki-sky.a(cc2420.o)
                0x0000510a                cc2420_interrupt
 .text.cc2420_set_txpower
                0x00005120        0xe contiki-sky.a(cc2420.o)
                0x00005120                cc2420_set_txpower
 .text.set_value
                0x0000512e       0x74 contiki-sky.a(cc2420.o)
 .text.cc2420_get_txpower
                0x000051a2       0x1e contiki-sky.a(cc2420.o)
                0x000051a2                cc2420_get_txpower
 .text.cc2420_transmit
                0x000051c0      0x12c contiki-sky.a(cc2420.o)
 .text.cc2420_send
                0x000052ec       0x12 contiki-sky.a(cc2420.o)
 .text.cc2420_rssi
                0x000052fe       0x4c contiki-sky.a(cc2420.o)
                0x000052fe                cc2420_rssi
 .text.get_value
                0x0000534a       0x86 contiki-sky.a(cc2420.o)
 .text.cc2420_set_cca_threshold
                0x000053d0       0x16 contiki-sky.a(cc2420.o)
                0x000053d0                cc2420_set_cca_threshold
 .text.cc2420_init
                0x000053e6       0xd8 contiki-sky.a(cc2420.o)
                0x000053e6                cc2420_init
 .text.cc2420_port1_interrupt
                0x000054be       0x62 contiki-sky.a(cc2420-arch.o)
                0x000054be                __isr_4
                0x000054be                cc2420_port1_interrupt
 .text.cc2420_arch_init
                0x00005520       0x1a contiki-sky.a(cc2420-arch.o)
                0x00005520                cc2420_arch_init
 .text.uart1_active
                0x0000553a       0x18 contiki-sky.a(uart1.o)
                0x0000553a                uart1_active
 .text.uart1_writeb
                0x00005552       0x18 contiki-sky.a(uart1.o)
                0x00005552                uart1_writeb
 .text.uart1_init
                0x0000556a       0xf4 contiki-sky.a(uart1.o)
                0x0000556a                uart1_init
 .text.putchar  0x0000565e       0x10 contiki-sky.a(uart1-putchar.o)
                0x0000565e                putchar
 .text.msp430_init_dco
                0x0000566e       0x82 contiki-sky.a(msp430.o)
                0x0000566e                msp430_init_dco
 .text.msp430_add_lpm_req
                0x000056f0        0xc contiki-sky.a(msp430.o)
                0x000056f0                msp430_add_lpm_req
 .text.msp430_cpu_init
                0x000056fc       0x2a contiki-sky.a(msp430.o)
                0x000056fc                msp430_cpu_init
 .text.splhigh_
                0x00005726        0x8 contiki-sky.a(msp430.o)
                0x00005726                splhigh_
 .text.msp430_sync_dco
                0x0000572e       0x6c contiki-sky.a(msp430.o)
                0x0000572e                msp430_sync_dco
 .text.timera1  0x0000579a      0x11e contiki-sky.a(clock.o)
                0x0000579a                __isr_5
                0x0000579a                timera1
 .text.clock_time
                0x000058b8       0x1a contiki-sky.a(clock.o)
                0x000058b8                clock_time
 .text.clock_init
                0x000058d2       0x28 contiki-sky.a(clock.o)
                0x000058d2                clock_init
 .text.clock_delay
                0x000058fa        0xc contiki-sky.a(clock.o)
                0x000058fa                clock_delay
 .text.clock_seconds
                0x00005906       0x1a contiki-sky.a(clock.o)
                0x00005906                clock_seconds
 .text.show_leds
                0x00005920       0xf0 contiki-sky.a(leds.o)
 .text.leds_init
                0x00005a10        0xa contiki-sky.a(leds.o)
                0x00005a10                leds_init
 .text.leds_on  0x00005a1a        0xa contiki-sky.a(leds.o)
                0x00005a1a                leds_on
 .text.leds_off
                0x00005a24        0xe contiki-sky.a(leds.o)
                0x00005a24                leds_off
 .text.leds_arch_init
                0x00005a32        0xe contiki-sky.a(leds-arch.o)
                0x00005a32                leds_arch_init
 .text.leds_arch_set
                0x00005a40       0x38 contiki-sky.a(leds-arch.o)
                0x00005a40                leds_arch_set
 .text.watchdog_interrupt
                0x00005a78        0x6 contiki-sky.a(watchdog.o)
                0x00005a78                __isr_10
                0x00005a78                watchdog_interrupt
 .text.watchdog_start
                0x00005a7e       0x14 contiki-sky.a(watchdog.o)
                0x00005a7e                watchdog_start
 .text.watchdog_periodic
                0x00005a92       0x12 contiki-sky.a(watchdog.o)
                0x00005a92                watchdog_periodic
 .text.watchdog_stop
                0x00005aa4       0x16 contiki-sky.a(watchdog.o)
                0x00005aa4                watchdog_stop
 .text.watchdog_init
                0x00005aba       0x12 contiki-sky.a(watchdog.o)
                0x00005aba                watchdog_init
 .text.rtimer_arch_init
                0x00005acc        0xe contiki-sky.a(rtimer-arch.o)
                0x00005acc                rtimer_arch_init
 .text.rtimer_arch_now
                0x00005ada        0xe contiki-sky.a(rtimer-arch.o)
                0x00005ada                rtimer_arch_now
 .text.timera0  0x00005ae8       0x70 contiki-sky.a(rtimer-arch.o)
                0x00005ae8                __isr_6
                0x00005ae8                timera0
 .text.rtimer_arch_schedule
                0x00005b58        0x6 contiki-sky.a(rtimer-arch.o)
                0x00005b58                rtimer_arch_schedule
 .text.autostart_start
                0x00005b5e       0x16 contiki-sky.a(autostart.o)
                0x00005b5e                autostart_start
 .text.process_thread_ctimer_process
                0x00005b74       0xa8 contiki-sky.a(ctimer.o)
 .text.ctimer_init
                0x00005c1c       0x18 contiki-sky.a(ctimer.o)
                0x00005c1c                ctimer_init
 .text.ctimer_set
                0x00005c34       0x50 contiki-sky.a(ctimer.o)
                0x00005c34                ctimer_set
 .text.ctimer_reset
                0x00005c84       0x30 contiki-sky.a(ctimer.o)
                0x00005c84                ctimer_reset
 .text.ctimer_stop
                0x00005cb4       0x28 contiki-sky.a(ctimer.o)
                0x00005cb4                ctimer_stop
 .text.energest_init
                0x00005cdc       0x26 contiki-sky.a(energest.o)
                0x00005cdc                energest_init
 .text.energest_type_time
                0x00005d02       0x48 contiki-sky.a(energest.o)
                0x00005d02                energest_type_time
 .text.energest_type_set
                0x00005d4a        0xe contiki-sky.a(energest.o)
                0x00005d4a                energest_type_set
 .text.energest_flush
                0x00005d58       0x48 contiki-sky.a(energest.o)
                0x00005d58                energest_flush
 .text.update_time
                0x00005da0       0x78 contiki-sky.a(etimer.o)
 .text.etimer_request_poll
                0x00005e18        0xa contiki-sky.a(etimer.o)
                0x00005e18                etimer_request_poll
 .text.process_thread_etimer_process
                0x00005e22       0xcc contiki-sky.a(etimer.o)
 .text.add_timer
                0x00005eee       0x40 contiki-sky.a(etimer.o)
 .text.etimer_set
                0x00005f2e       0x12 contiki-sky.a(etimer.o)
                0x00005f2e                etimer_set
 .text.etimer_reset
                0x00005f40       0x12 contiki-sky.a(etimer.o)
                0x00005f40                etimer_reset
 .text.etimer_restart
                0x00005f52       0x12 contiki-sky.a(etimer.o)
                0x00005f52                etimer_restart
 .text.etimer_expired
                0x00005f64        0xe contiki-sky.a(etimer.o)
                0x00005f64                etimer_expired
 .text.etimer_expiration_time
                0x00005f72       0x14 contiki-sky.a(etimer.o)
                0x00005f72                etimer_expiration_time
 .text.etimer_pending
                0x00005f86        0xc contiki-sky.a(etimer.o)
                0x00005f86                etimer_pending
 .text.etimer_next_expiration_time
                0x00005f92       0x16 contiki-sky.a(etimer.o)
                0x00005f92                etimer_next_expiration_time
 .text.etimer_stop
                0x00005fa8       0x3e contiki-sky.a(etimer.o)
                0x00005fa8                etimer_stop
 .text.call_process
                0x00005fe6       0x46 contiki-sky.a(process.o)
 .text.exit_process
                0x0000602c       0x96 contiki-sky.a(process.o)
 .text.do_poll  0x000060c2       0x30 contiki-sky.a(process.o)
 .text.process_alloc_event
                0x000060f2        0xe contiki-sky.a(process.o)
                0x000060f2                process_alloc_event
 .text.process_init
                0x00006100       0x1c contiki-sky.a(process.o)
                0x00006100                process_init
 .text.process_run
                0x0000611c       0xa2 contiki-sky.a(process.o)
                0x0000611c                process_run
 .text.process_nevents
                0x000061be        0xe contiki-sky.a(process.o)
                0x000061be                process_nevents
 .text.process_post
                0x000061cc       0x54 contiki-sky.a(process.o)
                0x000061cc                process_post
 .text.process_post_synch
                0x00006220       0x12 contiki-sky.a(process.o)
                0x00006220                process_post_synch
 .text.process_start
                0x00006232       0x36 contiki-sky.a(process.o)
                0x00006232                process_start
 .text.process_poll
                0x00006268       0x18 contiki-sky.a(process.o)
                0x00006268                process_poll
 .text.rtimer_init
                0x00006280        0x6 contiki-sky.a(rtimer.o)
                0x00006280                rtimer_init
 .text.rtimer_set
                0x00006286       0x24 contiki-sky.a(rtimer.o)
                0x00006286                rtimer_set
 .text.rtimer_run_next
                0x000062aa       0x26 contiki-sky.a(rtimer.o)
                0x000062aa                rtimer_run_next
 .text.rtimer_reset
                0x000062d0       0x18 contiki-sky.a(rtimer.o)
                0x000062d0                rtimer_reset
 .text.timer_set
                0x000062e8       0x1c contiki-sky.a(timer.o)
                0x000062e8                timer_set
 .text.timer_reset
                0x00006304        0xe contiki-sky.a(timer.o)
                0x00006304                timer_reset
 .text.timer_restart
                0x00006312       0x14 contiki-sky.a(timer.o)
                0x00006312                timer_restart
 .text.timer_expired
                0x00006326       0x2a contiki-sky.a(timer.o)
                0x00006326                timer_expired
 .text.list_init
                0x00006350        0x6 contiki-sky.a(list.o)
                0x00006350                list_init
 .text.list_head
                0x00006356        0x4 contiki-sky.a(list.o)
                0x00006356                list_head
 .text.list_tail
                0x0000635a       0x12 contiki-sky.a(list.o)
                0x0000635a                list_tail
 .text.list_remove
                0x0000636c       0x34 contiki-sky.a(list.o)
                0x0000636c                list_remove
 .text.list_push
                0x000063a0       0x1a contiki-sky.a(list.o)
                0x000063a0                list_push
 .text.list_add
                0x000063ba       0x2a contiki-sky.a(list.o)
                0x000063ba                list_add
 .text.list_length
                0x000063e4       0x10 contiki-sky.a(list.o)
                0x000063e4                list_length
 .text.list_item_next
                0x000063f4        0xc contiki-sky.a(list.o)
                0x000063f4                list_item_next
 .text.random_init
                0x00006400        0x6 contiki-sky.a(random.o)
                0x00006400                random_init
 .text.random_rand
                0x00006406        0x6 contiki-sky.a(random.o)
                0x00006406                random_rand
 .text.set_packet_attrs
                0x0000640c       0x46 contiki-sky.a(sicslowpan.o)
 .text.addr_context_lookup_by_number
                0x00006452       0x32 contiki-sky.a(sicslowpan.o)
 .text.compress_addr_64
                0x00006484       0xae contiki-sky.a(sicslowpan.o)
 .text.uncompress_addr
                0x00006532       0xb4 contiki-sky.a(sicslowpan.o)
 .text.input    0x000065e6      0x64e contiki-sky.a(sicslowpan.o)
 .text.sicslowpan_init
                0x00006c34       0x26 contiki-sky.a(sicslowpan.o)
                0x00006c34                sicslowpan_init
 .text.addr_context_lookup_by_prefix
                0x00006c5a       0x4c contiki-sky.a(sicslowpan.o)
 .text.packet_sent
                0x00006ca6       0x22 contiki-sky.a(sicslowpan.o)
 .text.send_packet
                0x00006cc8       0x1a contiki-sky.a(sicslowpan.o)
 .text.output   0x00006ce2      0x6ec contiki-sky.a(sicslowpan.o)
 .text.chksum   0x000073ce       0x32 contiki-sky.a(uip6.o)
 .text.upper_layer_chksum
                0x00007400       0x56 contiki-sky.a(uip6.o)
 .text.ext_hdr_options_process
                0x00007456       0xd0 contiki-sky.a(uip6.o)
 .text.uip_add32
                0x00007526       0x68 contiki-sky.a(uip6.o)
                0x00007526                uip_add32
 .text.uip_add_rcv_nxt
                0x0000758e       0x2e contiki-sky.a(uip6.o)
 .text.uip_icmp6chksum
                0x000075bc        0xa contiki-sky.a(uip6.o)
                0x000075bc                uip_icmp6chksum
 .text.uip_tcpchksum
                0x000075c6        0xa contiki-sky.a(uip6.o)
                0x000075c6                uip_tcpchksum
 .text.uip_udpchksum
                0x000075d0        0xa contiki-sky.a(uip6.o)
                0x000075d0                uip_udpchksum
 .text.uip_init
                0x000075da       0x7a contiki-sky.a(uip6.o)
                0x000075da                uip_init
 .text.remove_ext_hdr
                0x00007654       0x58 contiki-sky.a(uip6.o)
                0x00007654                remove_ext_hdr
 .text.uip_unlisten
                0x000076ac       0x2a contiki-sky.a(uip6.o)
                0x000076ac                uip_unlisten
 .text.uip_process
                0x000076d6      0xe8e contiki-sky.a(uip6.o)
                0x000076d6                uip_process
 .text.uip_htonl
                0x00008564       0x2e contiki-sky.a(uip6.o)
                0x00008564                uip_htonl
 .text.uip_ds6_list_loop
                0x00008592       0x86 contiki-sky.a(uip-ds6.o)
                0x00008592                uip_ds6_list_loop
 .text.uip_ds6_prefix_add
                0x00008618       0x80 contiki-sky.a(uip-ds6.o)
                0x00008618                uip_ds6_prefix_add
 .text.uip_ds6_is_addr_onlink
                0x00008698       0x54 contiki-sky.a(uip-ds6.o)
                0x00008698                uip_ds6_is_addr_onlink
 .text.uip_ds6_addr_lookup
                0x000086ec       0x2a contiki-sky.a(uip-ds6.o)
                0x000086ec                uip_ds6_addr_lookup
 .text.uip_ds6_get_link_local
                0x00008716       0x3e contiki-sky.a(uip-ds6.o)
                0x00008716                uip_ds6_get_link_local
 .text.uip_ds6_maddr_add
                0x00008754       0x4c contiki-sky.a(uip-ds6.o)
                0x00008754                uip_ds6_maddr_add
 .text.uip_ds6_addr_add
                0x000087a0       0xc4 contiki-sky.a(uip-ds6.o)
                0x000087a0                uip_ds6_addr_add
 .text.uip_ds6_maddr_rm
                0x00008864        0xa contiki-sky.a(uip-ds6.o)
                0x00008864                uip_ds6_maddr_rm
 .text.uip_ds6_maddr_lookup
                0x0000886e       0x2a contiki-sky.a(uip-ds6.o)
                0x0000886e                uip_ds6_maddr_lookup
 .text.uip_ds6_addr_rm
                0x00008898       0x54 contiki-sky.a(uip-ds6.o)
                0x00008898                uip_ds6_addr_rm
 .text.uip_ds6_periodic
                0x000088ec       0x4a contiki-sky.a(uip-ds6.o)
                0x000088ec                uip_ds6_periodic
 .text.uip_ds6_set_addr_iid
                0x00008936       0x14 contiki-sky.a(uip-ds6.o)
                0x00008936                uip_ds6_set_addr_iid
 .text.get_match_length
                0x0000894a       0x44 contiki-sky.a(uip-ds6.o)
                0x0000894a                get_match_length
 .text.uip_ds6_select_src
                0x0000898e       0xaa contiki-sky.a(uip-ds6.o)
                0x0000898e                uip_ds6_select_src
 .text.uip_ds6_compute_reachable_time
                0x00008a38       0x3e contiki-sky.a(uip-ds6.o)
                0x00008a38                uip_ds6_compute_reachable_time
 .text.uip_ds6_init
                0x00008a76      0x154 contiki-sky.a(uip-ds6.o)
                0x00008a76                uip_ds6_init
 .text.uip_ds6_nbr_rm
                0x00008bca       0x1a contiki-sky.a(uip-ds6-nbr.o)
                0x00008bca                uip_ds6_nbr_rm
 .text.uip_ds6_neighbors_init
                0x00008be4        0xe contiki-sky.a(uip-ds6-nbr.o)
                0x00008be4                uip_ds6_neighbors_init
 .text.uip_ds6_nbr_add
                0x00008bf2       0x60 contiki-sky.a(uip-ds6-nbr.o)
                0x00008bf2                uip_ds6_nbr_add
 .text.uip_ds6_nbr_get_ll
                0x00008c52        0xc contiki-sky.a(uip-ds6-nbr.o)
                0x00008c52                uip_ds6_nbr_get_ll
 .text.uip_ds6_nbr_lookup
                0x00008c5e       0x42 contiki-sky.a(uip-ds6-nbr.o)
                0x00008c5e                uip_ds6_nbr_lookup
 .text.uip_ds6_nbr_ll_lookup
                0x00008ca0        0xc contiki-sky.a(uip-ds6-nbr.o)
                0x00008ca0                uip_ds6_nbr_ll_lookup
 .text.uip_ds6_nbr_ipaddr_from_lladdr
                0x00008cac        0x6 contiki-sky.a(uip-ds6-nbr.o)
                0x00008cac                uip_ds6_nbr_ipaddr_from_lladdr
 .text.uip_ds6_nbr_lladdr_from_ipaddr
                0x00008cb2       0x12 contiki-sky.a(uip-ds6-nbr.o)
                0x00008cb2                uip_ds6_nbr_lladdr_from_ipaddr
 .text.uip_ds6_link_neighbor_callback
                0x00008cc4       0x2a contiki-sky.a(uip-ds6-nbr.o)
                0x00008cc4                uip_ds6_link_neighbor_callback
 .text.uip_ds6_neighbor_periodic
                0x00008cee       0x60 contiki-sky.a(uip-ds6-nbr.o)
                0x00008cee                uip_ds6_neighbor_periodic
 .text.call_route_callback
                0x00008d4e       0x4c contiki-sky.a(uip-ds6-route.o)
 .text.uip_ds6_route_init
                0x00008d9a       0x36 contiki-sky.a(uip-ds6-route.o)
                0x00008d9a                uip_ds6_route_init
 .text.uip_ds6_route_nexthop
                0x00008dd0       0x1a contiki-sky.a(uip-ds6-route.o)
                0x00008dd0                uip_ds6_route_nexthop
 .text.uip_ds6_route_head
                0x00008dea        0xa contiki-sky.a(uip-ds6-route.o)
                0x00008dea                uip_ds6_route_head
 .text.uip_ds6_route_next
                0x00008df4        0xe contiki-sky.a(uip-ds6-route.o)
                0x00008df4                uip_ds6_route_next
 .text.uip_ds6_route_lookup
                0x00008e02       0x8c contiki-sky.a(uip-ds6-route.o)
                0x00008e02                uip_ds6_route_lookup
 .text.uip_ds6_route_rm
                0x00008e8e       0xa6 contiki-sky.a(uip-ds6-route.o)
                0x00008e8e                uip_ds6_route_rm
 .text.rm_routelist
                0x00008f34       0x34 contiki-sky.a(uip-ds6-route.o)
 .text.rm_routelist_callback
                0x00008f68        0x6 contiki-sky.a(uip-ds6-route.o)
 .text.uip_ds6_route_add
                0x00008f6e      0x108 contiki-sky.a(uip-ds6-route.o)
                0x00008f6e                uip_ds6_route_add
 .text.uip_ds6_defrt_rm
                0x00009076       0x48 contiki-sky.a(uip-ds6-route.o)
                0x00009076                uip_ds6_defrt_rm
 .text.uip_ds6_defrt_lookup
                0x000090be       0x36 contiki-sky.a(uip-ds6-route.o)
                0x000090be                uip_ds6_defrt_lookup
 .text.uip_ds6_defrt_add
                0x000090f4       0x74 contiki-sky.a(uip-ds6-route.o)
                0x000090f4                uip_ds6_defrt_add
 .text.uip_ds6_defrt_choose
                0x00009168       0x3a contiki-sky.a(uip-ds6-route.o)
                0x00009168                uip_ds6_defrt_choose
 .text.uip_ds6_defrt_periodic
                0x000091a2       0x38 contiki-sky.a(uip-ds6-route.o)
                0x000091a2                uip_ds6_defrt_periodic
 .text.echo_reply_input
                0x000091da      0x110 contiki-sky.a(uip-icmp6.o)
 .text.echo_request_input
                0x000092ea      0x12c contiki-sky.a(uip-icmp6.o)
 .text.uip_icmp6_input
                0x00009416       0x48 contiki-sky.a(uip-icmp6.o)
                0x00009416                uip_icmp6_input
 .text.uip_icmp6_register_input_handler
                0x0000945e        0xc contiki-sky.a(uip-icmp6.o)
                0x0000945e                uip_icmp6_register_input_handler
 .text.uip_icmp6_error_output
                0x0000946a      0x17e contiki-sky.a(uip-icmp6.o)
                0x0000946a                uip_icmp6_error_output
 .text.uip_icmp6_send
                0x000095e8       0x94 contiki-sky.a(uip-icmp6.o)
                0x000095e8                uip_icmp6_send
 .text.uip_icmp6_init
                0x0000967c       0x12 contiki-sky.a(uip-icmp6.o)
                0x0000967c                uip_icmp6_init
 .text.uip_nd6_init
                0x0000968e        0x2 contiki-sky.a(uip-nd6.o)
                0x0000968e                uip_nd6_init
 .text.start_periodic_tcp_timer
                0x00009690       0x16 contiki-sky.a(tcpip.o)
 .text.tcpip_output
                0x000096a6       0x10 contiki-sky.a(tcpip.o)
                0x000096a6                tcpip_output
 .text.tcpip_set_outputfunc
                0x000096b6        0x6 contiki-sky.a(tcpip.o)
                0x000096b6                tcpip_set_outputfunc
 .text.tcpip_input
                0x000096bc       0x16 contiki-sky.a(tcpip.o)
                0x000096bc                tcpip_input
 .text.tcpip_ipv6_output
                0x000096d2       0xd4 contiki-sky.a(tcpip.o)
                0x000096d2                tcpip_ipv6_output
 .text.process_thread_tcpip_process
                0x000097a6      0x1d4 contiki-sky.a(tcpip.o)
 .text.tcpip_uipcall
                0x0000997a       0x70 contiki-sky.a(tcpip.o)
                0x0000997a                tcpip_uipcall
 .text.uip_debug_ipaddr_print
                0x000099ea       0x7e contiki-sky.a(uip-debug.o)
                0x000099ea                uip_debug_ipaddr_print
 .text.rpl_get_mode
                0x00009a68        0x6 contiki-sky.a(rpl.o)
                0x00009a68                rpl_get_mode
 .text.rpl_purge_routes
                0x00009a6e       0x96 contiki-sky.a(rpl.o)
                0x00009a6e                rpl_purge_routes
 .text.rpl_remove_routes
                0x00009b04       0x22 contiki-sky.a(rpl.o)
                0x00009b04                rpl_remove_routes
 .text.rpl_remove_routes_by_nexthop
                0x00009b26       0x46 contiki-sky.a(rpl.o)
                0x00009b26                rpl_remove_routes_by_nexthop
 .text.rpl_add_route
                0x00009b6c       0x48 contiki-sky.a(rpl.o)
                0x00009b6c                rpl_add_route
 .text.rpl_link_neighbor_callback
                0x00009bb4       0x6a contiki-sky.a(rpl.o)
                0x00009bb4                rpl_link_neighbor_callback
 .text.rpl_ipv6_neighbor_callback
                0x00009c1e       0x1e contiki-sky.a(rpl.o)
                0x00009c1e                rpl_ipv6_neighbor_callback
 .text.rpl_init
                0x00009c3c       0x4a contiki-sky.a(rpl.o)
                0x00009c3c                rpl_init
 .text.lollipop_greater_than
                0x00009c86       0x3c contiki-sky.a(rpl-dag.o)
 .text.find_parent_any_dag_any_instance
                0x00009cc2       0x14 contiki-sky.a(rpl-dag.o)
 .text.rpl_set_preferred_parent
                0x00009cd6       0x30 contiki-sky.a(rpl-dag.o)
 .text.set_ip_from_prefix
                0x00009d06       0x38 contiki-sky.a(rpl-dag.o)
 .text.check_prefix
                0x00009d3e       0x80 contiki-sky.a(rpl-dag.o)
 .text.rpl_get_nbr
                0x00009dbe       0x1e contiki-sky.a(rpl-dag.o)
                0x00009dbe                rpl_get_nbr
 .text.rpl_dag_init
                0x00009ddc        0xe contiki-sky.a(rpl-dag.o)
                0x00009ddc                rpl_dag_init
 .text.rpl_get_parent
                0x00009dea        0xc contiki-sky.a(rpl-dag.o)
                0x00009dea                rpl_get_parent
 .text.rpl_get_parent_ipaddr
                0x00009df6       0x10 contiki-sky.a(rpl-dag.o)
                0x00009df6                rpl_get_parent_ipaddr
 .text.rpl_set_prefix
                0x00009e06       0x8e contiki-sky.a(rpl-dag.o)
                0x00009e06                rpl_set_prefix
 .text.rpl_set_default_route
                0x00009e94       0x64 contiki-sky.a(rpl-dag.o)
                0x00009e94                rpl_set_default_route
 .text.rpl_alloc_instance
                0x00009ef8       0x2c contiki-sky.a(rpl-dag.o)
                0x00009ef8                rpl_alloc_instance
 .text.rpl_add_parent
                0x00009f24       0x56 contiki-sky.a(rpl-dag.o)
                0x00009f24                rpl_add_parent
 .text.rpl_find_parent
                0x00009f7a       0x1c contiki-sky.a(rpl-dag.o)
                0x00009f7a                rpl_find_parent
 .text.rpl_find_parent_any_dag
                0x00009f96       0x24 contiki-sky.a(rpl-dag.o)
                0x00009f96                rpl_find_parent_any_dag
 .text.rpl_select_parent
                0x00009fba       0x62 contiki-sky.a(rpl-dag.o)
                0x00009fba                rpl_select_parent
 .text.rpl_select_dag
                0x0000a01c      0x1ae contiki-sky.a(rpl-dag.o)
                0x0000a01c                rpl_select_dag
 .text.rpl_nullify_parent
                0x0000a1ca       0x4e contiki-sky.a(rpl-dag.o)
                0x0000a1ca                rpl_nullify_parent
 .text.rpl_remove_parent
                0x0000a218       0x16 contiki-sky.a(rpl-dag.o)
                0x0000a218                rpl_remove_parent
 .text.nbr_callback
                0x0000a22e        0x6 contiki-sky.a(rpl-dag.o)
 .text.remove_parents.constprop.5
                0x0000a234       0x32 contiki-sky.a(rpl-dag.o)
 .text.rpl_free_dag
                0x0000a266       0x34 contiki-sky.a(rpl-dag.o)
                0x0000a266                rpl_free_dag
 .text.rpl_free_instance
                0x0000a29a       0x66 contiki-sky.a(rpl-dag.o)
                0x0000a29a                rpl_free_instance
 .text.rpl_move_parent
                0x0000a300       0x5a contiki-sky.a(rpl-dag.o)
                0x0000a300                rpl_move_parent
 .text.rpl_get_any_dag
                0x0000a35a       0x16 contiki-sky.a(rpl-dag.o)
                0x0000a35a                rpl_get_any_dag
 .text.rpl_get_instance
                0x0000a370       0x16 contiki-sky.a(rpl-dag.o)
                0x0000a370                rpl_get_instance
 .text.get_dag  0x0000a386       0x58 contiki-sky.a(rpl-dag.o)
 .text.rpl_alloc_dag
                0x0000a3de       0x66 contiki-sky.a(rpl-dag.o)
                0x0000a3de                rpl_alloc_dag
 .text.rpl_repair_root
                0x0000a444       0x4c contiki-sky.a(rpl-dag.o)
                0x0000a444                rpl_repair_root
 .text.rpl_find_of
                0x0000a490       0x10 contiki-sky.a(rpl-dag.o)
                0x0000a490                rpl_find_of
 .text.rpl_join_instance
                0x0000a4a0      0x13c contiki-sky.a(rpl-dag.o)
                0x0000a4a0                rpl_join_instance
 .text.rpl_local_repair
                0x0000a5dc       0x80 contiki-sky.a(rpl-dag.o)
                0x0000a5dc                rpl_local_repair
 .text.rpl_process_parent_event
                0x0000a65c       0x80 contiki-sky.a(rpl-dag.o)
                0x0000a65c                rpl_process_parent_event
 .text.rpl_recalculate_ranks
                0x0000a6dc       0x46 contiki-sky.a(rpl-dag.o)
                0x0000a6dc                rpl_recalculate_ranks
 .text.rpl_add_dag
                0x0000a722      0x112 contiki-sky.a(rpl-dag.o)
                0x0000a722                rpl_add_dag
 .text.rpl_process_dio
                0x0000a834      0x2bc contiki-sky.a(rpl-dag.o)
                0x0000a834                rpl_process_dio
 .text.rpl_lock_parent
                0x0000aaf0        0xc contiki-sky.a(rpl-dag.o)
                0x0000aaf0                rpl_lock_parent
 .text.rpl_verify_header
                0x0000aafc       0xb2 contiki-sky.a(rpl-ext-header.)
                0x0000aafc                rpl_verify_header
 .text.rpl_update_header_empty
                0x0000abae      0x132 contiki-sky.a(rpl-ext-header.)
                0x0000abae                rpl_update_header_empty
 .text.rpl_update_header_final
                0x0000ace0       0x90 contiki-sky.a(rpl-ext-header.)
                0x0000ace0                rpl_update_header_final
 .text.rpl_invert_header
                0x0000ad70       0x7c contiki-sky.a(rpl-ext-header.)
                0x0000ad70                rpl_invert_header
 .text.rpl_insert_header
                0x0000adec       0x12 contiki-sky.a(rpl-ext-header.)
                0x0000adec                rpl_insert_header
 .text.get32    0x0000adfe       0x46 contiki-sky.a(rpl-icmp6.o)
 .text.set32    0x0000ae44       0x2a contiki-sky.a(rpl-icmp6.o)
 .text.get16    0x0000ae6e        0xe contiki-sky.a(rpl-icmp6.o)
 .text.set16    0x0000ae7c       0x10 contiki-sky.a(rpl-icmp6.o)
 .text.dao_ack_input
                0x0000ae8c        0x6 contiki-sky.a(rpl-icmp6.o)
 .text.dio_input
                0x0000ae92      0x2d8 contiki-sky.a(rpl-icmp6.o)
 .text.dis_output
                0x0000b16a       0x50 contiki-sky.a(rpl-icmp6.o)
                0x0000b16a                dis_output
 .text.dio_output
                0x0000b1ba      0x264 contiki-sky.a(rpl-icmp6.o)
                0x0000b1ba                dio_output
 .text.dis_input
                0x0000b41e       0x28 contiki-sky.a(rpl-icmp6.o)
 .text.dao_output_target
                0x0000b446       0xe4 contiki-sky.a(rpl-icmp6.o)
                0x0000b446                dao_output_target
 .text.dao_output
                0x0000b52a       0x7e contiki-sky.a(rpl-icmp6.o)
                0x0000b52a                dao_output
 .text.dao_ack_output
                0x0000b5a8       0x32 contiki-sky.a(rpl-icmp6.o)
                0x0000b5a8                dao_ack_output
 .text.dao_input
                0x0000b5da      0x2ac contiki-sky.a(rpl-icmp6.o)
 .text.rpl_icmp6_register_handlers
                0x0000b886       0x22 contiki-sky.a(rpl-icmp6.o)
                0x0000b886                rpl_icmp6_register_handlers
 .text.reset    0x0000b8a8        0x2 contiki-sky.a(rpl-mrhof.o)
 .text.update_metric_container
                0x0000b8aa        0x6 contiki-sky.a(rpl-mrhof.o)
 .text.calculate_rank
                0x0000b8b0       0x42 contiki-sky.a(rpl-mrhof.o)
 .text.neighbor_link_callback
                0x0000b8f2       0x9c contiki-sky.a(rpl-mrhof.o)
 .text.best_dag
                0x0000b98e       0x2e contiki-sky.a(rpl-mrhof.o)
 .text.best_parent
                0x0000b9bc       0x74 contiki-sky.a(rpl-mrhof.o)
 .text.set_dao_lifetime_timer
                0x0000ba30       0x66 contiki-sky.a(rpl-timers.o)
 .text.new_dio_interval
                0x0000ba96       0x92 contiki-sky.a(rpl-timers.o)
 .text.handle_periodic_timer
                0x0000bb28       0x2e contiki-sky.a(rpl-timers.o)
 .text.schedule_dao
                0x0000bb56       0x82 contiki-sky.a(rpl-timers.o)
 .text.handle_dao_timer
                0x0000bbd8       0x64 contiki-sky.a(rpl-timers.o)
 .text.handle_dio_timer
                0x0000bc3c       0x88 contiki-sky.a(rpl-timers.o)
 .text.rpl_reset_periodic_timer
                0x0000bcc4       0x54 contiki-sky.a(rpl-timers.o)
                0x0000bcc4                rpl_reset_periodic_timer
 .text.rpl_reset_dio_timer
                0x0000bd18       0x18 contiki-sky.a(rpl-timers.o)
                0x0000bd18                rpl_reset_dio_timer
 .text.rpl_schedule_dao
                0x0000bd30        0xc contiki-sky.a(rpl-timers.o)
                0x0000bd30                rpl_schedule_dao
 .text.input_packet
                0x0000bd3c        0x6 contiki-sky.a(csma.o)
 .text.on       0x0000bd42        0x6 contiki-sky.a(csma.o)
 .text.off      0x0000bd48        0x6 contiki-sky.a(csma.o)
 .text.channel_check_interval
                0x0000bd4e       0x10 contiki-sky.a(csma.o)
 .text.transmit_packet_list
                0x0000bd5e       0x24 contiki-sky.a(csma.o)
 .text.init     0x0000bd82       0x1a contiki-sky.a(csma.o)
 .text.send_packet
                0x0000bd9c      0x186 contiki-sky.a(csma.o)
 .text.free_packet
                0x0000bf22       0x9c contiki-sky.a(csma.o)
 .text.packet_sent
                0x0000bfbe      0x132 contiki-sky.a(csma.o)
 .text.create_frame.isra.0
                0x0000c0f0      0x108 contiki-sky.a(framer-802154.o)
 .text.create   0x0000c1f8        0x8 contiki-sky.a(framer-802154.o)
 .text.hdr_length
                0x0000c200        0x8 contiki-sky.a(framer-802154.o)
 .text.parse    0x0000c208       0xa2 contiki-sky.a(framer-802154.o)
 .text.framer_canonical_create_and_secure
                0x0000c2aa       0x20 contiki-sky.a(framer.o)
                0x0000c2aa                framer_canonical_create_and_secure
 .text.mac_call_sent_callback
                0x0000c2ca       0x14 contiki-sky.a(mac.o)
                0x0000c2ca                mac_call_sent_callback
 .text.linkaddr_copy
                0x0000c2de        0x8 contiki-sky.a(linkaddr.o)
                0x0000c2de                linkaddr_copy
 .text.linkaddr_cmp
                0x0000c2e6       0x12 contiki-sky.a(linkaddr.o)
                0x0000c2e6                linkaddr_cmp
 .text.linkaddr_set_node_addr
                0x0000c2f8        0xc contiki-sky.a(linkaddr.o)
                0x0000c2f8                linkaddr_set_node_addr
 .text.item_from_index
                0x0000c304       0x2a contiki-sky.a(nbr-table.o)
 .text.index_from_key
                0x0000c32e       0x26 contiki-sky.a(nbr-table.o)
 .text.index_from_item
                0x0000c354       0x1e contiki-sky.a(nbr-table.o)
 .text.nbr_set_bit
                0x0000c372       0x58 contiki-sky.a(nbr-table.o)
 .text.index_from_lladdr
                0x0000c3ca       0x42 contiki-sky.a(nbr-table.o)
 .text.nbr_get_bit.constprop.0
                0x0000c40c       0x2e contiki-sky.a(nbr-table.o)
 .text.nbr_table_register
                0x0000c43a       0x26 contiki-sky.a(nbr-table.o)
                0x0000c43a                nbr_table_register
 .text.nbr_table_next
                0x0000c460       0x54 contiki-sky.a(nbr-table.o)
                0x0000c460                nbr_table_next
 .text.nbr_table_head
                0x0000c4b4       0x3a contiki-sky.a(nbr-table.o)
                0x0000c4b4                nbr_table_head
 .text.nbr_table_add_lladdr
                0x0000c4ee      0x128 contiki-sky.a(nbr-table.o)
                0x0000c4ee                nbr_table_add_lladdr
 .text.nbr_table_get_from_lladdr
                0x0000c616       0x2c contiki-sky.a(nbr-table.o)
                0x0000c616                nbr_table_get_from_lladdr
 .text.nbr_table_remove
                0x0000c642       0x32 contiki-sky.a(nbr-table.o)
                0x0000c642                nbr_table_remove
 .text.nbr_table_lock
                0x0000c674       0x10 contiki-sky.a(nbr-table.o)
                0x0000c674                nbr_table_lock
 .text.nbr_table_unlock
                0x0000c684       0x10 contiki-sky.a(nbr-table.o)
                0x0000c684                nbr_table_unlock
 .text.nbr_table_get_lladdr
                0x0000c694       0x22 contiki-sky.a(nbr-table.o)
                0x0000c694                nbr_table_get_lladdr
 .text.packetbuf_copyto_hdr
                0x0000c6b6       0x1c contiki-sky.a(packetbuf.o)
                0x0000c6b6                packetbuf_copyto_hdr
 .text.packetbuf_copyto
                0x0000c6d2       0x52 contiki-sky.a(packetbuf.o)
                0x0000c6d2                packetbuf_copyto
 .text.packetbuf_hdrreduce
                0x0000c724       0x1a contiki-sky.a(packetbuf.o)
                0x0000c724                packetbuf_hdrreduce
 .text.packetbuf_set_datalen
                0x0000c73e        0x6 contiki-sky.a(packetbuf.o)
                0x0000c73e                packetbuf_set_datalen
 .text.packetbuf_dataptr
                0x0000c744        0xe contiki-sky.a(packetbuf.o)
                0x0000c744                packetbuf_dataptr
 .text.packetbuf_hdrptr
                0x0000c752        0xa contiki-sky.a(packetbuf.o)
                0x0000c752                packetbuf_hdrptr
 .text.packetbuf_is_reference
                0x0000c75c        0xe contiki-sky.a(packetbuf.o)
                0x0000c75c                packetbuf_is_reference
 .text.packetbuf_compact
                0x0000c76a       0x48 contiki-sky.a(packetbuf.o)
                0x0000c76a                packetbuf_compact
 .text.packetbuf_reference_ptr
                0x0000c7b2        0x6 contiki-sky.a(packetbuf.o)
                0x0000c7b2                packetbuf_reference_ptr
 .text.packetbuf_datalen
                0x0000c7b8        0x6 contiki-sky.a(packetbuf.o)
                0x0000c7b8                packetbuf_datalen
 .text.packetbuf_hdrlen
                0x0000c7be       0x10 contiki-sky.a(packetbuf.o)
                0x0000c7be                packetbuf_hdrlen
 .text.packetbuf_totlen
                0x0000c7ce        0xc contiki-sky.a(packetbuf.o)
                0x0000c7ce                packetbuf_totlen
 .text.packetbuf_hdralloc
                0x0000c7da       0x2e contiki-sky.a(packetbuf.o)
                0x0000c7da                packetbuf_hdralloc
 .text.packetbuf_attr_clear
                0x0000c808       0x28 contiki-sky.a(packetbuf.o)
                0x0000c808                packetbuf_attr_clear
 .text.packetbuf_clear
                0x0000c830       0x1a contiki-sky.a(packetbuf.o)
                0x0000c830                packetbuf_clear
 .text.packetbuf_copyfrom
                0x0000c84a       0x2e contiki-sky.a(packetbuf.o)
                0x0000c84a                packetbuf_copyfrom
 .text.packetbuf_attr_copyto
                0x0000c878       0x22 contiki-sky.a(packetbuf.o)
                0x0000c878                packetbuf_attr_copyto
 .text.packetbuf_attr_copyfrom
                0x0000c89a       0x24 contiki-sky.a(packetbuf.o)
                0x0000c89a                packetbuf_attr_copyfrom
 .text.packetbuf_holds_broadcast
                0x0000c8be        0xe contiki-sky.a(packetbuf.o)
                0x0000c8be                packetbuf_holds_broadcast
 .text.queuebuf_init
                0x0000c8cc       0x1a contiki-sky.a(queuebuf.o)
                0x0000c8cc                queuebuf_init
 .text.queuebuf_numfree
                0x0000c8e6       0x18 contiki-sky.a(queuebuf.o)
                0x0000c8e6                queuebuf_numfree
 .text.queuebuf_new_from_packetbuf
                0x0000c8fe       0x88 contiki-sky.a(queuebuf.o)
                0x0000c8fe                queuebuf_new_from_packetbuf
 .text.queuebuf_update_attr_from_packetbuf
                0x0000c986       0x12 contiki-sky.a(queuebuf.o)
                0x0000c986                queuebuf_update_attr_from_packetbuf
 .text.queuebuf_update_from_packetbuf
                0x0000c998       0x22 contiki-sky.a(queuebuf.o)
                0x0000c998                queuebuf_update_from_packetbuf
 .text.queuebuf_free
                0x0000c9ba       0x40 contiki-sky.a(queuebuf.o)
                0x0000c9ba                queuebuf_free
 .text.queuebuf_to_packetbuf
                0x0000c9fa       0x6e contiki-sky.a(queuebuf.o)
                0x0000c9fa                queuebuf_to_packetbuf
 .text.queuebuf_attr
                0x0000ca68        0xe contiki-sky.a(queuebuf.o)
                0x0000ca68                queuebuf_attr
 .text.duty_cycle
                0x0000ca76        0x6 contiki-sky.a(contikimac.o)
 .text.init     0x0000ca7c       0x2a contiki-sky.a(contikimac.o)
 .text.on       0x0000caa6       0x1a contiki-sky.a(contikimac.o)
 .text.off      0x0000cac0       0x22 contiki-sky.a(contikimac.o)
 .text.recv_burst_off
                0x0000cae2        0xa contiki-sky.a(contikimac.o)
 .text.turn_off
                0x0000caec       0x20 contiki-sky.a(contikimac.o)
 .text.set_interrupt
                0x0000cb0c       0x24 contiki-sky.a(contikimac.o)
 .text.turn_on  0x0000cb30       0x30 contiki-sky.a(contikimac.o)
 .text.powercycle_turn_radio_off
                0x0000cb60       0x30 contiki-sky.a(contikimac.o)
 .text.input_packet
                0x0000cb90       0xa2 contiki-sky.a(contikimac.o)
 .text.send_packet.isra.7
                0x0000cc32      0x210 contiki-sky.a(contikimac.o)
 .text.qsend_list
                0x0000ce42       0xc4 contiki-sky.a(contikimac.o)
 .text.qsend_packet
                0x0000cf06       0x28 contiki-sky.a(contikimac.o)
 .text.schedule_powercycle_fixed
                0x0000cf2e       0x3e contiki-sky.a(contikimac.o)
                0x0000cf2e                schedule_powercycle_fixed
 .text.powercycle
                0x0000cf6c      0x1ce contiki-sky.a(contikimac.o)
 .text.bootstrap
                0x0000d13a        0x4 contiki-sky.a(nullsec.o)
 .text.send     0x0000d13e        0xa contiki-sky.a(nullsec.o)
 .text.on_frame_created
                0x0000d148        0x4 contiki-sky.a(nullsec.o)
 .text.input    0x0000d14c        0x6 contiki-sky.a(nullsec.o)
 .text.get_overhead
                0x0000d152        0x4 contiki-sky.a(nullsec.o)
 .text.spi_init
                0x0000d156       0x30 contiki-sky.a(spi.o)
                0x0000d156                spi_init
 .text.compower_accumulate
                0x0000d186       0x72 contiki-sky.a(compower.o)
                0x0000d186                compower_accumulate
 .text.compower_clear
                0x0000d1f8       0x12 contiki-sky.a(compower.o)
                0x0000d1f8                compower_clear
 .text.compower_attrconv
                0x0000d20a       0x10 contiki-sky.a(compower.o)
                0x0000d20a                compower_attrconv
 .text.stimer_set
                0x0000d21a       0x1c contiki-sky.a(stimer.o)
                0x0000d21a                stimer_set
 .text.stimer_expired
                0x0000d236       0x30 contiki-sky.a(stimer.o)
                0x0000d236                stimer_expired
 .text.memb_init
                0x0000d266       0x36 contiki-sky.a(memb.o)
                0x0000d266                memb_init
 .text.memb_alloc
                0x0000d29c       0x3e contiki-sky.a(memb.o)
                0x0000d29c                memb_alloc
 .text.memb_free
                0x0000d2da       0x3a contiki-sky.a(memb.o)
                0x0000d2da                memb_free
 .text.memb_inmemb
                0x0000d314       0x2a contiki-sky.a(memb.o)
                0x0000d314                memb_inmemb
 .text.memb_numfree
                0x0000d33e       0x26 contiki-sky.a(memb.o)
                0x0000d33e                memb_numfree
 .text.field_len
                0x0000d364       0x90 contiki-sky.a(frame802154.o)
 .text.frame802154_hdrlen
                0x0000d3f4       0x2e contiki-sky.a(frame802154.o)
                0x0000d3f4                frame802154_hdrlen
 .text.frame802154_create
                0x0000d422      0x146 contiki-sky.a(frame802154.o)
                0x0000d422                frame802154_create
 .text.frame802154_parse
                0x0000d568      0x1ba contiki-sky.a(frame802154.o)
                0x0000d568                frame802154_parse
 .text.mac_sequence_is_duplicate
                0x0000d722       0x44 contiki-sky.a(mac-sequence.o)
                0x0000d722                mac_sequence_is_duplicate
 .text.mac_sequence_register_seqno
                0x0000d766       0x72 contiki-sky.a(mac-sequence.o)
                0x0000d766                mac_sequence_register_seqno
 .text.libgcc   0x0000d7d8       0x2c /usr/local/msp430/bin/../lib/gcc/msp430/4.7.0/mmpy-16/libgcc.a(_mulsi3.o)
                0x0000d7d8                __mulsi3
 .text.libgcc   0x0000d804       0x22 /usr/local/msp430/bin/../lib/gcc/msp430/4.7.0/mmpy-16/libgcc.a(_udivmod16.o)
                0x0000d804                __udivhi3
                0x0000d804                __ext_udivmod16
                0x0000d81e                __umodhi3
 .text.libgcc   0x0000d826       0x3a /usr/local/msp430/bin/../lib/gcc/msp430/4.7.0/mmpy-16/libgcc.a(_divmod16.o)
                0x0000d826                __ext_divmod16
                0x0000d826                __divhi3
                0x0000d858                __modhi3
 .text.libgcc   0x0000d860       0x40 /usr/local/msp430/bin/../lib/gcc/msp430/4.7.0/mmpy-16/libgcc.a(_udivmod32.o)
                0x0000d860                __udivsi3
                0x0000d860                __ext_udivmod32
                0x0000d896                __umodsi3
 .text.printf   0x0000d8a0       0x10 /usr/local/msp430/bin/../lib/gcc/msp430/4.7.0/../../../../msp430/lib/mmpy-16/libc.a(printf.o)
                0x0000d8a0                printf
 .text.print_field
                0x0000d8b0      0x194 /usr/local/msp430/bin/../lib/gcc/msp430/4.7.0/../../../../msp430/lib/mmpy-16/libc.a(vuprintf.o)
 .text.vuprintf
                0x0000da44      0x63c /usr/local/msp430/bin/../lib/gcc/msp430/4.7.0/../../../../msp430/lib/mmpy-16/libc.a(vuprintf.o)
                0x0000da44                vuprintf
 .text.puts     0x0000e080       0x2c /usr/local/msp430/bin/../lib/gcc/msp430/4.7.0/../../../../msp430/lib/mmpy-16/libc.a(puts.o)
                0x0000e080                puts
 .text.rand     0x0000e0ac       0x26 /usr/local/msp430/bin/../lib/gcc/msp430/4.7.0/../../../../msp430/lib/mmpy-16/libc.a(rand.o)
                0x0000e0ac                rand
 .text.srand    0x0000e0d2        0xa /usr/local/msp430/bin/../lib/gcc/msp430/4.7.0/../../../../msp430/lib/mmpy-16/libc.a(rand.o)
                0x0000e0d2                srand
 .text.strcmp   0x0000e0dc       0x1e /usr/local/msp430/bin/../lib/gcc/msp430/4.7.0/../../../../msp430/lib/mmpy-16/libc.a(strcmp.o)
                0x0000e0dc                strcmp
 .text.memcmp   0x0000e0fa       0x30 /usr/local/msp430/bin/../lib/gcc/msp430/4.7.0/../../../../msp430/lib/mmpy-16/libc.a(memcmp.o)
                0x0000e0fa                memcmp
 .text.memcpy   0x0000e12a       0xfa /usr/local/msp430/bin/../lib/gcc/msp430/4.7.0/../../../../msp430/lib/mmpy-16/libc.a(memcpy.o)
                0x0000e12a                memcpy
 .text.memmove  0x0000e224       0xfa /usr/local/msp430/bin/../lib/gcc/msp430/4.7.0/../../../../msp430/lib/mmpy-16/libc.a(memmove.o)
                0x0000e224                memmove
 .text.memset   0x0000e31e       0x6a /usr/local/msp430/bin/../lib/gcc/msp430/4.7.0/../../../../msp430/lib/mmpy-16/libc.a(memset.o)
                0x0000e31e                memset
 .text.libgcc   0x0000e388       0xf0 /usr/local/msp430/bin/../lib/gcc/msp430/4.7.0/mmpy-16/libgcc.a(_udivmod64.o)
                0x0000e388                __xabi_udivmod64
                0x0000e3e6                __udivdi3
                0x0000e40c                __umoddi3
                0x0000e43a                __udivmoddi4
 .text.crt0     0x0000e478        0x2 /usr/local/msp430/bin/../lib/gcc/msp430/4.7.0/mmpy-16/libcrt0.a(_unexpected_.o)
                0x0000e478                _unexpected_
 *(.near.text .near.text.*)

.rodata         0x0000e47c      0x2d3
                0x0000e47c                . = ALIGN (0x2)
 *(.rodata .rodata.* .gnu.linkonce.r.*)
 .rodata        0x0000e47c        0x4 example-ping6.co
                0x0000e47c                autostart_processes
 .rodata        0x0000e480      0x12e obj_sky/contiki-sky-main.o
 .rodata        0x0000e5ae       0x43 contiki-sky.a(ping6.o)
 *fill*         0x0000e5f1        0x1 00
 .rodata        0x0000e5f2       0x10 contiki-sky.a(button-sensor.o)
                0x0000e5fa                button_sensor
 .rodata        0x0000e602        0x8 contiki-sky.a(sensors.o)
 *fill*         0x0000e60a        0x2 00
 .rodata.get_value
                0x0000e60c       0x1c contiki-sky.a(cc2420.o)
 .rodata        0x0000e628       0x3e contiki-sky.a(cc2420.o)
                0x0000e628                cc2420_aes_128_driver
                0x0000e62c                cc2420_driver
 .rodata        0x0000e666        0xf contiki-sky.a(ctimer.o)
 .rodata        0x0000e675        0xc contiki-sky.a(etimer.o)
 *fill*         0x0000e681        0x1 00
 .rodata        0x0000e682       0x24 contiki-sky.a(sicslowpan.o)
                0x0000e68e                sicslowpan_driver
                0x0000e694                llprefix
                0x0000e696                unc_mxconf
                0x0000e69a                unc_ctxconf
                0x0000e69e                unc_llconf
 *fill*         0x0000e6a6        0x2 00
 .rodata.uip_process
                0x0000e6a8       0x20 contiki-sky.a(uip6.o)
 .rodata        0x0000e6c8        0xd contiki-sky.a(tcpip.o)
 .rodata        0x0000e6d5       0x1a contiki-sky.a(uip-debug.o)
 *fill*         0x0000e6ef        0x1 00
 .rodata        0x0000e6f0       0x14 contiki-sky.a(csma.o)
                0x0000e6f6                csma_driver
 .rodata        0x0000e704        0x8 contiki-sky.a(framer-802154.o)
                0x0000e704                framer_802154
 .rodata        0x0000e70c        0x8 contiki-sky.a(linkaddr.o)
                0x0000e70c                linkaddr_null
 .rodata        0x0000e714       0x1e contiki-sky.a(contikimac.o)
                0x0000e720                contikimac_driver
 .rodata        0x0000e732       0x14 contiki-sky.a(nullsec.o)
                0x0000e73a                nullsec_driver
 .rodata        0x0000e746        0x2 contiki-sky.a(frame802154.o)
 .rodata.vuprintf
                0x0000e748        0x7 /usr/local/msp430/bin/../lib/gcc/msp430/4.7.0/../../../../msp430/lib/mmpy-16/libc.a(vuprintf.o)
 *(.near.rodata .near.rodata.*)
                0x0000e750                . = ALIGN (0x2)
                0x0000e750                _etext = .

.data           0x00001100       0xe4 load address 0x0000e750
                0x00001100                . = ALIGN (0x2)
                0x00001100                __data_start = .
 *(.data .data.* .gnu.linkonce.d.*)
 .data          0x00001100        0xa contiki-sky.a(ping6.o)
                0x00001100                ping6_process
 .data          0x0000110a        0x4 contiki-sky.a(contiki-sky-pla)
                0x0000110a                sensors
 .data          0x0000110e        0xa contiki-sky.a(sensors.o)
                0x0000110e                sensors_process
 .data          0x00001118        0xa contiki-sky.a(cc2420.o)
                0x00001118                cc2420_process
 .data          0x00001122        0x2 contiki-sky.a(msp430.o)
 .data          0x00001124        0xa contiki-sky.a(ctimer.o)
                0x00001124                ctimer_process
 .data          0x0000112e        0xa contiki-sky.a(etimer.o)
                0x0000112e                etimer_process
 .data          0x00001138        0xa contiki-sky.a(uip-ds6-nbr.o)
                0x00001138                ds6_neighbors
 .data          0x00001142       0x20 contiki-sky.a(uip-ds6-route.o)
 .data          0x00001162        0xc contiki-sky.a(uip-icmp6.o)
 .data          0x0000116e        0xa contiki-sky.a(tcpip.o)
                0x0000116e                tcpip_process
 .data          0x00001178        0x8 contiki-sky.a(rpl-dag.o)
 .data          0x00001180       0x1a contiki-sky.a(rpl-icmp6.o)
 .data          0x0000119a        0xe contiki-sky.a(rpl-mrhof.o)
                0x0000119a                rpl_mrhof
 .data          0x000011a8       0x18 contiki-sky.a(csma.o)
 .data          0x000011c0        0x8 contiki-sky.a(nbr-table.o)
 .data          0x000011c8       0x18 contiki-sky.a(queuebuf.o)
 .data.next     0x000011e0        0x4 /usr/local/msp430/bin/../lib/gcc/msp430/4.7.0/../../../../msp430/lib/mmpy-16/libc.a(rand.o)
 *(.near.data .near.data.*)
                0x000011e4                . = ALIGN (0x2)
                0x000011e4                _edata = .
                0x0000e750                __data_load_start = LOADADDR (.data)
                0x000000e4                __data_size = SIZEOF (.data)

.bss            0x000011e4     0x19a4 load address 0x0000e834
                0x000011e4                __bss_start = .
 *(.bss .bss.*)
 .bss           0x000011e4        0xc obj_sky/contiki-sky-main.o
 .bss           0x000011f0       0x32 contiki-sky.a(ping6.o)
 .bss           0x00001222        0x8 contiki-sky.a(button-sensor.o)
 .bss           0x0000122a        0x2 contiki-sky.a(node-id.o)
                0x0000122a                node_id
 .bss           0x0000122c        0x6 contiki-sky.a(sensors.o)
 .bss           0x00001232        0x8 contiki-sky.a(cc2420.o)
 .bss           0x0000123a       0x9a contiki-sky.a(uart1.o)
 .bss           0x000012d4        0xa contiki-sky.a(clock.o)
 .bss           0x000012de        0x1 contiki-sky.a(leds.o)
 *fill*         0x000012df        0x1 00
 .bss           0x000012e0        0x2 contiki-sky.a(watchdog.o)
 .bss           0x000012e2        0x4 contiki-sky.a(ctimer.o)
 .bss           0x000012e6        0x6 contiki-sky.a(etimer.o)
 .bss           0x000012ec       0x42 contiki-sky.a(process.o)
                0x000012ec                process_current
                0x000012ee                process_list
 .bss           0x0000132e        0x2 contiki-sky.a(rtimer.o)
 .bss           0x00001330      0x124 contiki-sky.a(sicslowpan.o)
 .bss           0x00001454        0xe contiki-sky.a(uip6.o)
                0x00001454                uip_ext_opt_offset
                0x00001455                uip_ext_len
                0x00001456                uip_ext_bitmap
 .bss           0x00001462       0x18 contiki-sky.a(uip-ds6.o)
 .bss           0x0000147a      0x2f8 contiki-sky.a(uip-ds6-nbr.o)
 .bss           0x00001772      0x362 contiki-sky.a(uip-ds6-route.o)
 .bss           0x00001ad4       0x14 contiki-sky.a(uip-icmp6.o)
 .bss           0x00001ae8       0x36 contiki-sky.a(tcpip.o)
 .bss           0x00001b1e        0x2 contiki-sky.a(rpl.o)
 .bss           0x00001b20       0xa0 contiki-sky.a(rpl-dag.o)
 .bss           0x00001bc0       0x18 contiki-sky.a(rpl-timers.o)
 .bss           0x00001bd8       0xc4 contiki-sky.a(csma.o)
 .bss           0x00001c9c        0x2 contiki-sky.a(framer-802154.o)
 .bss           0x00001c9e      0x118 contiki-sky.a(nbr-table.o)
 .bss           0x00001db6       0xb8 contiki-sky.a(packetbuf.o)
 .bss           0x00001e6e      0x63e contiki-sky.a(queuebuf.o)
 .bss           0x000024ac       0x34 contiki-sky.a(contikimac.o)
                0x000024ac                contikiMAC_ready
                0x000024ad                radio_is_on
                0x000024ae                we_are_sending
 .bss           0x000024e0        0x8 contiki-sky.a(compower.o)
 .bss           0x000024e8       0xa0 contiki-sky.a(mac-sequence.o)
 *(.near.bss .near.bss.*)
 *(COMMON)
 COMMON         0x00002588       0x10 contiki-sky.a(ping6.o)
                0x00002588                dest_addr
 COMMON         0x00002598        0x2 contiki-sky.a(contiki-sky-pla)
                0x00002598                sensors_flags
 COMMON         0x0000259a        0x8 contiki-sky.a(ds2411.o)
                0x0000259a                ds2411_id
 COMMON         0x000025a2        0x1 contiki-sky.a(sensors.o)
                0x000025a2                sensors_event
 *fill*         0x000025a3        0x1 00
 COMMON         0x000025a4       0x10 contiki-sky.a(cc2420.o)
                0x000025a4                cc2420_last_rssi
                0x000025a6                cc2420_sfd_start_time
                0x000025a8                cc2420_time_of_departure
                0x000025aa                cc2420_time_of_arrival
                0x000025ac                cc2420_last_correlation
                0x000025ae                cc2420_authority_level_of_sender
                0x000025b0                cc2420_sfd_counter
                0x000025b2                cc2420_sfd_end_time
 COMMON         0x000025b4        0x2 contiki-sky.a(msp430.o)
                0x000025b4                msp430_dco_required
 COMMON         0x000025b6       0x56 contiki-sky.a(energest.o)
                0x000025b6                energest_total_time
                0x000025e6                energest_total_count
                0x000025e8                energest_current_mode
                0x000025f4                energest_current_time
 COMMON         0x0000260c        0x1 contiki-sky.a(process.o)
                0x0000260c                process_maxevents
 *fill*         0x0000260d        0x1 00
 COMMON         0x0000260e        0x8 contiki-sky.a(sicslowpan.o)
                0x0000260e                frag_sender
 COMMON         0x00002616      0x304 contiki-sky.a(uip6.o)
                0x00002616                uip_len
                0x00002618                uip_sappdata
                0x0000261a                uip_acc32
                0x0000261e                uip_lladdr
                0x00002626                uip_aligned_buf
                0x00002716                uip_flags
                0x00002718                uip_next_hdr
                0x0000271a                uip_udp_conn
                0x0000271c                uip_appdata
                0x0000271e                uip_conn
                0x00002720                uip_conns
                0x000027d0                uip_listenports
                0x000027e0                uip_slen
                0x000027e2                uip_udp_conns
 COMMON         0x0000291a      0x15c contiki-sky.a(uip-ds6.o)
                0x0000291a                uip_ds6_timer_ra
                0x00002922                uip_ds6_if
                0x00002a0e                uip_ds6_netif_addr_list_offset
                0x00002a0f                uip_ds6_addr_size
                0x00002a10                uip_ds6_prefix_list
                0x00002a6a                uip_ds6_timer_periodic
 COMMON         0x00002a76        0x1 contiki-sky.a(tcpip.o)
                0x00002a76                tcpip_event
 *fill*         0x00002a77        0x1 00
 COMMON         0x00002a78       0xca contiki-sky.a(rpl-dag.o)
                0x00002a78                default_instance
                0x00002a7a                instance_table
 COMMON         0x00002b42        0x8 contiki-sky.a(linkaddr.o)
                0x00002b42                linkaddr_node_addr
 COMMON         0x00002b4a       0x34 contiki-sky.a(packetbuf.o)
                0x00002b4a                packetbuf_addrs
                0x00002b5a                packetbuf_attrs
 COMMON         0x00002b7e        0x2 contiki-sky.a(contikimac.o)
                0x00002b7e                cycle_start
 COMMON         0x00002b80        0x8 contiki-sky.a(compower.o)
                0x00002b80                compower_idle_activity
                0x00002b88                . = ALIGN (0x2)
                0x00002b88                __bss_end = .
                0x000019a4                __bss_size = SIZEOF (.bss)

.noinit         0x00002b88        0x2 load address 0x0000e834
                0x00002b88                . = ALIGN (0x2)
                0x00002b88                __noinit_start = .
 *(.noinit .noinit.*)
 .noinit.crt0   0x00002b88        0x2 /usr/local/msp430/bin/../lib/gcc/msp430/4.7.0/mmpy-16/libcrt0.a(__watchdog_support.o)
                0x00002b88                __wdt_clear_value
                0x00002b8a                . = ALIGN (0x2)
                0x00002b8a                __noinit_end = .
                0x00002b8a                . = ALIGN (0x2)
                0x00002b8a                _end = .

.infomem        0x00001000        0x0
                0x00001000                . = ALIGN (0x2)
 *(.infomem .infomem.*)

.infomemnobits  0x00001000        0x0
                0x00001000                . = ALIGN (0x2)
 *(.infomemnobits .infomemnobits.*)

.infoa          0x00001080        0x0
                0x00001080                . = ALIGN (0x2)
 *(.infoa .infoa.*)

.infob          0x00001000        0x0
                0x00001000                . = ALIGN (0x2)
 *(.infob .infob.*)

.infoc          0x00000000        0x0
                0x00000000                . = ALIGN (0x2)
 *(.infoc .infoc.*)

.infod          0x00000000        0x0
                0x00000000                . = ALIGN (0x2)
 *(.infod .infod.*)

.vectors        0x0000ffe0       0x20
                0x0000ffe0                __vectors_start = .
 *(.vectors*)
 .vectors       0x0000ffe0       0x20 /usr/local/msp430/bin/../lib/gcc/msp430/4.7.0/mmpy-16/crt0ivtbl16.o
                0x0000ffe0                __ivtbl_16
                0x00010000                _vectors_end = .

.fartext        0x00000000        0x0
                0x00000000                . = ALIGN (0x2)
 *(.fartext .fartext.*)

.far.text       0x00000000        0x0
                0x00000000                . = ALIGN (0x2)
 *(.far.text .far.text.*)

.far.rodata     0x00000000        0x0
                0x00000000                . = ALIGN (0x2)
 *(.far.rodata .far.rodata.*)
                0x00000000                . = ALIGN (0x2)
                0x00000000                _efartext = .

.far.data       0x00000000        0x0
                0x00000000                . = ALIGN (0x2)
                0x00000000                __far_data_start = .
 *(.far.data .far.data.*)
                0x00000000                . = ALIGN (0x2)
                0x00000000                _efardata = .
                0x00000000                __far_data_load_start = LOADADDR (.far.data)
                0x00000000                __far_data_size = SIZEOF (.far.data)

.far.bss        0x00000000        0x0
                0x00000000                . = ALIGN (0x2)
                0x00000000                __far_bss_start = .
 *(.far.bss .far.bss.*)
                0x00000000                . = ALIGN (0x2)
                0x00000000                __far_bss_end = .
                0x00000000                __far_bss_size = SIZEOF (.far.bss)
                0x00000000                . = ALIGN (0x2)
                0x00000000                _far_end = .

.profiler
 *(.profiler)

.stab
 *(.stab)

.stabstr
 *(.stabstr)

.stab.excl
 *(.stab.excl)

.stab.exclstr
 *(.stab.exclstr)

.stab.index
 *(.stab.index)

.stab.indexstr
 *(.stab.indexstr)

.comment        0x00000000       0x30
 *(.comment)
 .comment       0x00000000       0x30 example-ping6.co
                                 0x31 (size before relaxing)
 .comment       0x00000000       0x31 obj_sky/contiki-sky-main.o
 .comment       0x00000000       0x31 contiki-sky.a(ping6.o)
 .comment       0x00000000       0x31 contiki-sky.a(contiki-sky-pla)
 .comment       0x00000000       0x31 contiki-sky.a(button-sensor.o)
 .comment       0x00000000       0x31 contiki-sky.a(ds2411.o)
 .comment       0x00000000       0x31 contiki-sky.a(xmem.o)
 .comment       0x00000000       0x31 contiki-sky.a(node-id.o)
 .comment       0x00000000       0x31 contiki-sky.a(sensors.o)
 .comment       0x00000000       0x31 contiki-sky.a(cc2420.o)
 .comment       0x00000000       0x31 contiki-sky.a(cc2420-arch.o)
 .comment       0x00000000       0x31 contiki-sky.a(uart1.o)
 .comment       0x00000000       0x31 contiki-sky.a(uart1-putchar.o)
 .comment       0x00000000       0x31 contiki-sky.a(msp430.o)
 .comment       0x00000000       0x31 contiki-sky.a(clock.o)
 .comment       0x00000000       0x31 contiki-sky.a(leds.o)
 .comment       0x00000000       0x31 contiki-sky.a(leds-arch.o)
 .comment       0x00000000       0x31 contiki-sky.a(watchdog.o)
 .comment       0x00000000       0x31 contiki-sky.a(rtimer-arch.o)
 .comment       0x00000000       0x31 contiki-sky.a(autostart.o)
 .comment       0x00000000       0x31 contiki-sky.a(ctimer.o)
 .comment       0x00000000       0x31 contiki-sky.a(energest.o)
 .comment       0x00000000       0x31 contiki-sky.a(etimer.o)
 .comment       0x00000000       0x31 contiki-sky.a(process.o)
 .comment       0x00000000       0x31 contiki-sky.a(rtimer.o)
 .comment       0x00000000       0x31 contiki-sky.a(timer.o)
 .comment       0x00000000       0x31 contiki-sky.a(list.o)
 .comment       0x00000000       0x31 contiki-sky.a(random.o)
 .comment       0x00000000       0x31 contiki-sky.a(sicslowpan.o)
 .comment       0x00000000       0x31 contiki-sky.a(uip6.o)
 .comment       0x00000000       0x31 contiki-sky.a(uip-ds6.o)
 .comment       0x00000000       0x31 contiki-sky.a(uip-ds6-nbr.o)
 .comment       0x00000000       0x31 contiki-sky.a(uip-ds6-route.o)
 .comment       0x00000000       0x31 contiki-sky.a(uip-icmp6.o)
 .comment       0x00000000       0x31 contiki-sky.a(uip-nd6.o)
 .comment       0x00000000       0x31 contiki-sky.a(tcpip.o)
 .comment       0x00000000       0x31 contiki-sky.a(uip-debug.o)
 .comment       0x00000000       0x31 contiki-sky.a(rpl.o)
 .comment       0x00000000       0x31 contiki-sky.a(rpl-dag.o)
 .comment       0x00000000       0x31 contiki-sky.a(rpl-ext-header.)
 .comment       0x00000000       0x31 contiki-sky.a(rpl-icmp6.o)
 .comment       0x00000000       0x31 contiki-sky.a(rpl-mrhof.o)
 .comment       0x00000000       0x31 contiki-sky.a(rpl-timers.o)
 .comment       0x00000000       0x31 contiki-sky.a(csma.o)
 .comment       0x00000000       0x31 contiki-sky.a(framer-802154.o)
 .comment       0x00000000       0x31 contiki-sky.a(framer.o)
 .comment       0x00000000       0x31 contiki-sky.a(mac.o)
 .comment       0x00000000       0x31 contiki-sky.a(linkaddr.o)
 .comment       0x00000000       0x31 contiki-sky.a(nbr-table.o)
 .comment       0x00000000       0x31 contiki-sky.a(packetbuf.o)
 .comment       0x00000000       0x31 contiki-sky.a(queuebuf.o)
 .comment       0x00000000       0x31 contiki-sky.a(contikimac.o)
 .comment       0x00000000       0x31 contiki-sky.a(nullsec.o)
 .comment       0x00000000       0x31 contiki-sky.a(spi.o)
 .comment       0x00000000       0x31 contiki-sky.a(compower.o)
 .comment       0x00000000       0x31 contiki-sky.a(stimer.o)
 .comment       0x00000000       0x31 contiki-sky.a(memb.o)
 .comment       0x00000000       0x31 contiki-sky.a(frame802154.o)
 .comment       0x00000000       0x31 contiki-sky.a(mac-sequence.o)
 .comment       0x00000000       0x31 /usr/local/msp430/bin/../lib/gcc/msp430/4.7.0/../../../../msp430/lib/mmpy-16/libc.a(printf.o)
 .comment       0x00000000       0x31 /usr/local/msp430/bin/../lib/gcc/msp430/4.7.0/../../../../msp430/lib/mmpy-16/libc.a(vuprintf.o)
 .comment       0x00000000       0x31 /usr/local/msp430/bin/../lib/gcc/msp430/4.7.0/../../../../msp430/lib/mmpy-16/libc.a(puts.o)
 .comment       0x00000000       0x31 /usr/local/msp430/bin/../lib/gcc/msp430/4.7.0/../../../../msp430/lib/mmpy-16/libc.a(rand.o)
 .comment       0x00000000       0x31 /usr/local/msp430/bin/../lib/gcc/msp430/4.7.0/../../../../msp430/lib/mmpy-16/libc.a(strcmp.o)
 .comment       0x00000000       0x31 /usr/local/msp430/bin/../lib/gcc/msp430/4.7.0/../../../../msp430/lib/mmpy-16/libc.a(memcmp.o)
 .comment       0x00000000       0x31 /usr/local/msp430/bin/../lib/gcc/msp430/4.7.0/../../../../msp430/lib/mmpy-16/libc.a(memcpy.o)
 .comment       0x00000000       0x31 /usr/local/msp430/bin/../lib/gcc/msp430/4.7.0/../../../../msp430/lib/mmpy-16/libc.a(memmove.o)
 .comment       0x00000000       0x31 /usr/local/msp430/bin/../lib/gcc/msp430/4.7.0/../../../../msp430/lib/mmpy-16/libc.a(memset.o)

.debug
 *(.debug)

.line
 *(.line)

.debug_srcinfo
 *(.debug_srcinfo)

.debug_sfnames
 *(.debug_sfnames)

.debug_aranges  0x00000000      0x1b4
 *(.debug_aranges)
 .debug_aranges
                0x00000000       0x14 /usr/local/msp430/bin/../lib/gcc/msp430/4.7.0/mmpy-16/crt0ivtbl16.o
 .debug_aranges
                0x00000014       0x14 /usr/local/msp430/bin/../lib/gcc/msp430/4.7.0/mmpy-16/libgcc.a(_mulsi3.o)
 .debug_aranges
                0x00000028       0x14 /usr/local/msp430/bin/../lib/gcc/msp430/4.7.0/mmpy-16/libgcc.a(_udivmod16.o)
 .debug_aranges
                0x0000003c       0x14 /usr/local/msp430/bin/../lib/gcc/msp430/4.7.0/mmpy-16/libgcc.a(_divmod16.o)
 .debug_aranges
                0x00000050       0x14 /usr/local/msp430/bin/../lib/gcc/msp430/4.7.0/mmpy-16/libgcc.a(_udivmod32.o)
 .debug_aranges
                0x00000064       0x18 /usr/local/msp430/bin/../lib/gcc/msp430/4.7.0/../../../../msp430/lib/mmpy-16/libc.a(printf.o)
 .debug_aranges
                0x0000007c       0x18 /usr/local/msp430/bin/../lib/gcc/msp430/4.7.0/../../../../msp430/lib/mmpy-16/libc.a(vuprintf.o)
 .debug_aranges
                0x00000094       0x14 /usr/local/msp430/bin/../lib/gcc/msp430/4.7.0/../../../../msp430/lib/mmpy-16/libc.a(puts.o)
 .debug_aranges
                0x000000a8       0x1c /usr/local/msp430/bin/../lib/gcc/msp430/4.7.0/../../../../msp430/lib/mmpy-16/libc.a(rand.o)
 .debug_aranges
                0x000000c4       0x14 /usr/local/msp430/bin/../lib/gcc/msp430/4.7.0/../../../../msp430/lib/mmpy-16/libc.a(strcmp.o)
 .debug_aranges
                0x000000d8       0x14 /usr/local/msp430/bin/../lib/gcc/msp430/4.7.0/../../../../msp430/lib/mmpy-16/libc.a(memcmp.o)
 .debug_aranges
                0x000000ec       0x14 /usr/local/msp430/bin/../lib/gcc/msp430/4.7.0/../../../../msp430/lib/mmpy-16/libc.a(memcpy.o)
 .debug_aranges
                0x00000100       0x14 /usr/local/msp430/bin/../lib/gcc/msp430/4.7.0/../../../../msp430/lib/mmpy-16/libc.a(memmove.o)
 .debug_aranges
                0x00000114       0x14 /usr/local/msp430/bin/../lib/gcc/msp430/4.7.0/../../../../msp430/lib/mmpy-16/libc.a(memset.o)
 .debug_aranges
                0x00000128       0x14 /usr/local/msp430/bin/../lib/gcc/msp430/4.7.0/mmpy-16/libgcc.a(_udivmod64.o)
 .debug_aranges
                0x0000013c       0x14 /usr/local/msp430/bin/../lib/gcc/msp430/4.7.0/mmpy-16/libcrt0.a(__watchdog_support.o)
 .debug_aranges
                0x00000150       0x14 /usr/local/msp430/bin/../lib/gcc/msp430/4.7.0/mmpy-16/libcrt0.a(__init_stack.o)
 .debug_aranges
                0x00000164       0x14 /usr/local/msp430/bin/../lib/gcc/msp430/4.7.0/mmpy-16/libcrt0.a(_copy_data.o)
 .debug_aranges
                0x00000178       0x14 /usr/local/msp430/bin/../lib/gcc/msp430/4.7.0/mmpy-16/libcrt0.a(_clear_bss.o)
 .debug_aranges
                0x0000018c       0x14 /usr/local/msp430/bin/../lib/gcc/msp430/4.7.0/mmpy-16/libcrt0.a(_endless_loop__.o)
 .debug_aranges
                0x000001a0       0x14 /usr/local/msp430/bin/../lib/gcc/msp430/4.7.0/mmpy-16/libcrt0.a(_unexpected_.o)

.debug_pubnames
 *(.debug_pubnames)

.debug_info     0x00000000     0x1563
 *(.debug_info)
 .debug_info    0x00000000       0x9b /usr/local/msp430/bin/../lib/gcc/msp430/4.7.0/mmpy-16/crt0ivtbl16.o
 .debug_info    0x0000009b       0x98 /usr/local/msp430/bin/../lib/gcc/msp430/4.7.0/mmpy-16/libgcc.a(_mulsi3.o)
 .debug_info    0x00000133       0x98 /usr/local/msp430/bin/../lib/gcc/msp430/4.7.0/mmpy-16/libgcc.a(_udivmod16.o)
 .debug_info    0x000001cb       0x98 /usr/local/msp430/bin/../lib/gcc/msp430/4.7.0/mmpy-16/libgcc.a(_divmod16.o)
 .debug_info    0x00000263       0x98 /usr/local/msp430/bin/../lib/gcc/msp430/4.7.0/mmpy-16/libgcc.a(_udivmod32.o)
 .debug_info    0x000002fb      0x16e /usr/local/msp430/bin/../lib/gcc/msp430/4.7.0/../../../../msp430/lib/mmpy-16/libc.a(printf.o)
 .debug_info    0x00000469      0x5d4 /usr/local/msp430/bin/../lib/gcc/msp430/4.7.0/../../../../msp430/lib/mmpy-16/libc.a(vuprintf.o)
 .debug_info    0x00000a3d       0xc7 /usr/local/msp430/bin/../lib/gcc/msp430/4.7.0/../../../../msp430/lib/mmpy-16/libc.a(puts.o)
 .debug_info    0x00000b04      0x146 /usr/local/msp430/bin/../lib/gcc/msp430/4.7.0/../../../../msp430/lib/mmpy-16/libc.a(rand.o)
 .debug_info    0x00000c4a       0xa9 /usr/local/msp430/bin/../lib/gcc/msp430/4.7.0/../../../../msp430/lib/mmpy-16/libc.a(strcmp.o)
 .debug_info    0x00000cf3       0xe5 /usr/local/msp430/bin/../lib/gcc/msp430/4.7.0/../../../../msp430/lib/mmpy-16/libc.a(memcmp.o)
 .debug_info    0x00000dd8      0x12c /usr/local/msp430/bin/../lib/gcc/msp430/4.7.0/../../../../msp430/lib/mmpy-16/libc.a(memcpy.o)
 .debug_info    0x00000f04      0x12c /usr/local/msp430/bin/../lib/gcc/msp430/4.7.0/../../../../msp430/lib/mmpy-16/libc.a(memmove.o)
 .debug_info    0x00001030      0x117 /usr/local/msp430/bin/../lib/gcc/msp430/4.7.0/../../../../msp430/lib/mmpy-16/libc.a(memset.o)
 .debug_info    0x00001147       0x98 /usr/local/msp430/bin/../lib/gcc/msp430/4.7.0/mmpy-16/libgcc.a(_udivmod64.o)
 .debug_info    0x000011df       0x96 /usr/local/msp430/bin/../lib/gcc/msp430/4.7.0/mmpy-16/libcrt0.a(__watchdog_support.o)
 .debug_info    0x00001275       0x96 /usr/local/msp430/bin/../lib/gcc/msp430/4.7.0/mmpy-16/libcrt0.a(__init_stack.o)
 .debug_info    0x0000130b       0x96 /usr/local/msp430/bin/../lib/gcc/msp430/4.7.0/mmpy-16/libcrt0.a(_copy_data.o)
 .debug_info    0x000013a1       0x96 /usr/local/msp430/bin/../lib/gcc/msp430/4.7.0/mmpy-16/libcrt0.a(_clear_bss.o)
 .debug_info    0x00001437       0x96 /usr/local/msp430/bin/../lib/gcc/msp430/4.7.0/mmpy-16/libcrt0.a(_endless_loop__.o)
 .debug_info    0x000014cd       0x96 /usr/local/msp430/bin/../lib/gcc/msp430/4.7.0/mmpy-16/libcrt0.a(_unexpected_.o)
 *(.gnu.linkonce.wi.*)

.debug_abbrev   0x00000000      0x8c0
 *(.debug_abbrev)
 .debug_abbrev  0x00000000       0x14 /usr/local/msp430/bin/../lib/gcc/msp430/4.7.0/mmpy-16/crt0ivtbl16.o
 .debug_abbrev  0x00000014       0x14 /usr/local/msp430/bin/../lib/gcc/msp430/4.7.0/mmpy-16/libgcc.a(_mulsi3.o)
 .debug_abbrev  0x00000028       0x14 /usr/local/msp430/bin/../lib/gcc/msp430/4.7.0/mmpy-16/libgcc.a(_udivmod16.o)
 .debug_abbrev  0x0000003c       0x14 /usr/local/msp430/bin/../lib/gcc/msp430/4.7.0/mmpy-16/libgcc.a(_divmod16.o)
 .debug_abbrev  0x00000050       0x14 /usr/local/msp430/bin/../lib/gcc/msp430/4.7.0/mmpy-16/libgcc.a(_udivmod32.o)
 .debug_abbrev  0x00000064       0xfa /usr/local/msp430/bin/../lib/gcc/msp430/4.7.0/../../../../msp430/lib/mmpy-16/libc.a(printf.o)
 .debug_abbrev  0x0000015e      0x23e /usr/local/msp430/bin/../lib/gcc/msp430/4.7.0/../../../../msp430/lib/mmpy-16/libc.a(vuprintf.o)
 .debug_abbrev  0x0000039c       0xa3 /usr/local/msp430/bin/../lib/gcc/msp430/4.7.0/../../../../msp430/lib/mmpy-16/libc.a(puts.o)
 .debug_abbrev  0x0000043f       0xfb /usr/local/msp430/bin/../lib/gcc/msp430/4.7.0/../../../../msp430/lib/mmpy-16/libc.a(rand.o)
 .debug_abbrev  0x0000053a       0x65 /usr/local/msp430/bin/../lib/gcc/msp430/4.7.0/../../../../msp430/lib/mmpy-16/libc.a(strcmp.o)