Archive member included because of file (symbol)

contiki-sky.a(servreg-hack.o)
                              unicast-receiver.co (servreg_hack_init)
contiki-sky.a(contiki-sky-pla)
                              obj_sky/contiki-sky-main.o (init_platform)
contiki-sky.a(button-sensor.o)
                              contiki-sky.a(contiki-sky-pla) (button_sensor)
contiki-sky.a(ds2411.o)       obj_sky/contiki-sky-main.o (ds2411_init)
contiki-sky.a(xmem.o)         obj_sky/contiki-sky-main.o (xmem_init)
contiki-sky.a(node-id.o)      obj_sky/contiki-sky-main.o (node_id_restore)
contiki-sky.a(sensors.o)      contiki-sky.a(button-sensor.o) (sensors_changed)
contiki-sky.a(cc2420.o)       obj_sky/contiki-sky-main.o (cc2420_set_pan_addr)
contiki-sky.a(cc2420-arch.o)  contiki-sky.a(cc2420.o) (cc2420_arch_init)
contiki-sky.a(uart1.o)        obj_sky/contiki-sky-main.o (uart1_active)
contiki-sky.a(uart1-putchar.o)
                              unicast-receiver.co (putchar)
contiki-sky.a(msp430.o)       contiki-sky.a(uart1.o) (msp430_add_lpm_req)
contiki-sky.a(clock.o)        obj_sky/contiki-sky-main.o (clock_init)
contiki-sky.a(leds.o)         obj_sky/contiki-sky-main.o (leds_init)
contiki-sky.a(leds-arch.o)    contiki-sky.a(leds.o) (leds_arch_init)
contiki-sky.a(watchdog.o)     obj_sky/contiki-sky-main.o (watchdog_start)
contiki-sky.a(rtimer-arch.o)  obj_sky/contiki-sky-main.o (rtimer_arch_now)
contiki-sky.a(autostart.o)    obj_sky/contiki-sky-main.o (autostart_start)
contiki-sky.a(ctimer.o)       obj_sky/contiki-sky-main.o (ctimer_init)
contiki-sky.a(energest.o)     obj_sky/contiki-sky-main.o (energest_init)
contiki-sky.a(etimer.o)       contiki-sky.a(clock.o) (etimer_request_poll)
contiki-sky.a(process.o)      contiki-sky.a(servreg-hack.o) (process_current)
contiki-sky.a(rtimer.o)       obj_sky/contiki-sky-main.o (rtimer_init)
contiki-sky.a(timer.o)        obj_sky/contiki-sky-main.o (timer_set)
contiki-sky.a(list.o)         contiki-sky.a(servreg-hack.o) (list_init)
contiki-sky.a(memb.o)         contiki-sky.a(servreg-hack.o) (memb_init)
contiki-sky.a(random.o)       obj_sky/contiki-sky-main.o (random_init)
contiki-sky.a(sicslowpan.o)   obj_sky/contiki-sky-main.o (sicslowpan_driver)
contiki-sky.a(uip6.o)         contiki-sky.a(sicslowpan.o) (uip_aligned_buf)
contiki-sky.a(uip-ds6.o)      contiki-sky.a(uip6.o) (uip_ds6_is_addr_onlink)
contiki-sky.a(uip-ds6-nbr.o)  contiki-sky.a(uip-ds6.o) (uip_ds6_neighbors_init)
contiki-sky.a(uip-ds6-route.o)
                              contiki-sky.a(uip-ds6.o) (uip_ds6_route_init)
contiki-sky.a(uip-icmp6.o)    contiki-sky.a(uip6.o) (uip_icmp6_input)
contiki-sky.a(uip-nd6.o)      contiki-sky.a(uip6.o) (uip_nd6_init)
contiki-sky.a(simple-udp.o)   unicast-receiver.co (simple_udp_register)
contiki-sky.a(tcpip.o)        contiki-sky.a(sicslowpan.o) (tcpip_set_outputfunc)
contiki-sky.a(uip-debug.o)    unicast-receiver.co (uip_debug_ipaddr_print)
contiki-sky.a(uip-udp-packet.)
                              contiki-sky.a(servreg-hack.o) (uip_udp_packet_send)
contiki-sky.a(rpl.o)          contiki-sky.a(uip-ds6-nbr.o) (rpl_link_neighbor_callback)
contiki-sky.a(rpl-dag.o)      contiki-sky.a(rpl.o) (rpl_dag_init)
contiki-sky.a(rpl-ext-header.)
                              contiki-sky.a(uip6.o) (rpl_verify_header)
contiki-sky.a(rpl-icmp6.o)    contiki-sky.a(rpl.o) (dao_output_target)
contiki-sky.a(rpl-mrhof.o)    contiki-sky.a(rpl.o) (rpl_mrhof)
contiki-sky.a(rpl-timers.o)   contiki-sky.a(rpl.o) (rpl_reset_periodic_timer)
contiki-sky.a(csma.o)         obj_sky/contiki-sky-main.o (csma_driver)
contiki-sky.a(framer-802154.o)
                              contiki-sky.a(sicslowpan.o) (framer_802154)
contiki-sky.a(framer.o)       contiki-sky.a(framer-802154.o) (framer_canonical_create_and_secure)
contiki-sky.a(mac.o)          contiki-sky.a(csma.o) (mac_call_sent_callback)
contiki-sky.a(linkaddr.o)     obj_sky/contiki-sky-main.o (linkaddr_copy)
contiki-sky.a(nbr-table.o)    contiki-sky.a(uip-ds6-nbr.o) (nbr_table_register)
contiki-sky.a(packetbuf.o)    contiki-sky.a(framer-802154.o) (packetbuf_hdrreduce)
contiki-sky.a(queuebuf.o)     obj_sky/contiki-sky-main.o (queuebuf_init)
contiki-sky.a(contikimac.o)   obj_sky/contiki-sky-main.o (contikimac_driver)
contiki-sky.a(nullsec.o)      obj_sky/contiki-sky-main.o (nullsec_driver)
contiki-sky.a(spi.o)          contiki-sky.a(xmem.o) (spi_init)
contiki-sky.a(compower.o)     contiki-sky.a(contikimac.o) (compower_idle_activity)
contiki-sky.a(stimer.o)       contiki-sky.a(uip-ds6.o) (stimer_set)
contiki-sky.a(frame802154.o)  contiki-sky.a(framer-802154.o) (frame802154_hdrlen)
contiki-sky.a(mac-sequence.o)
                              contiki-sky.a(contikimac.o) (mac_sequence_is_duplicate)
/usr/local/msp430/bin/../lib/gcc/msp430/4.7.0/mmpy-16/libgcc.a(_mulsi3.o)
                              contiki-sky.a(rpl-timers.o) (__mulsi3)
/usr/local/msp430/bin/../lib/gcc/msp430/4.7.0/mmpy-16/libgcc.a(_udivmod16.o)
[...]
Memory Configuration

Name             Origin             Length             Attributes
sfr              0x00000000         0x00000010
peripheral_8bit  0x00000010         0x000000f0
peripheral_16bit 0x00000100         0x00000100
ram_mirror       0x00000200         0x00000800         xw
infomem          0x00001000         0x00000100
infob            0x00001000         0x00000080
infoa            0x00001080         0x00000080
ram              0x00001100         0x00002800         xw
rom              0x00004000         0x0000bfe0         xr
vectors          0x0000ffe0         0x00000020
bsl              0x00000000         0x00000000
infoc            0x00000000         0x00000000
infod            0x00000000         0x00000000
ram2             0x00000000         0x00000000         xw
usbram           0x00000000         0x00000000         xw
far_rom          0x00000000         0x00000000
*default*        0x00000000         0xffffffff

Linker script and memory map

LOAD /usr/local/msp430/bin/../lib/gcc/msp430/4.7.0/mmpy-16/crt0ivtbl16.o
LOAD unicast-receiver.co
LOAD obj_sky/contiki-sky-main.o
LOAD contiki-sky.a
LOAD /usr/local/msp430/bin/../lib/gcc/msp430/4.7.0/mmpy-16/libgcc.a
LOAD /usr/local/msp430/bin/../lib/gcc/msp430/4.7.0/../../../../msp430/lib/mmpy-16/libc.a
LOAD /usr/local/msp430/bin/../lib/gcc/msp430/4.7.0/mmpy-16/libgcc.a
LOAD /usr/local/msp430/bin/../lib/gcc/msp430/4.7.0/mmpy-16/libcrt0.a
                0x00000080                PROVIDE (__info_segment_size, 0x80)
                0x00001000                PROVIDE (__infob, 0x1000)
                0x00001080                PROVIDE (__infoa, 0x1080)
                0x00000000                __IE1 = 0x0
                0x00000002                __IFG1 = 0x2
                0x00000004                __ME1 = 0x4
                0x00000001                __IE2 = 0x1
                0x00000003                __IFG2 = 0x3
                0x00000005                __ME2 = 0x5
                0x00000120                __WDTCTL = 0x120
                0x00000130                __MPY = 0x130
                0x00000132                __MPYS = 0x132
                0x00000134                __MAC = 0x134
                0x00000136                __MACS = 0x136
                0x00000138                __OP2 = 0x138
                0x0000013a                __RESLO = 0x13a
                0x0000013c                __RESHI = 0x13c
                0x0000013e                __SUMEXT = 0x13e
                0x00000020                __P1IN = 0x20
                0x00000021                __P1OUT = 0x21
                0x00000022                __P1DIR = 0x22
                0x00000023                __P1IFG = 0x23
                0x00000024                __P1IES = 0x24
                0x00000025                __P1IE = 0x25
                0x00000026                __P1SEL = 0x26
                0x00000028                __P2IN = 0x28
                0x00000029                __P2OUT = 0x29
                0x0000002a                __P2DIR = 0x2a
                0x0000002b                __P2IFG = 0x2b
                0x0000002c                __P2IES = 0x2c
                0x0000002d                __P2IE = 0x2d
                0x0000002e                __P2SEL = 0x2e
                0x00000018                __P3IN = 0x18
                0x00000019                __P3OUT = 0x19
                0x0000001a                __P3DIR = 0x1a
                0x0000001b                __P3SEL = 0x1b
                0x0000001c                __P4IN = 0x1c
                0x0000001d                __P4OUT = 0x1d
                0x0000001e                __P4DIR = 0x1e
                0x0000001f                __P4SEL = 0x1f
                0x00000030                __P5IN = 0x30
                0x00000031                __P5OUT = 0x31
                0x00000032                __P5DIR = 0x32
                0x00000033                __P5SEL = 0x33
                0x00000034                __P6IN = 0x34
                0x00000035                __P6OUT = 0x35
                0x00000036                __P6DIR = 0x36
                0x00000037                __P6SEL = 0x37
                0x00000070                __U0CTL = 0x70
                0x00000071                __U0TCTL = 0x71
                0x00000072                __U0RCTL = 0x72
                0x00000073                __U0MCTL = 0x73
                0x00000074                __U0BR0 = 0x74
                0x00000075                __U0BR1 = 0x75
                0x00000076                __U0RXBUF = 0x76
                0x00000077                __U0TXBUF = 0x77
                0x00000078                __U1CTL = 0x78
                0x00000079                __U1TCTL = 0x79
                0x0000007a                __U1RCTL = 0x7a
                0x0000007b                __U1MCTL = 0x7b
                0x0000007c                __U1BR0 = 0x7c
                0x0000007d                __U1BR1 = 0x7d
                0x0000007e                __U1RXBUF = 0x7e
                0x0000007f                __U1TXBUF = 0x7f
                0x00000050                __I2CIE = 0x50
                0x00000051                __I2CIFG = 0x51
                0x00000052                __I2CNDAT = 0x52
                0x00000071                __I2CTCTL = 0x71
                0x00000072                __I2CDCTL = 0x72
                0x00000073                __I2CPSC = 0x73
                0x00000074                __I2CSCLH = 0x74
                0x00000075                __I2CSCLL = 0x75
                0x00000076                __I2CDRB = 0x76
                0x00000076                __I2CDRW = 0x76
                0x00000118                __I2COA = 0x118
                0x0000011a                __I2CSA = 0x11a
                0x0000011c                __I2CIV = 0x11c
                0x0000012e                __TAIV = 0x12e
                0x00000160                __TACTL = 0x160
                0x00000162                __TACCTL0 = 0x162
                0x00000164                __TACCTL1 = 0x164
                0x00000166                __TACCTL2 = 0x166
                0x00000170                __TAR = 0x170
                0x00000172                __TACCR0 = 0x172
                0x00000174                __TACCR1 = 0x174
                0x00000176                __TACCR2 = 0x176
                0x0000011e                __TBIV = 0x11e
                0x00000180                __TBCTL = 0x180
                0x00000182                __TBCCTL0 = 0x182
                0x00000184                __TBCCTL1 = 0x184
                0x00000186                __TBCCTL2 = 0x186
                0x00000188                __TBCCTL3 = 0x188
                0x0000018a                __TBCCTL4 = 0x18a
                0x0000018c                __TBCCTL5 = 0x18c
                0x0000018e                __TBCCTL6 = 0x18e
                0x00000190                __TBR = 0x190
                0x00000192                __TBCCR0 = 0x192
                0x00000194                __TBCCR1 = 0x194
                0x00000196                __TBCCR2 = 0x196
                0x00000198                __TBCCR3 = 0x198
                0x0000019a                __TBCCR4 = 0x19a
                0x0000019c                __TBCCR5 = 0x19c
                0x0000019e                __TBCCR6 = 0x19e
                0x00000056                __DCOCTL = 0x56
                0x00000057                __BCSCTL1 = 0x57
                0x00000058                __BCSCTL2 = 0x58
                0x00000055                __SVSCTL = 0x55
                0x00000128                __FCTL1 = 0x128
                0x0000012a                __FCTL2 = 0x12a
                0x0000012c                __FCTL3 = 0x12c
                0x00000059                __CACTL1 = 0x59
                0x0000005a                __CACTL2 = 0x5a
                0x0000005b                __CAPD = 0x5b
                0x000001a0                __ADC12CTL0 = 0x1a0
                0x000001a2                __ADC12CTL1 = 0x1a2
                0x000001a4                __ADC12IFG = 0x1a4
                0x000001a6                __ADC12IE = 0x1a6
                0x000001a8                __ADC12IV = 0x1a8
                0x00000140                __ADC12MEM0 = 0x140
                0x00000142                __ADC12MEM1 = 0x142
                0x00000144                __ADC12MEM2 = 0x144
                0x00000146                __ADC12MEM3 = 0x146
                0x00000148                __ADC12MEM4 = 0x148
                0x0000014a                __ADC12MEM5 = 0x14a
                0x0000014c                __ADC12MEM6 = 0x14c
                0x0000014e                __ADC12MEM7 = 0x14e
                0x00000150                __ADC12MEM8 = 0x150
                0x00000152                __ADC12MEM9 = 0x152
                0x00000154                __ADC12MEM10 = 0x154
                0x00000156                __ADC12MEM11 = 0x156
                0x00000158                __ADC12MEM12 = 0x158
                0x0000015a                __ADC12MEM13 = 0x15a
                0x0000015c                __ADC12MEM14 = 0x15c
                0x0000015e                __ADC12MEM15 = 0x15e
                0x00000080                __ADC12MCTL0 = 0x80
                0x00000081                __ADC12MCTL1 = 0x81
                0x00000082                __ADC12MCTL2 = 0x82
                0x00000083                __ADC12MCTL3 = 0x83
                0x00000084                __ADC12MCTL4 = 0x84
                0x00000085                __ADC12MCTL5 = 0x85
                0x00000086                __ADC12MCTL6 = 0x86
                0x00000087                __ADC12MCTL7 = 0x87
                0x00000088                __ADC12MCTL8 = 0x88
                0x00000089                __ADC12MCTL9 = 0x89
                0x0000008a                __ADC12MCTL10 = 0x8a
                0x0000008b                __ADC12MCTL11 = 0x8b
                0x0000008c                __ADC12MCTL12 = 0x8c
                0x0000008d                __ADC12MCTL13 = 0x8d
                0x0000008e                __ADC12MCTL14 = 0x8e
                0x0000008f                __ADC12MCTL15 = 0x8f
                0x000001c0                __DAC12_0CTL = 0x1c0
                0x000001c2                __DAC12_1CTL = 0x1c2
                0x000001c8                __DAC12_0DAT = 0x1c8
                0x000001ca                __DAC12_1DAT = 0x1ca
                0x00000122                __DMACTL0 = 0x122
                0x00000124                __DMACTL1 = 0x124
                0x000001e0                __DMA0CTL = 0x1e0
                0x000001e8                __DMA1CTL = 0x1e8
                0x000001f0                __DMA2CTL = 0x1f0
                0x000001e2                __DMA0SA = 0x1e2
                0x000001e4                __DMA0DA = 0x1e4
                0x000001e6                __DMA0SZ = 0x1e6
                0x000001ea                __DMA1SA = 0x1ea
                0x000001ec                __DMA1DA = 0x1ec
                0x000001ee                __DMA1SZ = 0x1ee
                0x000001f2                __DMA2SA = 0x1f2
                0x000001f4                __DMA2DA = 0x1f4
                0x000001f6                __DMA2SZ = 0x1f6

.hash
 *(.hash)

.dynsym
 *(.dynsym)

.dynstr
 *(.dynstr)

.gnu.version
 *(.gnu.version)

.gnu.version_d
 *(.gnu.version_d)

.gnu.version_r
 *(.gnu.version_r)

.rel.init
 *(.rel.init)

.rela.init
 *(.rela.init)

.rel.fini
 *(.rel.fini)

.rela.fini
 *(.rela.fini)

.rel.text
 *(.rel.text .rel.text.* .rel.gnu.linkonce.t.*)

.rela.text
 *(.rela.text .rela.text.* .rela.gnu.linkonce.t.*)

.rel.rodata
 *(.rel.rodata .rel.rodata.* .rel.gnu.linkonce.r.*)

.rela.rodata
 *(.rela.rodata .rela.rodata.* .rela.gnu.linkonce.r.*)

.rel.data
 *(.rel.data .rel.data.* .rel.gnu.linkonce.d.*)

.rela.data
 *(.rela.data .rela.data.* .rela.gnu.linkonce.d.*)

.rel.bss
 *(.rel.bss .rel.bss.* .rel.gnu.linkonce.b.*)

.rela.bss
 *(.rela.bss .rela.bss.* .rela.gnu.linkonce.b.*)

.rel.ctors
 *(.rel.ctors)

.rela.ctors
 *(.rela.ctors)

.rel.dtors
 *(.rel.dtors)

.rela.dtors
 *(.rela.dtors)

.rel.got
 *(.rel.got)

.rela.got
 *(.rela.got)

.rel.plt
 *(.rel.plt)

.rela.plt
 *(.rela.plt)

.text           0x00004000     0xaaf2
                0x00004000                . = ALIGN (0x2)
 *(.init .init.*)
 *(.init0)
 .init0         0x00004000        0x0 /usr/local/msp430/bin/../lib/gcc/msp430/4.7.0/mmpy-16/libcrt0.a(_reset_vector__.o)
                0x00004000                _reset_vector__
 *(.init1)
 .init1         0x00004000        0xc /usr/local/msp430/bin/../lib/gcc/msp430/4.7.0/mmpy-16/libcrt0.a(__watchdog_support.o)
                0x00004000                __watchdog_support
 *(.init2)
 .init2         0x0000400c        0x4 /usr/local/msp430/bin/../lib/gcc/msp430/4.7.0/mmpy-16/libcrt0.a(__init_stack.o)
                0x0000400c                __init_stack
 *(.init3)
 .init3         0x00004010        0x0 /usr/local/msp430/bin/../lib/gcc/msp430/4.7.0/mmpy-16/libcrt0.a(__low_level_init.o)
                0x00004010                __low_level_init
 *(.init4)
 .init4         0x00004010       0x18 /usr/local/msp430/bin/../lib/gcc/msp430/4.7.0/mmpy-16/libcrt0.a(_copy_data.o)
                0x00004010                __do_copy_data
 .init4         0x00004028       0x16 /usr/local/msp430/bin/../lib/gcc/msp430/4.7.0/mmpy-16/libcrt0.a(_clear_bss.o)
                0x00004028                __do_clear_bss
 *(.init5)
 *(.init6)
 *(.init7)
 *(.init8)
 *(.init9)
 .init9         0x0000403e      0x2d6 obj_sky/contiki-sky-main.o
                0x0000403e                main
 *(.fini9)
 .fini9         0x00004314        0x0 /usr/local/msp430/bin/../lib/gcc/msp430/4.7.0/mmpy-16/libcrt0.a(__stop_progExec__.o)
                0x00004314                __stop_progExec__
 *(.fini8)
 *(.fini7)
 *(.fini6)
 *(.fini5)
 *(.fini4)
 *(.fini3)
 *(.fini2)
 *(.fini1)
 *(.fini0)
 .fini0         0x00004314        0x6 /usr/local/msp430/bin/../lib/gcc/msp430/4.7.0/mmpy-16/libcrt0.a(_endless_loop__.o)
                0x00004314                _endless_loop__
 *(.fini .fini.*)
                0x0000431a                . = ALIGN (0x2)
                0x0000431a                __ctors_start = .
 *(.ctors)
                0x0000431a                __ctors_end = .
                0x0000431a                __dtors_start = .
 *(.dtors)
                0x0000431a                __dtors_end = .
                0x0000431a                . = ALIGN (0x2)
 *(.text .text.* .gnu.linkonce.t.*)
 .text          0x0000431a        0x4 /usr/local/msp430/bin/../lib/gcc/msp430/4.7.0/mmpy-16/crt0ivtbl16.o
                0x0000431a                __isr_14
                0x0000431a                __isr_11
                0x0000431a                __isr_2
                0x0000431a                __isr_7
                0x0000431a                __isr_0
                0x0000431a                __isr_8
                0x0000431a                __isr_3
                0x0000431a                __isr_12
                0x0000431a                __isr_13
                0x0000431a                __isr_9
 .text.receiver
                0x0000431e       0x38 unicast-receiver.co
 .text.process_thread_unicast_receiver_process
                0x00004356      0x138 unicast-receiver.co
 .text.start_network_layer
                0x0000448e       0xa2 obj_sky/contiki-sky-main.o
 .text.purge_registrations
                0x00004530       0x7e contiki-sky.a(servreg-hack.o)
 .text.servreg_hack_init
                0x000045ae       0x2e contiki-sky.a(servreg-hack.o)
                0x000045ae                servreg_hack_init
 .text.servreg_hack_register
                0x000045dc       0x9a contiki-sky.a(servreg-hack.o)
                0x000045dc                servreg_hack_register
 .text.servreg_hack_list_head
                0x00004676        0xe contiki-sky.a(servreg-hack.o)
                0x00004676                servreg_hack_list_head
 .text.process_thread_servreg_hack_process
                0x00004684      0x232 contiki-sky.a(servreg-hack.o)
 .text.init_platform
                0x000048b6        0xc contiki-sky.a(contiki-sky-pla)
                0x000048b6                init_platform
 .text.status   0x000048c2       0x18 contiki-sky.a(button-sensor.o)
 .text.value    0x000048da       0x20 contiki-sky.a(button-sensor.o)
 .text.configure
                0x000048fa       0x4c contiki-sky.a(button-sensor.o)
 .text.irq_p2   0x00004946       0x88 contiki-sky.a(button-sensor.o)
                0x00004946                irq_p2
                0x00004946                __isr_1
 .text.owreadb  0x000049ce       0x50 contiki-sky.a(ds2411.o)
 .text.ds2411_init
                0x00004a1e      0x120 contiki-sky.a(ds2411.o)
                0x00004a1e                ds2411_init
 .text.wait_ready
                0x00004b3e       0x4a contiki-sky.a(xmem.o)
 .text.xmem_init
                0x00004b88       0x3c contiki-sky.a(xmem.o)
                0x00004b88                xmem_init
 .text.xmem_pread
                0x00004bc4       0xe0 contiki-sky.a(xmem.o)
                0x00004bc4                xmem_pread
 .text.node_id_restore
                0x00004ca4       0x38 contiki-sky.a(node-id.o)
                0x00004ca4                node_id_restore
 .text.process_thread_sensors_process
                0x00004cdc       0xc2 contiki-sky.a(sensors.o)
 .text.sensors_changed
                0x00004d9e       0x2a contiki-sky.a(sensors.o)
                0x00004d9e                sensors_changed
 .text.get_object
                0x00004dc8        0x4 contiki-sky.a(cc2420.o)
 .text.set_object
                0x00004dcc        0x4 contiki-sky.a(cc2420.o)
 .text.strobe   0x00004dd0       0x1c contiki-sky.a(cc2420.o)
 .text.getreg   0x00004dec       0x4c contiki-sky.a(cc2420.o)
 .text.setreg   0x00004e38       0x4c contiki-sky.a(cc2420.o)
 .text.write_ram
                0x00004e84       0x7c contiki-sky.a(cc2420.o)
 .text.write_fifo_buf
                0x00004f00       0x3c contiki-sky.a(cc2420.o)
 .text.get_status
                0x00004f3c       0x20 contiki-sky.a(cc2420.o)
 .text.set_txpower
                0x00004f5c       0x24 contiki-sky.a(cc2420.o)
 .text.cc2420_receiving_packet
                0x00004f80        0xc contiki-sky.a(cc2420.o)
 .text.pending_packet
                0x00004f8c        0x8 contiki-sky.a(cc2420.o)
 .text.on       0x00004f94       0x1e contiki-sky.a(cc2420.o)
 .text.wait_for_transmission
                0x00004fb2       0x22 contiki-sky.a(cc2420.o)
 .text.wait_for_status
                0x00004fd4       0x28 contiki-sky.a(cc2420.o)
 .text.getrxdata
                0x00004ffc       0x50 contiki-sky.a(cc2420.o)
 .text.flushrx  0x0000504c       0x1a contiki-sky.a(cc2420.o)
 .text.off      0x00005066       0x56 contiki-sky.a(cc2420.o)
 .text.RELEASE_LOCK
                0x000050bc       0x28 contiki-sky.a(cc2420.o)
 .text.set_key  0x000050e4       0x18 contiki-sky.a(cc2420.o)
 .text.cc2420_prepare
                0x000050fc       0x3c contiki-sky.a(cc2420.o)
 .text.cc2420_on
                0x00005138       0x22 contiki-sky.a(cc2420.o)
                0x00005138                cc2420_on
 .text.cc2420_off
                0x0000515a       0x30 contiki-sky.a(cc2420.o)
                0x0000515a                cc2420_off
 .text.cc2420_cca
                0x0000518a       0x68 contiki-sky.a(cc2420.o)
 .text.cc2420_read
                0x000051f2       0xac contiki-sky.a(cc2420.o)
 .text.process_thread_cc2420_process
                0x0000529e       0x54 contiki-sky.a(cc2420.o)
 .text.encrypt  0x000052f2       0x88 contiki-sky.a(cc2420.o)
 .text.cc2420_set_channel
                0x0000537a       0x3c contiki-sky.a(cc2420.o)
                0x0000537a                cc2420_set_channel
 .text.cc2420_set_pan_addr
                0x000053b6       0x4c contiki-sky.a(cc2420.o)
                0x000053b6                cc2420_set_pan_addr
 .text.cc2420_interrupt
                0x00005402       0x16 contiki-sky.a(cc2420.o)
                0x00005402                cc2420_interrupt
 .text.cc2420_set_txpower
                0x00005418        0xe contiki-sky.a(cc2420.o)
                0x00005418                cc2420_set_txpower
 .text.set_value
                0x00005426       0x74 contiki-sky.a(cc2420.o)
 .text.cc2420_get_txpower
                0x0000549a       0x1e contiki-sky.a(cc2420.o)
                0x0000549a                cc2420_get_txpower
 .text.cc2420_transmit
                0x000054b8      0x12c contiki-sky.a(cc2420.o)
 .text.cc2420_send
                0x000055e4       0x12 contiki-sky.a(cc2420.o)
 .text.cc2420_rssi
                0x000055f6       0x4c contiki-sky.a(cc2420.o)
                0x000055f6                cc2420_rssi
 .text.get_value
                0x00005642       0x86 contiki-sky.a(cc2420.o)
 .text.cc2420_set_cca_threshold
                0x000056c8       0x16 contiki-sky.a(cc2420.o)
                0x000056c8                cc2420_set_cca_threshold
 .text.cc2420_init
                0x000056de       0xd8 contiki-sky.a(cc2420.o)
                0x000056de                cc2420_init
 .text.cc2420_port1_interrupt
                0x000057b6       0x62 contiki-sky.a(cc2420-arch.o)
                0x000057b6                __isr_4
                0x000057b6                cc2420_port1_interrupt
 .text.cc2420_arch_init
                0x00005818       0x1a contiki-sky.a(cc2420-arch.o)
                0x00005818                cc2420_arch_init
 .text.uart1_active
                0x00005832       0x18 contiki-sky.a(uart1.o)
                0x00005832                uart1_active
 .text.uart1_writeb
                0x0000584a       0x18 contiki-sky.a(uart1.o)
                0x0000584a                uart1_writeb
 .text.uart1_init
                0x00005862       0xf4 contiki-sky.a(uart1.o)
                0x00005862                uart1_init
 .text.putchar  0x00005956       0x10 contiki-sky.a(uart1-putchar.o)
                0x00005956                putchar
 .text.msp430_init_dco
                0x00005966       0x82 contiki-sky.a(msp430.o)
                0x00005966                msp430_init_dco
 .text.msp430_add_lpm_req
                0x000059e8        0xc contiki-sky.a(msp430.o)
                0x000059e8                msp430_add_lpm_req
 .text.msp430_cpu_init
                0x000059f4       0x2a contiki-sky.a(msp430.o)
                0x000059f4                msp430_cpu_init
 .text.splhigh_
                0x00005a1e        0x8 contiki-sky.a(msp430.o)
                0x00005a1e                splhigh_
 .text.msp430_sync_dco
                0x00005a26       0x6c contiki-sky.a(msp430.o)
                0x00005a26                msp430_sync_dco
 .text.timera1  0x00005a92      0x11e contiki-sky.a(clock.o)
                0x00005a92                __isr_5
                0x00005a92                timera1
 .text.clock_time
                0x00005bb0       0x1a contiki-sky.a(clock.o)
                0x00005bb0                clock_time
 .text.clock_init
                0x00005bca       0x28 contiki-sky.a(clock.o)
                0x00005bca                clock_init
 .text.clock_delay
                0x00005bf2        0xc contiki-sky.a(clock.o)
                0x00005bf2                clock_delay
 .text.clock_seconds
                0x00005bfe       0x1a contiki-sky.a(clock.o)
                0x00005bfe                clock_seconds
 .text.show_leds
                0x00005c18       0xf0 contiki-sky.a(leds.o)
 .text.leds_init
                0x00005d08        0xa contiki-sky.a(leds.o)
                0x00005d08                leds_init
 .text.leds_on  0x00005d12        0xa contiki-sky.a(leds.o)
                0x00005d12                leds_on
 .text.leds_off
                0x00005d1c        0xe contiki-sky.a(leds.o)
                0x00005d1c                leds_off
 .text.leds_arch_init
                0x00005d2a        0xe contiki-sky.a(leds-arch.o)
                0x00005d2a                leds_arch_init
 .text.leds_arch_set
                0x00005d38       0x38 contiki-sky.a(leds-arch.o)
                0x00005d38                leds_arch_set
 .text.watchdog_interrupt
                0x00005d70        0x6 contiki-sky.a(watchdog.o)
                0x00005d70                __isr_10
                0x00005d70                watchdog_interrupt
 .text.watchdog_start
                0x00005d76       0x14 contiki-sky.a(watchdog.o)
                0x00005d76                watchdog_start
 .text.watchdog_periodic
                0x00005d8a       0x12 contiki-sky.a(watchdog.o)
                0x00005d8a                watchdog_periodic
 .text.watchdog_stop
                0x00005d9c       0x16 contiki-sky.a(watchdog.o)
                0x00005d9c                watchdog_stop
 .text.watchdog_init
                0x00005db2       0x12 contiki-sky.a(watchdog.o)
                0x00005db2                watchdog_init
 .text.rtimer_arch_init
                0x00005dc4        0xe contiki-sky.a(rtimer-arch.o)
                0x00005dc4                rtimer_arch_init
 .text.rtimer_arch_now
                0x00005dd2        0xe contiki-sky.a(rtimer-arch.o)
                0x00005dd2                rtimer_arch_now
 .text.timera0  0x00005de0       0x70 contiki-sky.a(rtimer-arch.o)
                0x00005de0                __isr_6
                0x00005de0                timera0
 .text.rtimer_arch_schedule
                0x00005e50        0x6 contiki-sky.a(rtimer-arch.o)
                0x00005e50                rtimer_arch_schedule
 .text.autostart_start
                0x00005e56       0x16 contiki-sky.a(autostart.o)
                0x00005e56                autostart_start
 .text.process_thread_ctimer_process
                0x00005e6c       0xa8 contiki-sky.a(ctimer.o)
 .text.ctimer_init
                0x00005f14       0x18 contiki-sky.a(ctimer.o)
                0x00005f14                ctimer_init
 .text.ctimer_set
                0x00005f2c       0x50 contiki-sky.a(ctimer.o)
                0x00005f2c                ctimer_set
 .text.ctimer_reset
                0x00005f7c       0x30 contiki-sky.a(ctimer.o)
                0x00005f7c                ctimer_reset
 .text.ctimer_stop
                0x00005fac       0x28 contiki-sky.a(ctimer.o)
                0x00005fac                ctimer_stop
 .text.energest_init
                0x00005fd4       0x26 contiki-sky.a(energest.o)
                0x00005fd4                energest_init
 .text.energest_type_time
                0x00005ffa       0x48 contiki-sky.a(energest.o)
                0x00005ffa                energest_type_time
 .text.energest_type_set
                0x00006042        0xe contiki-sky.a(energest.o)
                0x00006042                energest_type_set
 .text.energest_flush
                0x00006050       0x48 contiki-sky.a(energest.o)
                0x00006050                energest_flush
 .text.update_time
                0x00006098       0x78 contiki-sky.a(etimer.o)
 .text.etimer_request_poll
                0x00006110        0xa contiki-sky.a(etimer.o)
                0x00006110                etimer_request_poll
 .text.process_thread_etimer_process
                0x0000611a       0xcc contiki-sky.a(etimer.o)
 .text.add_timer
                0x000061e6       0x40 contiki-sky.a(etimer.o)
 .text.etimer_set
                0x00006226       0x12 contiki-sky.a(etimer.o)
                0x00006226                etimer_set
 .text.etimer_reset
                0x00006238       0x12 contiki-sky.a(etimer.o)
                0x00006238                etimer_reset
 .text.etimer_restart
                0x0000624a       0x12 contiki-sky.a(etimer.o)
                0x0000624a                etimer_restart
 .text.etimer_expired
                0x0000625c        0xe contiki-sky.a(etimer.o)
                0x0000625c                etimer_expired
 .text.etimer_expiration_time
                0x0000626a       0x14 contiki-sky.a(etimer.o)
                0x0000626a                etimer_expiration_time
 .text.etimer_pending
                0x0000627e        0xc contiki-sky.a(etimer.o)
                0x0000627e                etimer_pending
 .text.etimer_next_expiration_time
                0x0000628a       0x16 contiki-sky.a(etimer.o)
                0x0000628a                etimer_next_expiration_time
 .text.etimer_stop
                0x000062a0       0x3e contiki-sky.a(etimer.o)
                0x000062a0                etimer_stop
 .text.call_process
                0x000062de       0x46 contiki-sky.a(process.o)
 .text.exit_process
                0x00006324       0x96 contiki-sky.a(process.o)
 .text.do_poll  0x000063ba       0x30 contiki-sky.a(process.o)
 .text.process_alloc_event
                0x000063ea        0xe contiki-sky.a(process.o)
                0x000063ea                process_alloc_event
 .text.process_init
                0x000063f8       0x1c contiki-sky.a(process.o)
                0x000063f8                process_init
 .text.process_run
                0x00006414       0xa2 contiki-sky.a(process.o)
                0x00006414                process_run
 .text.process_nevents
                0x000064b6        0xe contiki-sky.a(process.o)
                0x000064b6                process_nevents
 .text.process_post
                0x000064c4       0x54 contiki-sky.a(process.o)
                0x000064c4                process_post
 .text.process_post_synch
                0x00006518       0x12 contiki-sky.a(process.o)
                0x00006518                process_post_synch
 .text.process_start
                0x0000652a       0x36 contiki-sky.a(process.o)
                0x0000652a                process_start
 .text.process_poll
                0x00006560       0x18 contiki-sky.a(process.o)
                0x00006560                process_poll
 .text.rtimer_init
                0x00006578        0x6 contiki-sky.a(rtimer.o)
                0x00006578                rtimer_init
 .text.rtimer_set
                0x0000657e       0x24 contiki-sky.a(rtimer.o)
                0x0000657e                rtimer_set
 .text.rtimer_run_next
                0x000065a2       0x26 contiki-sky.a(rtimer.o)
                0x000065a2                rtimer_run_next
 .text.rtimer_reset
                0x000065c8       0x18 contiki-sky.a(rtimer.o)
                0x000065c8                rtimer_reset
 .text.timer_set
                0x000065e0       0x1c contiki-sky.a(timer.o)
                0x000065e0                timer_set
 .text.timer_reset
                0x000065fc        0xe contiki-sky.a(timer.o)
                0x000065fc                timer_reset
 .text.timer_restart
                0x0000660a       0x14 contiki-sky.a(timer.o)
                0x0000660a                timer_restart
 .text.timer_expired
                0x0000661e       0x2a contiki-sky.a(timer.o)
                0x0000661e                timer_expired
 .text.list_init
                0x00006648        0x6 contiki-sky.a(list.o)
                0x00006648                list_init
 .text.list_head
                0x0000664e        0x4 contiki-sky.a(list.o)
                0x0000664e                list_head
 .text.list_tail
                0x00006652       0x12 contiki-sky.a(list.o)
                0x00006652                list_tail
 .text.list_remove
                0x00006664       0x34 contiki-sky.a(list.o)
                0x00006664                list_remove
 .text.list_push
                0x00006698       0x1a contiki-sky.a(list.o)
                0x00006698                list_push
 .text.list_add
                0x000066b2       0x2a contiki-sky.a(list.o)
                0x000066b2                list_add
 .text.list_length
                0x000066dc       0x10 contiki-sky.a(list.o)
                0x000066dc                list_length
 .text.list_item_next
                0x000066ec        0xc contiki-sky.a(list.o)
                0x000066ec                list_item_next
 .text.memb_init
                0x000066f8       0x36 contiki-sky.a(memb.o)
                0x000066f8                memb_init
 .text.memb_alloc
                0x0000672e       0x3e contiki-sky.a(memb.o)
                0x0000672e                memb_alloc
 .text.memb_free
                0x0000676c       0x3a contiki-sky.a(memb.o)
                0x0000676c                memb_free
 .text.memb_inmemb
                0x000067a6       0x2a contiki-sky.a(memb.o)
                0x000067a6                memb_inmemb
 .text.memb_numfree
                0x000067d0       0x26 contiki-sky.a(memb.o)
                0x000067d0                memb_numfree
 .text.random_init
                0x000067f6        0x6 contiki-sky.a(random.o)
                0x000067f6                random_init
 .text.random_rand
                0x000067fc        0x6 contiki-sky.a(random.o)
                0x000067fc                random_rand
 .text.set_packet_attrs
                0x00006802       0x46 contiki-sky.a(sicslowpan.o)
 .text.addr_context_lookup_by_number
                0x00006848       0x32 contiki-sky.a(sicslowpan.o)
 .text.compress_addr_64
                0x0000687a       0xae contiki-sky.a(sicslowpan.o)
 .text.uncompress_addr
                0x00006928       0xb4 contiki-sky.a(sicslowpan.o)
 .text.input    0x000069dc      0x64e contiki-sky.a(sicslowpan.o)
 .text.sicslowpan_init
                0x0000702a       0x26 contiki-sky.a(sicslowpan.o)
                0x0000702a                sicslowpan_init
 .text.addr_context_lookup_by_prefix
                0x00007050       0x4c contiki-sky.a(sicslowpan.o)
 .text.packet_sent
                0x0000709c       0x22 contiki-sky.a(sicslowpan.o)
 .text.send_packet
                0x000070be       0x1a contiki-sky.a(sicslowpan.o)
 .text.output   0x000070d8      0x6ec contiki-sky.a(sicslowpan.o)
 .text.chksum   0x000077c4       0x32 contiki-sky.a(uip6.o)
 .text.upper_layer_chksum
                0x000077f6       0x56 contiki-sky.a(uip6.o)
 .text.ext_hdr_options_process
                0x0000784c       0xd0 contiki-sky.a(uip6.o)
 .text.uip_add32
                0x0000791c       0x68 contiki-sky.a(uip6.o)
                0x0000791c                uip_add32
 .text.uip_add_rcv_nxt
                0x00007984       0x2e contiki-sky.a(uip6.o)
 .text.uip_icmp6chksum
                0x000079b2        0xa contiki-sky.a(uip6.o)
                0x000079b2                uip_icmp6chksum
 .text.uip_tcpchksum
                0x000079bc        0xa contiki-sky.a(uip6.o)
                0x000079bc                uip_tcpchksum
 .text.uip_udpchksum
                0x000079c6        0xa contiki-sky.a(uip6.o)
                0x000079c6                uip_udpchksum
 .text.uip_init
                0x000079d0       0x7a contiki-sky.a(uip6.o)
                0x000079d0                uip_init
 .text.remove_ext_hdr
                0x00007a4a       0x58 contiki-sky.a(uip6.o)
                0x00007a4a                remove_ext_hdr
 .text.uip_udp_new
                0x00007aa2       0xe4 contiki-sky.a(uip6.o)
                0x00007aa2                uip_udp_new
 .text.uip_unlisten
                0x00007b86       0x2a contiki-sky.a(uip6.o)
                0x00007b86                uip_unlisten
 .text.uip_process
                0x00007bb0      0xe8e contiki-sky.a(uip6.o)
                0x00007bb0                uip_process
 .text.uip_htonl
                0x00008a3e       0x2e contiki-sky.a(uip6.o)
                0x00008a3e                uip_htonl
 .text.uip_ds6_list_loop
                0x00008a6c       0x86 contiki-sky.a(uip-ds6.o)
                0x00008a6c                uip_ds6_list_loop
 .text.uip_ds6_prefix_add
                0x00008af2       0x80 contiki-sky.a(uip-ds6.o)
                0x00008af2                uip_ds6_prefix_add
 .text.uip_ds6_is_addr_onlink
                0x00008b72       0x54 contiki-sky.a(uip-ds6.o)
                0x00008b72                uip_ds6_is_addr_onlink
 .text.uip_ds6_addr_lookup
                0x00008bc6       0x2a contiki-sky.a(uip-ds6.o)
                0x00008bc6                uip_ds6_addr_lookup
 .text.uip_ds6_get_link_local
                0x00008bf0       0x3e contiki-sky.a(uip-ds6.o)
                0x00008bf0                uip_ds6_get_link_local
 .text.uip_ds6_maddr_add
                0x00008c2e       0x4c contiki-sky.a(uip-ds6.o)
                0x00008c2e                uip_ds6_maddr_add
 .text.uip_ds6_addr_add
                0x00008c7a       0xc4 contiki-sky.a(uip-ds6.o)
                0x00008c7a                uip_ds6_addr_add
 .text.uip_ds6_maddr_rm
                0x00008d3e        0xa contiki-sky.a(uip-ds6.o)
                0x00008d3e                uip_ds6_maddr_rm
 .text.uip_ds6_maddr_lookup
                0x00008d48       0x2a contiki-sky.a(uip-ds6.o)
                0x00008d48                uip_ds6_maddr_lookup
 .text.uip_ds6_addr_rm
                0x00008d72       0x54 contiki-sky.a(uip-ds6.o)
                0x00008d72                uip_ds6_addr_rm
 .text.uip_ds6_periodic
                0x00008dc6       0x4a contiki-sky.a(uip-ds6.o)
                0x00008dc6                uip_ds6_periodic
 .text.uip_ds6_set_addr_iid
                0x00008e10       0x14 contiki-sky.a(uip-ds6.o)
                0x00008e10                uip_ds6_set_addr_iid
 .text.get_match_length
                0x00008e24       0x44 contiki-sky.a(uip-ds6.o)
                0x00008e24                get_match_length
 .text.uip_ds6_select_src
                0x00008e68       0xaa contiki-sky.a(uip-ds6.o)
                0x00008e68                uip_ds6_select_src
 .text.uip_ds6_compute_reachable_time
                0x00008f12       0x3e contiki-sky.a(uip-ds6.o)
                0x00008f12                uip_ds6_compute_reachable_time
 .text.uip_ds6_init
                0x00008f50      0x154 contiki-sky.a(uip-ds6.o)
                0x00008f50                uip_ds6_init
 .text.uip_ds6_nbr_rm
                0x000090a4       0x1a contiki-sky.a(uip-ds6-nbr.o)
                0x000090a4                uip_ds6_nbr_rm
 .text.uip_ds6_neighbors_init
                0x000090be        0xe contiki-sky.a(uip-ds6-nbr.o)
                0x000090be                uip_ds6_neighbors_init
 .text.uip_ds6_nbr_add
                0x000090cc       0x60 contiki-sky.a(uip-ds6-nbr.o)
                0x000090cc                uip_ds6_nbr_add
 .text.uip_ds6_nbr_get_ll
                0x0000912c        0xc contiki-sky.a(uip-ds6-nbr.o)
                0x0000912c                uip_ds6_nbr_get_ll
 .text.uip_ds6_nbr_lookup
                0x00009138       0x42 contiki-sky.a(uip-ds6-nbr.o)
                0x00009138                uip_ds6_nbr_lookup
 .text.uip_ds6_nbr_ll_lookup
                0x0000917a        0xc contiki-sky.a(uip-ds6-nbr.o)
                0x0000917a                uip_ds6_nbr_ll_lookup
 .text.uip_ds6_nbr_ipaddr_from_lladdr
                0x00009186        0x6 contiki-sky.a(uip-ds6-nbr.o)
                0x00009186                uip_ds6_nbr_ipaddr_from_lladdr
 .text.uip_ds6_nbr_lladdr_from_ipaddr
                0x0000918c       0x12 contiki-sky.a(uip-ds6-nbr.o)
                0x0000918c                uip_ds6_nbr_lladdr_from_ipaddr
 .text.uip_ds6_link_neighbor_callback
                0x0000919e       0x2a contiki-sky.a(uip-ds6-nbr.o)
                0x0000919e                uip_ds6_link_neighbor_callback
 .text.uip_ds6_neighbor_periodic
                0x000091c8       0x60 contiki-sky.a(uip-ds6-nbr.o)
                0x000091c8                uip_ds6_neighbor_periodic
 .text.call_route_callback
                0x00009228       0x4c contiki-sky.a(uip-ds6-route.o)
 .text.uip_ds6_route_init
                0x00009274       0x36 contiki-sky.a(uip-ds6-route.o)
                0x00009274                uip_ds6_route_init
 .text.uip_ds6_route_nexthop
                0x000092aa       0x1a contiki-sky.a(uip-ds6-route.o)
                0x000092aa                uip_ds6_route_nexthop
 .text.uip_ds6_route_head
                0x000092c4        0xa contiki-sky.a(uip-ds6-route.o)
                0x000092c4                uip_ds6_route_head
 .text.uip_ds6_route_next
                0x000092ce        0xe contiki-sky.a(uip-ds6-route.o)
                0x000092ce                uip_ds6_route_next
 .text.uip_ds6_route_lookup
                0x000092dc       0x8c contiki-sky.a(uip-ds6-route.o)
                0x000092dc                uip_ds6_route_lookup
 .text.uip_ds6_route_rm
                0x00009368       0xa6 contiki-sky.a(uip-ds6-route.o)
                0x00009368                uip_ds6_route_rm
 .text.rm_routelist
                0x0000940e       0x34 contiki-sky.a(uip-ds6-route.o)
 .text.rm_routelist_callback
                0x00009442        0x6 contiki-sky.a(uip-ds6-route.o)
 .text.uip_ds6_route_add
                0x00009448      0x108 contiki-sky.a(uip-ds6-route.o)
                0x00009448                uip_ds6_route_add
 .text.uip_ds6_defrt_rm
                0x00009550       0x48 contiki-sky.a(uip-ds6-route.o)
                0x00009550                uip_ds6_defrt_rm
 .text.uip_ds6_defrt_lookup
                0x00009598       0x36 contiki-sky.a(uip-ds6-route.o)
                0x00009598                uip_ds6_defrt_lookup
 .text.uip_ds6_defrt_add
                0x000095ce       0x74 contiki-sky.a(uip-ds6-route.o)
                0x000095ce                uip_ds6_defrt_add
 .text.uip_ds6_defrt_choose
                0x00009642       0x3a contiki-sky.a(uip-ds6-route.o)
                0x00009642                uip_ds6_defrt_choose
 .text.uip_ds6_defrt_periodic
                0x0000967c       0x38 contiki-sky.a(uip-ds6-route.o)
                0x0000967c                uip_ds6_defrt_periodic
 .text.echo_reply_input
                0x000096b4      0x110 contiki-sky.a(uip-icmp6.o)
 .text.echo_request_input
                0x000097c4      0x12c contiki-sky.a(uip-icmp6.o)
 .text.uip_icmp6_input
                0x000098f0       0x48 contiki-sky.a(uip-icmp6.o)
                0x000098f0                uip_icmp6_input
 .text.uip_icmp6_register_input_handler
                0x00009938        0xc contiki-sky.a(uip-icmp6.o)
                0x00009938                uip_icmp6_register_input_handler
 .text.uip_icmp6_error_output
                0x00009944      0x17e contiki-sky.a(uip-icmp6.o)
                0x00009944                uip_icmp6_error_output
 .text.uip_icmp6_send
                0x00009ac2       0x94 contiki-sky.a(uip-icmp6.o)
                0x00009ac2                uip_icmp6_send
 .text.uip_icmp6_init
                0x00009b56       0x12 contiki-sky.a(uip-icmp6.o)
                0x00009b56                uip_icmp6_init
 .text.uip_nd6_init
                0x00009b68        0x2 contiki-sky.a(uip-nd6.o)
                0x00009b68                uip_nd6_init
 .text.process_thread_simple_udp_process
                0x00009b6a       0xae contiki-sky.a(simple-udp.o)
 .text.simple_udp_register
                0x00009c18       0x92 contiki-sky.a(simple-udp.o)
                0x00009c18                simple_udp_register
 .text.start_periodic_tcp_timer
                0x00009caa       0x16 contiki-sky.a(tcpip.o)
 .text.tcpip_output
                0x00009cc0       0x10 contiki-sky.a(tcpip.o)
                0x00009cc0                tcpip_output
 .text.tcpip_set_outputfunc
                0x00009cd0        0x6 contiki-sky.a(tcpip.o)
                0x00009cd0                tcpip_set_outputfunc
 .text.udp_new  0x00009cd6       0x1a contiki-sky.a(tcpip.o)
                0x00009cd6                udp_new
 .text.udp_broadcast_new
                0x00009cf0       0x46 contiki-sky.a(tcpip.o)
                0x00009cf0                udp_broadcast_new
 .text.tcpip_input
                0x00009d36       0x16 contiki-sky.a(tcpip.o)
                0x00009d36                tcpip_input
 .text.tcpip_ipv6_output
                0x00009d4c       0xd4 contiki-sky.a(tcpip.o)
                0x00009d4c                tcpip_ipv6_output
 .text.process_thread_tcpip_process
                0x00009e20      0x1d4 contiki-sky.a(tcpip.o)
 .text.tcpip_uipcall
                0x00009ff4       0x70 contiki-sky.a(tcpip.o)
                0x00009ff4                tcpip_uipcall
 .text.uip_debug_ipaddr_print
                0x0000a064       0x7e contiki-sky.a(uip-debug.o)
                0x0000a064                uip_debug_ipaddr_print
 .text.uip_udp_packet_send
                0x0000a0e2       0x2e contiki-sky.a(uip-udp-packet.)
                0x0000a0e2                uip_udp_packet_send
 .text.rpl_get_mode
                0x0000a110        0x6 contiki-sky.a(rpl.o)
                0x0000a110                rpl_get_mode
 .text.rpl_purge_routes
                0x0000a116       0x96 contiki-sky.a(rpl.o)
                0x0000a116                rpl_purge_routes
 .text.rpl_remove_routes
                0x0000a1ac       0x22 contiki-sky.a(rpl.o)
                0x0000a1ac                rpl_remove_routes
 .text.rpl_remove_routes_by_nexthop
                0x0000a1ce       0x46 contiki-sky.a(rpl.o)
                0x0000a1ce                rpl_remove_routes_by_nexthop
 .text.rpl_add_route
                0x0000a214       0x48 contiki-sky.a(rpl.o)
                0x0000a214                rpl_add_route
 .text.rpl_link_neighbor_callback
                0x0000a25c       0x6a contiki-sky.a(rpl.o)
                0x0000a25c                rpl_link_neighbor_callback
 .text.rpl_ipv6_neighbor_callback
                0x0000a2c6       0x1e contiki-sky.a(rpl.o)
                0x0000a2c6                rpl_ipv6_neighbor_callback
 .text.rpl_init
                0x0000a2e4       0x4a contiki-sky.a(rpl.o)
                0x0000a2e4                rpl_init
 .text.lollipop_greater_than
                0x0000a32e       0x3c contiki-sky.a(rpl-dag.o)
 .text.find_parent_any_dag_any_instance
                0x0000a36a       0x14 contiki-sky.a(rpl-dag.o)
 .text.rpl_set_preferred_parent
                0x0000a37e       0x30 contiki-sky.a(rpl-dag.o)
 .text.set_ip_from_prefix
                0x0000a3ae       0x38 contiki-sky.a(rpl-dag.o)
 .text.check_prefix
                0x0000a3e6       0x80 contiki-sky.a(rpl-dag.o)
 .text.rpl_get_nbr
                0x0000a466       0x1e contiki-sky.a(rpl-dag.o)
                0x0000a466                rpl_get_nbr
 .text.rpl_dag_init
                0x0000a484        0xe contiki-sky.a(rpl-dag.o)
                0x0000a484                rpl_dag_init
 .text.rpl_get_parent
                0x0000a492        0xc contiki-sky.a(rpl-dag.o)
                0x0000a492                rpl_get_parent
 .text.rpl_get_parent_ipaddr
                0x0000a49e       0x10 contiki-sky.a(rpl-dag.o)
                0x0000a49e                rpl_get_parent_ipaddr
 .text.rpl_set_prefix
                0x0000a4ae       0x8e contiki-sky.a(rpl-dag.o)
                0x0000a4ae                rpl_set_prefix
 .text.rpl_set_default_route
                0x0000a53c       0x64 contiki-sky.a(rpl-dag.o)
                0x0000a53c                rpl_set_default_route
 .text.rpl_alloc_instance
                0x0000a5a0       0x2c contiki-sky.a(rpl-dag.o)
                0x0000a5a0                rpl_alloc_instance
 .text.rpl_add_parent
                0x0000a5cc       0x56 contiki-sky.a(rpl-dag.o)
                0x0000a5cc                rpl_add_parent
 .text.rpl_find_parent
                0x0000a622       0x1c contiki-sky.a(rpl-dag.o)
                0x0000a622                rpl_find_parent
 .text.rpl_find_parent_any_dag
                0x0000a63e       0x24 contiki-sky.a(rpl-dag.o)
                0x0000a63e                rpl_find_parent_any_dag
 .text.rpl_select_parent
                0x0000a662       0x62 contiki-sky.a(rpl-dag.o)
                0x0000a662                rpl_select_parent
 .text.rpl_select_dag
                0x0000a6c4      0x1ae contiki-sky.a(rpl-dag.o)
                0x0000a6c4                rpl_select_dag
 .text.rpl_nullify_parent
                0x0000a872       0x4e contiki-sky.a(rpl-dag.o)
                0x0000a872                rpl_nullify_parent
 .text.rpl_remove_parent
                0x0000a8c0       0x16 contiki-sky.a(rpl-dag.o)
                0x0000a8c0                rpl_remove_parent
 .text.nbr_callback
                0x0000a8d6        0x6 contiki-sky.a(rpl-dag.o)
 .text.remove_parents.constprop.5
                0x0000a8dc       0x32 contiki-sky.a(rpl-dag.o)
 .text.rpl_free_dag
                0x0000a90e       0x34 contiki-sky.a(rpl-dag.o)
                0x0000a90e                rpl_free_dag
 .text.rpl_free_instance
                0x0000a942       0x66 contiki-sky.a(rpl-dag.o)
                0x0000a942                rpl_free_instance
 .text.rpl_move_parent
                0x0000a9a8       0x5a contiki-sky.a(rpl-dag.o)
                0x0000a9a8                rpl_move_parent
 .text.rpl_get_any_dag
                0x0000aa02       0x16 contiki-sky.a(rpl-dag.o)
                0x0000aa02                rpl_get_any_dag
 .text.rpl_get_instance
                0x0000aa18       0x16 contiki-sky.a(rpl-dag.o)
                0x0000aa18                rpl_get_instance
 .text.get_dag  0x0000aa2e       0x58 contiki-sky.a(rpl-dag.o)
 .text.rpl_alloc_dag
                0x0000aa86       0x66 contiki-sky.a(rpl-dag.o)
                0x0000aa86                rpl_alloc_dag
 .text.rpl_set_root
                0x0000aaec       0xec contiki-sky.a(rpl-dag.o)
                0x0000aaec                rpl_set_root
 .text.rpl_repair_root
                0x0000abd8       0x4c contiki-sky.a(rpl-dag.o)
                0x0000abd8                rpl_repair_root
 .text.rpl_find_of
                0x0000ac24       0x10 contiki-sky.a(rpl-dag.o)
                0x0000ac24                rpl_find_of
 .text.rpl_join_instance
                0x0000ac34      0x13c contiki-sky.a(rpl-dag.o)
                0x0000ac34                rpl_join_instance
 .text.rpl_local_repair
                0x0000ad70       0x80 contiki-sky.a(rpl-dag.o)
                0x0000ad70                rpl_local_repair
 .text.rpl_process_parent_event
                0x0000adf0       0x80 contiki-sky.a(rpl-dag.o)
                0x0000adf0                rpl_process_parent_event
 .text.rpl_recalculate_ranks
                0x0000ae70       0x46 contiki-sky.a(rpl-dag.o)
                0x0000ae70                rpl_recalculate_ranks
 .text.rpl_add_dag
                0x0000aeb6      0x112 contiki-sky.a(rpl-dag.o)
                0x0000aeb6                rpl_add_dag
 .text.rpl_process_dio
                0x0000afc8      0x2bc contiki-sky.a(rpl-dag.o)
                0x0000afc8                rpl_process_dio
 .text.rpl_lock_parent
                0x0000b284        0xc contiki-sky.a(rpl-dag.o)
                0x0000b284                rpl_lock_parent
 .text.rpl_verify_header
                0x0000b290       0xb2 contiki-sky.a(rpl-ext-header.)
                0x0000b290                rpl_verify_header
 .text.rpl_update_header_empty
                0x0000b342      0x132 contiki-sky.a(rpl-ext-header.)
                0x0000b342                rpl_update_header_empty
 .text.rpl_update_header_final
                0x0000b474       0x90 contiki-sky.a(rpl-ext-header.)
                0x0000b474                rpl_update_header_final
 .text.rpl_invert_header
                0x0000b504       0x7c contiki-sky.a(rpl-ext-header.)
                0x0000b504                rpl_invert_header
 .text.rpl_insert_header
                0x0000b580       0x12 contiki-sky.a(rpl-ext-header.)
                0x0000b580                rpl_insert_header
 .text.get32    0x0000b592       0x46 contiki-sky.a(rpl-icmp6.o)
 .text.set32    0x0000b5d8       0x2a contiki-sky.a(rpl-icmp6.o)
 .text.get16    0x0000b602        0xe contiki-sky.a(rpl-icmp6.o)
 .text.set16    0x0000b610       0x10 contiki-sky.a(rpl-icmp6.o)
 .text.dao_ack_input
                0x0000b620        0x6 contiki-sky.a(rpl-icmp6.o)
 .text.dio_input
                0x0000b626      0x2d8 contiki-sky.a(rpl-icmp6.o)
 .text.dis_output
                0x0000b8fe       0x50 contiki-sky.a(rpl-icmp6.o)
                0x0000b8fe                dis_output
 .text.dio_output
                0x0000b94e      0x264 contiki-sky.a(rpl-icmp6.o)
                0x0000b94e                dio_output
 .text.dis_input
                0x0000bbb2       0x28 contiki-sky.a(rpl-icmp6.o)
 .text.dao_output_target
                0x0000bbda       0xe4 contiki-sky.a(rpl-icmp6.o)
                0x0000bbda                dao_output_target
 .text.dao_output
                0x0000bcbe       0x7e contiki-sky.a(rpl-icmp6.o)
                0x0000bcbe                dao_output
 .text.dao_ack_output
                0x0000bd3c       0x32 contiki-sky.a(rpl-icmp6.o)
                0x0000bd3c                dao_ack_output
 .text.dao_input
                0x0000bd6e      0x2ac contiki-sky.a(rpl-icmp6.o)
 .text.rpl_icmp6_register_handlers
                0x0000c01a       0x22 contiki-sky.a(rpl-icmp6.o)
                0x0000c01a                rpl_icmp6_register_handlers
 .text.reset    0x0000c03c        0x2 contiki-sky.a(rpl-mrhof.o)
 .text.update_metric_container
                0x0000c03e        0x6 contiki-sky.a(rpl-mrhof.o)
 .text.calculate_rank
                0x0000c044       0x42 contiki-sky.a(rpl-mrhof.o)
 .text.neighbor_link_callback
                0x0000c086       0x9c contiki-sky.a(rpl-mrhof.o)
 .text.best_dag
                0x0000c122       0x2e contiki-sky.a(rpl-mrhof.o)
 .text.best_parent
                0x0000c150       0x74 contiki-sky.a(rpl-mrhof.o)
 .text.set_dao_lifetime_timer
                0x0000c1c4       0x66 contiki-sky.a(rpl-timers.o)
 .text.new_dio_interval
                0x0000c22a       0x92 contiki-sky.a(rpl-timers.o)
 .text.handle_periodic_timer
                0x0000c2bc       0x2e contiki-sky.a(rpl-timers.o)
 .text.schedule_dao
                0x0000c2ea       0x82 contiki-sky.a(rpl-timers.o)
 .text.handle_dao_timer
                0x0000c36c       0x64 contiki-sky.a(rpl-timers.o)
 .text.handle_dio_timer
                0x0000c3d0       0x88 contiki-sky.a(rpl-timers.o)
 .text.rpl_reset_periodic_timer
                0x0000c458       0x54 contiki-sky.a(rpl-timers.o)
                0x0000c458                rpl_reset_periodic_timer
 .text.rpl_reset_dio_timer
                0x0000c4ac       0x18 contiki-sky.a(rpl-timers.o)
                0x0000c4ac                rpl_reset_dio_timer
 .text.rpl_schedule_dao
                0x0000c4c4        0xc contiki-sky.a(rpl-timers.o)
                0x0000c4c4                rpl_schedule_dao
 .text.input_packet
                0x0000c4d0        0x6 contiki-sky.a(csma.o)
 .text.on       0x0000c4d6        0x6 contiki-sky.a(csma.o)
 .text.off      0x0000c4dc        0x6 contiki-sky.a(csma.o)
 .text.channel_check_interval
                0x0000c4e2       0x10 contiki-sky.a(csma.o)
 .text.transmit_packet_list
                0x0000c4f2       0x24 contiki-sky.a(csma.o)
 .text.init     0x0000c516       0x1a contiki-sky.a(csma.o)
 .text.send_packet
                0x0000c530      0x186 contiki-sky.a(csma.o)
 .text.free_packet
                0x0000c6b6       0x9c contiki-sky.a(csma.o)
 .text.packet_sent
                0x0000c752      0x132 contiki-sky.a(csma.o)
 .text.create_frame.isra.0
                0x0000c884      0x108 contiki-sky.a(framer-802154.o)
 .text.create   0x0000c98c        0x8 contiki-sky.a(framer-802154.o)
 .text.hdr_length
                0x0000c994        0x8 contiki-sky.a(framer-802154.o)
 .text.parse    0x0000c99c       0xa2 contiki-sky.a(framer-802154.o)
 .text.framer_canonical_create_and_secure
                0x0000ca3e       0x20 contiki-sky.a(framer.o)
                0x0000ca3e                framer_canonical_create_and_secure
 .text.mac_call_sent_callback
                0x0000ca5e       0x14 contiki-sky.a(mac.o)
                0x0000ca5e                mac_call_sent_callback
 .text.linkaddr_copy
                0x0000ca72        0x8 contiki-sky.a(linkaddr.o)
                0x0000ca72                linkaddr_copy
 .text.linkaddr_cmp
                0x0000ca7a       0x12 contiki-sky.a(linkaddr.o)
                0x0000ca7a                linkaddr_cmp
 .text.linkaddr_set_node_addr
                0x0000ca8c        0xc contiki-sky.a(linkaddr.o)
                0x0000ca8c                linkaddr_set_node_addr
 .text.item_from_index
                0x0000ca98       0x2a contiki-sky.a(nbr-table.o)
 .text.index_from_key
                0x0000cac2       0x26 contiki-sky.a(nbr-table.o)
 .text.index_from_item
                0x0000cae8       0x1e contiki-sky.a(nbr-table.o)
 .text.nbr_set_bit
                0x0000cb06       0x58 contiki-sky.a(nbr-table.o)
 .text.index_from_lladdr
                0x0000cb5e       0x42 contiki-sky.a(nbr-table.o)
 .text.nbr_get_bit.constprop.0
                0x0000cba0       0x2e contiki-sky.a(nbr-table.o)
 .text.nbr_table_register
                0x0000cbce       0x26 contiki-sky.a(nbr-table.o)
                0x0000cbce                nbr_table_register
 .text.nbr_table_next
                0x0000cbf4       0x54 contiki-sky.a(nbr-table.o)
                0x0000cbf4                nbr_table_next
 .text.nbr_table_head
                0x0000cc48       0x3a contiki-sky.a(nbr-table.o)
                0x0000cc48                nbr_table_head
 .text.nbr_table_add_lladdr
                0x0000cc82      0x128 contiki-sky.a(nbr-table.o)
                0x0000cc82                nbr_table_add_lladdr
 .text.nbr_table_get_from_lladdr
                0x0000cdaa       0x2c contiki-sky.a(nbr-table.o)
                0x0000cdaa                nbr_table_get_from_lladdr
 .text.nbr_table_remove
                0x0000cdd6       0x32 contiki-sky.a(nbr-table.o)
                0x0000cdd6                nbr_table_remove
 .text.nbr_table_lock
                0x0000ce08       0x10 contiki-sky.a(nbr-table.o)
                0x0000ce08                nbr_table_lock
 .text.nbr_table_unlock
                0x0000ce18       0x10 contiki-sky.a(nbr-table.o)
                0x0000ce18                nbr_table_unlock
 .text.nbr_table_get_lladdr
                0x0000ce28       0x22 contiki-sky.a(nbr-table.o)
                0x0000ce28                nbr_table_get_lladdr
 .text.packetbuf_copyto_hdr
                0x0000ce4a       0x1c contiki-sky.a(packetbuf.o)
                0x0000ce4a                packetbuf_copyto_hdr
 .text.packetbuf_copyto
                0x0000ce66       0x52 contiki-sky.a(packetbuf.o)
                0x0000ce66                packetbuf_copyto
 .text.packetbuf_hdrreduce
                0x0000ceb8       0x1a contiki-sky.a(packetbuf.o)
                0x0000ceb8                packetbuf_hdrreduce
 .text.packetbuf_set_datalen
                0x0000ced2        0x6 contiki-sky.a(packetbuf.o)
                0x0000ced2                packetbuf_set_datalen
 .text.packetbuf_dataptr
                0x0000ced8        0xe contiki-sky.a(packetbuf.o)
                0x0000ced8                packetbuf_dataptr
 .text.packetbuf_hdrptr
                0x0000cee6        0xa contiki-sky.a(packetbuf.o)
                0x0000cee6                packetbuf_hdrptr
 .text.packetbuf_is_reference
                0x0000cef0        0xe contiki-sky.a(packetbuf.o)
                0x0000cef0                packetbuf_is_reference
 .text.packetbuf_compact
                0x0000cefe       0x48 contiki-sky.a(packetbuf.o)
                0x0000cefe                packetbuf_compact
 .text.packetbuf_reference_ptr
                0x0000cf46        0x6 contiki-sky.a(packetbuf.o)
                0x0000cf46                packetbuf_reference_ptr
 .text.packetbuf_datalen
                0x0000cf4c        0x6 contiki-sky.a(packetbuf.o)
                0x0000cf4c                packetbuf_datalen
 .text.packetbuf_hdrlen
                0x0000cf52       0x10 contiki-sky.a(packetbuf.o)
                0x0000cf52                packetbuf_hdrlen
 .text.packetbuf_totlen
                0x0000cf62        0xc contiki-sky.a(packetbuf.o)
                0x0000cf62                packetbuf_totlen
 .text.packetbuf_hdralloc
                0x0000cf6e       0x2e contiki-sky.a(packetbuf.o)
                0x0000cf6e                packetbuf_hdralloc
 .text.packetbuf_attr_clear
                0x0000cf9c       0x28 contiki-sky.a(packetbuf.o)
                0x0000cf9c                packetbuf_attr_clear
 .text.packetbuf_clear
                0x0000cfc4       0x1a contiki-sky.a(packetbuf.o)
                0x0000cfc4                packetbuf_clear
 .text.packetbuf_copyfrom
                0x0000cfde       0x2e contiki-sky.a(packetbuf.o)
                0x0000cfde                packetbuf_copyfrom
 .text.packetbuf_attr_copyto
                0x0000d00c       0x22 contiki-sky.a(packetbuf.o)
                0x0000d00c                packetbuf_attr_copyto
 .text.packetbuf_attr_copyfrom
                0x0000d02e       0x24 contiki-sky.a(packetbuf.o)
                0x0000d02e                packetbuf_attr_copyfrom
 .text.packetbuf_holds_broadcast
                0x0000d052        0xe contiki-sky.a(packetbuf.o)
                0x0000d052                packetbuf_holds_broadcast
 .text.queuebuf_init
                0x0000d060       0x1a contiki-sky.a(queuebuf.o)
                0x0000d060                queuebuf_init
 .text.queuebuf_numfree
                0x0000d07a       0x18 contiki-sky.a(queuebuf.o)
                0x0000d07a                queuebuf_numfree
 .text.queuebuf_new_from_packetbuf
                0x0000d092       0x88 contiki-sky.a(queuebuf.o)
                0x0000d092                queuebuf_new_from_packetbuf
 .text.queuebuf_update_attr_from_packetbuf
                0x0000d11a       0x12 contiki-sky.a(queuebuf.o)
                0x0000d11a                queuebuf_update_attr_from_packetbuf
 .text.queuebuf_update_from_packetbuf
                0x0000d12c       0x22 contiki-sky.a(queuebuf.o)
                0x0000d12c                queuebuf_update_from_packetbuf
 .text.queuebuf_free
                0x0000d14e       0x40 contiki-sky.a(queuebuf.o)
                0x0000d14e                queuebuf_free
 .text.queuebuf_to_packetbuf
                0x0000d18e       0x6e contiki-sky.a(queuebuf.o)
                0x0000d18e                queuebuf_to_packetbuf
 .text.queuebuf_attr
                0x0000d1fc        0xe contiki-sky.a(queuebuf.o)
                0x0000d1fc                queuebuf_attr
 .text.duty_cycle
                0x0000d20a        0x6 contiki-sky.a(contikimac.o)
 .text.init     0x0000d210       0x2a contiki-sky.a(contikimac.o)
 .text.on       0x0000d23a       0x1a contiki-sky.a(contikimac.o)
 .text.off      0x0000d254       0x22 contiki-sky.a(contikimac.o)
 .text.recv_burst_off
                0x0000d276        0xa contiki-sky.a(contikimac.o)
 .text.turn_off
                0x0000d280       0x20 contiki-sky.a(contikimac.o)
 .text.set_interrupt
                0x0000d2a0       0x24 contiki-sky.a(contikimac.o)
 .text.turn_on  0x0000d2c4       0x30 contiki-sky.a(contikimac.o)
 .text.powercycle_turn_radio_off
                0x0000d2f4       0x30 contiki-sky.a(contikimac.o)
 .text.input_packet
                0x0000d324       0xa2 contiki-sky.a(contikimac.o)
 .text.send_packet.isra.7
                0x0000d3c6      0x210 contiki-sky.a(contikimac.o)
 .text.qsend_list
                0x0000d5d6       0xc4 contiki-sky.a(contikimac.o)
 .text.qsend_packet
                0x0000d69a       0x28 contiki-sky.a(contikimac.o)
 .text.schedule_powercycle_fixed
                0x0000d6c2       0x3e contiki-sky.a(contikimac.o)
                0x0000d6c2                schedule_powercycle_fixed
 .text.powercycle
                0x0000d700      0x1ce contiki-sky.a(contikimac.o)
 .text.bootstrap
                0x0000d8ce        0x4 contiki-sky.a(nullsec.o)
 .text.send     0x0000d8d2        0xa contiki-sky.a(nullsec.o)
 .text.on_frame_created
                0x0000d8dc        0x4 contiki-sky.a(nullsec.o)
 .text.input    0x0000d8e0        0x6 contiki-sky.a(nullsec.o)
 .text.get_overhead
                0x0000d8e6        0x4 contiki-sky.a(nullsec.o)
 .text.spi_init
                0x0000d8ea       0x30 contiki-sky.a(spi.o)
                0x0000d8ea                spi_init
 .text.compower_accumulate
                0x0000d91a       0x72 contiki-sky.a(compower.o)
                0x0000d91a                compower_accumulate
 .text.compower_clear
                0x0000d98c       0x12 contiki-sky.a(compower.o)
                0x0000d98c                compower_clear
 .text.compower_attrconv
                0x0000d99e       0x10 contiki-sky.a(compower.o)
                0x0000d99e                compower_attrconv
 .text.stimer_set
                0x0000d9ae       0x1c contiki-sky.a(stimer.o)
                0x0000d9ae                stimer_set
 .text.stimer_expired
                0x0000d9ca       0x30 contiki-sky.a(stimer.o)
                0x0000d9ca                stimer_expired
 .text.field_len
                0x0000d9fa       0x90 contiki-sky.a(frame802154.o)
 .text.frame802154_hdrlen
                0x0000da8a       0x2e contiki-sky.a(frame802154.o)
                0x0000da8a                frame802154_hdrlen
 .text.frame802154_create
                0x0000dab8      0x146 contiki-sky.a(frame802154.o)
                0x0000dab8                frame802154_create
 .text.frame802154_parse
                0x0000dbfe      0x1ba contiki-sky.a(frame802154.o)
                0x0000dbfe                frame802154_parse
 .text.mac_sequence_is_duplicate
                0x0000ddb8       0x44 contiki-sky.a(mac-sequence.o)
                0x0000ddb8                mac_sequence_is_duplicate
 .text.mac_sequence_register_seqno
                0x0000ddfc       0x72 contiki-sky.a(mac-sequence.o)
                0x0000ddfc                mac_sequence_register_seqno
 .text.libgcc   0x0000de6e       0x2c /usr/local/msp430/bin/../lib/gcc/msp430/4.7.0/mmpy-16/libgcc.a(_mulsi3.o)
                0x0000de6e                __mulsi3
 .text.libgcc   0x0000de9a       0x22 /usr/local/msp430/bin/../lib/gcc/msp430/4.7.0/mmpy-16/libgcc.a(_udivmod16.o)
                0x0000de9a                __udivhi3
                0x0000de9a                __ext_udivmod16
                0x0000deb4                __umodhi3
 .text.libgcc   0x0000debc       0x3a /usr/local/msp430/bin/../lib/gcc/msp430/4.7.0/mmpy-16/libgcc.a(_divmod16.o)
                0x0000debc                __ext_divmod16
                0x0000debc                __divhi3
                0x0000deee                __modhi3
 .text.libgcc   0x0000def6       0x40 /usr/local/msp430/bin/../lib/gcc/msp430/4.7.0/mmpy-16/libgcc.a(_udivmod32.o)
                0x0000def6                __udivsi3
                0x0000def6                __ext_udivmod32
                0x0000df2c                __umodsi3
 .text.printf   0x0000df36       0x10 /usr/local/msp430/bin/../lib/gcc/msp430/4.7.0/../../../../msp430/lib/mmpy-16/libc.a(printf.o)
                0x0000df36                printf
 .text.print_field
                0x0000df46      0x194 /usr/local/msp430/bin/../lib/gcc/msp430/4.7.0/../../../../msp430/lib/mmpy-16/libc.a(vuprintf.o)
 .text.vuprintf
                0x0000e0da      0x63c /usr/local/msp430/bin/../lib/gcc/msp430/4.7.0/../../../../msp430/lib/mmpy-16/libc.a(vuprintf.o)
                0x0000e0da                vuprintf
 .text.puts     0x0000e716       0x2c /usr/local/msp430/bin/../lib/gcc/msp430/4.7.0/../../../../msp430/lib/mmpy-16/libc.a(puts.o)
                0x0000e716                puts
 .text.rand     0x0000e742       0x26 /usr/local/msp430/bin/../lib/gcc/msp430/4.7.0/../../../../msp430/lib/mmpy-16/libc.a(rand.o)
                0x0000e742                rand
 .text.srand    0x0000e768        0xa /usr/local/msp430/bin/../lib/gcc/msp430/4.7.0/../../../../msp430/lib/mmpy-16/libc.a(rand.o)
                0x0000e768                srand
 .text.memcmp   0x0000e772       0x30 /usr/local/msp430/bin/../lib/gcc/msp430/4.7.0/../../../../msp430/lib/mmpy-16/libc.a(memcmp.o)
                0x0000e772                memcmp
 .text.memcpy   0x0000e7a2       0xfa /usr/local/msp430/bin/../lib/gcc/msp430/4.7.0/../../../../msp430/lib/mmpy-16/libc.a(memcpy.o)
                0x0000e7a2                memcpy
 .text.memmove  0x0000e89c       0xfa /usr/local/msp430/bin/../lib/gcc/msp430/4.7.0/../../../../msp430/lib/mmpy-16/libc.a(memmove.o)
                0x0000e89c                memmove
 .text.memset   0x0000e996       0x6a /usr/local/msp430/bin/../lib/gcc/msp430/4.7.0/../../../../msp430/lib/mmpy-16/libc.a(memset.o)
                0x0000e996                memset
 .text.libgcc   0x0000ea00       0xf0 /usr/local/msp430/bin/../lib/gcc/msp430/4.7.0/mmpy-16/libgcc.a(_udivmod64.o)
                0x0000ea00                __xabi_udivmod64
                0x0000ea5e                __udivdi3
                0x0000ea84                __umoddi3
                0x0000eab2                __udivmoddi4
 .text.crt0     0x0000eaf0        0x2 /usr/local/msp430/bin/../lib/gcc/msp430/4.7.0/mmpy-16/libcrt0.a(_unexpected_.o)
                0x0000eaf0                _unexpected_
 *(.near.text .near.text.*)

.rodata         0x0000eaf4      0x3a5
                0x0000eaf4                . = ALIGN (0x2)
 *(.rodata .rodata.* .gnu.linkonce.r.*)
 .rodata        0x0000eaf4       0x7a unicast-receiver.co
                0x0000eb48                autostart_processes
 .rodata        0x0000eb6e      0x124 obj_sky/contiki-sky-main.o
 .rodata        0x0000ec92       0x99 contiki-sky.a(servreg-hack.o)
 *fill*         0x0000ed2b        0x1 00
 .rodata        0x0000ed2c       0x10 contiki-sky.a(button-sensor.o)
                0x0000ed34                button_sensor
 .rodata        0x0000ed3c        0x8 contiki-sky.a(sensors.o)
 .rodata.get_value
                0x0000ed44       0x1c contiki-sky.a(cc2420.o)
 .rodata        0x0000ed60       0x3e contiki-sky.a(cc2420.o)
                0x0000ed60                cc2420_aes_128_driver
                0x0000ed64                cc2420_driver
 .rodata        0x0000ed9e        0xf contiki-sky.a(ctimer.o)
 .rodata        0x0000edad        0xc contiki-sky.a(etimer.o)
 *fill*         0x0000edb9        0x1 00
 .rodata        0x0000edba       0x24 contiki-sky.a(sicslowpan.o)
                0x0000edc6                sicslowpan_driver
                0x0000edcc                llprefix
                0x0000edce                unc_mxconf
                0x0000edd2                unc_ctxconf
                0x0000edd6                unc_llconf
 *fill*         0x0000edde        0x2 00
 .rodata.uip_process
                0x0000ede0       0x20 contiki-sky.a(uip6.o)
 .rodata        0x0000ee00       0x13 contiki-sky.a(simple-udp.o)
 .rodata        0x0000ee13        0xd contiki-sky.a(tcpip.o)
 .rodata        0x0000ee20       0x1a contiki-sky.a(uip-debug.o)
 .rodata        0x0000ee3a       0x14 contiki-sky.a(csma.o)
                0x0000ee40                csma_driver
 .rodata        0x0000ee4e        0x8 contiki-sky.a(framer-802154.o)
                0x0000ee4e                framer_802154
 .rodata        0x0000ee56        0x8 contiki-sky.a(linkaddr.o)
                0x0000ee56                linkaddr_null
 .rodata        0x0000ee5e       0x1e contiki-sky.a(contikimac.o)
                0x0000ee6a                contikimac_driver
 .rodata        0x0000ee7c       0x14 contiki-sky.a(nullsec.o)
                0x0000ee84                nullsec_driver
 .rodata        0x0000ee90        0x2 contiki-sky.a(frame802154.o)
 .rodata.vuprintf
                0x0000ee92        0x7 /usr/local/msp430/bin/../lib/gcc/msp430/4.7.0/../../../../msp430/lib/mmpy-16/libc.a(vuprintf.o)
 *(.near.rodata .near.rodata.*)
                0x0000ee9a                . = ALIGN (0x2)
                0x0000ee9a                _etext = .

.data           0x00001100      0x100 load address 0x0000ee9a
                0x00001100                . = ALIGN (0x2)
                0x00001100                __data_start = .
 *(.data .data.* .gnu.linkonce.d.*)
 .data          0x00001100        0xa unicast-receiver.co
                0x00001100                unicast_receiver_process
 .data          0x0000110a       0x12 contiki-sky.a(servreg-hack.o)
                0x0000110a                servreg_hack_process
 .data          0x0000111c        0x4 contiki-sky.a(contiki-sky-pla)
                0x0000111c                sensors
 .data          0x00001120        0xa contiki-sky.a(sensors.o)
                0x00001120                sensors_process
 .data          0x0000112a        0xa contiki-sky.a(cc2420.o)
                0x0000112a                cc2420_process
 .data          0x00001134        0x2 contiki-sky.a(msp430.o)
 .data          0x00001136        0xa contiki-sky.a(ctimer.o)
                0x00001136                ctimer_process
 .data          0x00001140        0xa contiki-sky.a(etimer.o)
                0x00001140                etimer_process
 .data          0x0000114a        0xa contiki-sky.a(uip-ds6-nbr.o)
                0x0000114a                ds6_neighbors
 .data          0x00001154       0x20 contiki-sky.a(uip-ds6-route.o)
 .data          0x00001174        0xc contiki-sky.a(uip-icmp6.o)
 .data          0x00001180        0xa contiki-sky.a(simple-udp.o)
                0x00001180                simple_udp_process
 .data          0x0000118a        0xa contiki-sky.a(tcpip.o)
                0x0000118a                tcpip_process
 .data          0x00001194        0x8 contiki-sky.a(rpl-dag.o)
 .data          0x0000119c       0x1a contiki-sky.a(rpl-icmp6.o)
 .data          0x000011b6        0xe contiki-sky.a(rpl-mrhof.o)
                0x000011b6                rpl_mrhof
 .data          0x000011c4       0x18 contiki-sky.a(csma.o)
 .data          0x000011dc        0x8 contiki-sky.a(nbr-table.o)
 .data          0x000011e4       0x18 contiki-sky.a(queuebuf.o)
 .data.next     0x000011fc        0x4 /usr/local/msp430/bin/../lib/gcc/msp430/4.7.0/../../../../msp430/lib/mmpy-16/libc.a(rand.o)
 *(.near.data .near.data.*)
                0x00001200                . = ALIGN (0x2)
                0x00001200                _edata = .
                0x0000ee9a                __data_load_start = LOADADDR (.data)
                0x00000100                __data_size = SIZEOF (.data)

.bss            0x00001200     0x1c72 load address 0x0000ef9a
                0x00001200                __bss_start = .
 *(.bss .bss.*)
 .bss           0x00001200       0x2c unicast-receiver.co
 .bss           0x0000122c        0xc obj_sky/contiki-sky-main.o
 .bss           0x00001238      0x1f2 contiki-sky.a(servreg-hack.o)
 .bss           0x0000142a        0x8 contiki-sky.a(button-sensor.o)
 .bss           0x00001432        0x2 contiki-sky.a(node-id.o)
                0x00001432                node_id
 .bss           0x00001434        0x6 contiki-sky.a(sensors.o)
 .bss           0x0000143a        0x8 contiki-sky.a(cc2420.o)
 .bss           0x00001442       0x9a contiki-sky.a(uart1.o)
 .bss           0x000014dc        0xa contiki-sky.a(clock.o)
 .bss           0x000014e6        0x1 contiki-sky.a(leds.o)
 *fill*         0x000014e7        0x1 00
 .bss           0x000014e8        0x2 contiki-sky.a(watchdog.o)
 .bss           0x000014ea        0x4 contiki-sky.a(ctimer.o)
 .bss           0x000014ee        0x6 contiki-sky.a(etimer.o)
 .bss           0x000014f4       0x42 contiki-sky.a(process.o)
                0x000014f4                process_current
                0x000014f6                process_list
 .bss           0x00001536        0x2 contiki-sky.a(rtimer.o)
 .bss           0x00001538      0x124 contiki-sky.a(sicslowpan.o)
 .bss           0x0000165c        0xe contiki-sky.a(uip6.o)
                0x0000165c                uip_ext_opt_offset
                0x0000165d                uip_ext_len
                0x0000165e                uip_ext_bitmap
 .bss           0x0000166a       0x18 contiki-sky.a(uip-ds6.o)
 .bss           0x00001682      0x2f8 contiki-sky.a(uip-ds6-nbr.o)
 .bss           0x0000197a      0x362 contiki-sky.a(uip-ds6-route.o)
 .bss           0x00001cdc       0x14 contiki-sky.a(uip-icmp6.o)
 .bss           0x00001cf0       0xf1 contiki-sky.a(simple-udp.o)
 *fill*         0x00001de1        0x1 00
 .bss           0x00001de2       0x36 contiki-sky.a(tcpip.o)
 .bss           0x00001e18        0x2 contiki-sky.a(rpl.o)
 .bss           0x00001e1a       0xa0 contiki-sky.a(rpl-dag.o)
 .bss           0x00001eba       0x18 contiki-sky.a(rpl-timers.o)
 .bss           0x00001ed2       0xc4 contiki-sky.a(csma.o)
 .bss           0x00001f96        0x2 contiki-sky.a(framer-802154.o)
 .bss           0x00001f98      0x118 contiki-sky.a(nbr-table.o)
 .bss           0x000020b0       0xb8 contiki-sky.a(packetbuf.o)
 .bss           0x00002168      0x63e contiki-sky.a(queuebuf.o)
 .bss           0x000027a6       0x34 contiki-sky.a(contikimac.o)
                0x000027a6                contikiMAC_ready
                0x000027a7                radio_is_on
                0x000027a8                we_are_sending
 .bss           0x000027da        0x8 contiki-sky.a(compower.o)
 .bss           0x000027e2       0xa0 contiki-sky.a(mac-sequence.o)
 *(.near.bss .near.bss.*)
 *(COMMON)
 COMMON         0x00002882        0x2 contiki-sky.a(contiki-sky-pla)
                0x00002882                sensors_flags
 COMMON         0x00002884        0x8 contiki-sky.a(ds2411.o)
                0x00002884                ds2411_id
 COMMON         0x0000288c        0x1 contiki-sky.a(sensors.o)
                0x0000288c                sensors_event
 *fill*         0x0000288d        0x1 00
 COMMON         0x0000288e       0x10 contiki-sky.a(cc2420.o)
                0x0000288e                cc2420_last_rssi
                0x00002890                cc2420_sfd_start_time
                0x00002892                cc2420_time_of_departure
                0x00002894                cc2420_time_of_arrival
                0x00002896                cc2420_last_correlation
                0x00002898                cc2420_authority_level_of_sender
                0x0000289a                cc2420_sfd_counter
                0x0000289c                cc2420_sfd_end_time
 COMMON         0x0000289e        0x2 contiki-sky.a(msp430.o)
                0x0000289e                msp430_dco_required
 COMMON         0x000028a0       0x56 contiki-sky.a(energest.o)
                0x000028a0                energest_total_time
                0x000028d0                energest_total_count
                0x000028d2                energest_current_mode
                0x000028de                energest_current_time
 COMMON         0x000028f6        0x1 contiki-sky.a(process.o)
                0x000028f6                process_maxevents
 *fill*         0x000028f7        0x1 00
 COMMON         0x000028f8        0x8 contiki-sky.a(sicslowpan.o)
                0x000028f8                frag_sender
 COMMON         0x00002900      0x304 contiki-sky.a(uip6.o)
                0x00002900                uip_len
                0x00002902                uip_sappdata
                0x00002904                uip_acc32
                0x00002908                uip_lladdr
                0x00002910                uip_aligned_buf
                0x00002a00                uip_flags
                0x00002a02                uip_next_hdr
                0x00002a04                uip_udp_conn
                0x00002a06                uip_appdata
                0x00002a08                uip_conn
                0x00002a0a                uip_conns
                0x00002aba                uip_listenports
                0x00002aca                uip_slen
                0x00002acc                uip_udp_conns
 COMMON         0x00002c04      0x15c contiki-sky.a(uip-ds6.o)
                0x00002c04                uip_ds6_timer_ra
                0x00002c0c                uip_ds6_if
                0x00002cf8                uip_ds6_netif_addr_list_offset
                0x00002cf9                uip_ds6_addr_size
                0x00002cfa                uip_ds6_prefix_list
                0x00002d54                uip_ds6_timer_periodic
 COMMON         0x00002d60        0x1 contiki-sky.a(tcpip.o)
                0x00002d60                tcpip_event
 *fill*         0x00002d61        0x1 00
 COMMON         0x00002d62       0xca contiki-sky.a(rpl-dag.o)
                0x00002d62                default_instance
                0x00002d64                instance_table
 COMMON         0x00002e2c        0x8 contiki-sky.a(linkaddr.o)
                0x00002e2c                linkaddr_node_addr
 COMMON         0x00002e34       0x34 contiki-sky.a(packetbuf.o)
                0x00002e34                packetbuf_addrs
                0x00002e44                packetbuf_attrs
 COMMON         0x00002e68        0x2 contiki-sky.a(contikimac.o)
                0x00002e68                cycle_start
 COMMON         0x00002e6a        0x8 contiki-sky.a(compower.o)
                0x00002e6a                compower_idle_activity
                0x00002e72                . = ALIGN (0x2)
                0x00002e72                __bss_end = .
                0x00001c72                __bss_size = SIZEOF (.bss)

.noinit         0x00002e72        0x2 load address 0x0000ef9a
                0x00002e72                . = ALIGN (0x2)
                0x00002e72                __noinit_start = .
 *(.noinit .noinit.*)
 .noinit.crt0   0x00002e72        0x2 /usr/local/msp430/bin/../lib/gcc/msp430/4.7.0/mmpy-16/libcrt0.a(__watchdog_support.o)
                0x00002e72                __wdt_clear_value
                0x00002e74                . = ALIGN (0x2)
                0x00002e74                __noinit_end = .
                0x00002e74                . = ALIGN (0x2)
                0x00002e74                _end = .

.infomem        0x00001000        0x0
                0x00001000                . = ALIGN (0x2)
 *(.infomem .infomem.*)

.infomemnobits  0x00001000        0x0
                0x00001000                . = ALIGN (0x2)
 *(.infomemnobits .infomemnobits.*)

.infoa          0x00001080        0x0
                0x00001080                . = ALIGN (0x2)
 *(.infoa .infoa.*)

.infob          0x00001000        0x0
                0x00001000                . = ALIGN (0x2)
 *(.infob .infob.*)

.infoc          0x00000000        0x0
                0x00000000                . = ALIGN (0x2)
 *(.infoc .infoc.*)

.infod          0x00000000        0x0
                0x00000000                . = ALIGN (0x2)
 *(.infod .infod.*)

.vectors        0x0000ffe0       0x20
                0x0000ffe0                __vectors_start = .
 *(.vectors*)
 .vectors       0x0000ffe0       0x20 /usr/local/msp430/bin/../lib/gcc/msp430/4.7.0/mmpy-16/crt0ivtbl16.o
                0x0000ffe0                __ivtbl_16
                0x00010000                _vectors_end = .

.fartext        0x00000000        0x0
                0x00000000                . = ALIGN (0x2)
 *(.fartext .fartext.*)

.far.text       0x00000000        0x0
                0x00000000                . = ALIGN (0x2)
 *(.far.text .far.text.*)

.far.rodata     0x00000000        0x0
                0x00000000                . = ALIGN (0x2)
 *(.far.rodata .far.rodata.*)
                0x00000000                . = ALIGN (0x2)
                0x00000000                _efartext = .

.far.data       0x00000000        0x0
                0x00000000                . = ALIGN (0x2)
                0x00000000                __far_data_start = .
 *(.far.data .far.data.*)
                0x00000000                . = ALIGN (0x2)
                0x00000000                _efardata = .
                0x00000000                __far_data_load_start = LOADADDR (.far.data)
                0x00000000                __far_data_size = SIZEOF (.far.data)

.far.bss        0x00000000        0x0
                0x00000000                . = ALIGN (0x2)
                0x00000000                __far_bss_start = .
 *(.far.bss .far.bss.*)
                0x00000000                . = ALIGN (0x2)
                0x00000000                __far_bss_end = .
                0x00000000                __far_bss_size = SIZEOF (.far.bss)
                0x00000000                . = ALIGN (0x2)
                0x00000000                _far_end = .

.profiler
 *(.profiler)

.stab
 *(.stab)

.stabstr
 *(.stabstr)

.stab.excl
 *(.stab.excl)

.stab.exclstr
 *(.stab.exclstr)

.stab.index
 *(.stab.index)

.stab.indexstr
 *(.stab.indexstr)

.comment        0x00000000       0x30
 *(.comment)
 .comment       0x00000000       0x30 unicast-receiver.co
                                 0x31 (size before relaxing)
 .comment       0x00000000       0x31 obj_sky/contiki-sky-main.o
 .comment       0x00000000       0x31 contiki-sky.a(servreg-hack.o)
 .comment       0x00000000       0x31 contiki-sky.a(contiki-sky-pla)
 .comment       0x00000000       0x31 contiki-sky.a(button-sensor.o)
 .comment       0x00000000       0x31 contiki-sky.a(ds2411.o)
 .comment       0x00000000       0x31 contiki-sky.a(xmem.o)
 .comment       0x00000000       0x31 contiki-sky.a(node-id.o)
 .comment       0x00000000       0x31 contiki-sky.a(sensors.o)
 .comment       0x00000000       0x31 contiki-sky.a(cc2420.o)
 .comment       0x00000000       0x31 contiki-sky.a(cc2420-arch.o)
 .comment       0x00000000       0x31 contiki-sky.a(uart1.o)
 .comment       0x00000000       0x31 contiki-sky.a(uart1-putchar.o)
 .comment       0x00000000       0x31 contiki-sky.a(msp430.o)
 .comment       0x00000000       0x31 contiki-sky.a(clock.o)
 .comment       0x00000000       0x31 contiki-sky.a(leds.o)
 .comment       0x00000000       0x31 contiki-sky.a(leds-arch.o)
 .comment       0x00000000       0x31 contiki-sky.a(watchdog.o)
 .comment       0x00000000       0x31 contiki-sky.a(rtimer-arch.o)
 .comment       0x00000000       0x31 contiki-sky.a(autostart.o)
 .comment       0x00000000       0x31 contiki-sky.a(ctimer.o)
 .comment       0x00000000       0x31 contiki-sky.a(energest.o)
 .comment       0x00000000       0x31 contiki-sky.a(etimer.o)
 .comment       0x00000000       0x31 contiki-sky.a(process.o)
 .comment       0x00000000       0x31 contiki-sky.a(rtimer.o)
 .comment       0x00000000       0x31 contiki-sky.a(timer.o)
 .comment       0x00000000       0x31 contiki-sky.a(list.o)
 .comment       0x00000000       0x31 contiki-sky.a(memb.o)
 .comment       0x00000000       0x31 contiki-sky.a(random.o)
 .comment       0x00000000       0x31 contiki-sky.a(sicslowpan.o)
 .comment       0x00000000       0x31 contiki-sky.a(uip6.o)
 .comment       0x00000000       0x31 contiki-sky.a(uip-ds6.o)
 .comment       0x00000000       0x31 contiki-sky.a(uip-ds6-nbr.o)
 .comment       0x00000000       0x31 contiki-sky.a(uip-ds6-route.o)
 .comment       0x00000000       0x31 contiki-sky.a(uip-icmp6.o)
 .comment       0x00000000       0x31 contiki-sky.a(uip-nd6.o)
 .comment       0x00000000       0x31 contiki-sky.a(simple-udp.o)
 .comment       0x00000000       0x31 contiki-sky.a(tcpip.o)
 .comment       0x00000000       0x31 contiki-sky.a(uip-debug.o)
 .comment       0x00000000       0x31 contiki-sky.a(uip-udp-packet.)
 .comment       0x00000000       0x31 contiki-sky.a(rpl.o)
 .comment       0x00000000       0x31 contiki-sky.a(rpl-dag.o)
 .comment       0x00000000       0x31 contiki-sky.a(rpl-ext-header.)
 .comment       0x00000000       0x31 contiki-sky.a(rpl-icmp6.o)
 .comment       0x00000000       0x31 contiki-sky.a(rpl-mrhof.o)
 .comment       0x00000000       0x31 contiki-sky.a(rpl-timers.o)
 .comment       0x00000000       0x31 contiki-sky.a(csma.o)
 .comment       0x00000000       0x31 contiki-sky.a(framer-802154.o)
 .comment       0x00000000       0x31 contiki-sky.a(framer.o)
 .comment       0x00000000       0x31 contiki-sky.a(mac.o)
 .comment       0x00000000       0x31 contiki-sky.a(linkaddr.o)
 .comment       0x00000000       0x31 contiki-sky.a(nbr-table.o)
 .comment       0x00000000       0x31 contiki-sky.a(packetbuf.o)
 .comment       0x00000000       0x31 contiki-sky.a(queuebuf.o)
 .comment       0x00000000       0x31 contiki-sky.a(contikimac.o)
 .comment       0x00000000       0x31 contiki-sky.a(nullsec.o)
 .comment       0x00000000       0x31 contiki-sky.a(spi.o)
 .comment       0x00000000       0x31 contiki-sky.a(compower.o)
 .comment       0x00000000       0x31 contiki-sky.a(stimer.o)
 .comment       0x00000000       0x31 contiki-sky.a(frame802154.o)
 .comment       0x00000000       0x31 contiki-sky.a(mac-sequence.o)
 .comment       0x00000000       0x31 /usr/local/msp430/bin/../lib/gcc/msp430/4.7.0/../../../../msp430/lib/mmpy-16/libc.a(printf.o)
 .comment       0x00000000       0x31 /usr/local/msp430/bin/../lib/gcc/msp430/4.7.0/../../../../msp430/lib/mmpy-16/libc.a(vuprintf.o)
 .comment       0x00000000       0x31 /usr/local/msp430/bin/../lib/gcc/msp430/4.7.0/../../../../msp430/lib/mmpy-16/libc.a(puts.o)
 .comment       0x00000000       0x31 /usr/local/msp430/bin/../lib/gcc/msp430/4.7.0/../../../../msp430/lib/mmpy-16/libc.a(rand.o)
 .comment       0x00000000       0x31 /usr/local/msp430/bin/../lib/gcc/msp430/4.7.0/../../../../msp430/lib/mmpy-16/libc.a(memcmp.o)
 .comment       0x00000000       0x31 /usr/local/msp430/bin/../lib/gcc/msp430/4.7.0/../../../../msp430/lib/mmpy-16/libc.a(memcpy.o)
 .comment       0x00000000       0x31 /usr/local/msp430/bin/../lib/gcc/msp430/4.7.0/../../../../msp430/lib/mmpy-16/libc.a(memmove.o)
 .comment       0x00000000       0x31 /usr/local/msp430/bin/../lib/gcc/msp430/4.7.0/../../../../msp430/lib/mmpy-16/libc.a(memset.o)

.debug
 *(.debug)

.line
 *(.line)

.debug_srcinfo
 *(.debug_srcinfo)

.debug_sfnames
 *(.debug_sfnames)

.debug_aranges  0x00000000      0x1a0
 *(.debug_aranges)
 .debug_aranges
                0x00000000       0x14 /usr/local/msp430/bin/../lib/gcc/msp430/4.7.0/mmpy-16/crt0ivtbl16.o
 .debug_aranges
                0x00000014       0x14 /usr/local/msp430/bin/../lib/gcc/msp430/4.7.0/mmpy-16/libgcc.a(_mulsi3.o)
 .debug_aranges
                0x00000028       0x14 /usr/local/msp430/bin/../lib/gcc/msp430/4.7.0/mmpy-16/libgcc.a(_udivmod16.o)
 .debug_aranges
                0x0000003c       0x14 /usr/local/msp430/bin/../lib/gcc/msp430/4.7.0/mmpy-16/libgcc.a(_divmod16.o)
 .debug_aranges
                0x00000050       0x14 /usr/local/msp430/bin/../lib/gcc/msp430/4.7.0/mmpy-16/libgcc.a(_udivmod32.o)
 .debug_aranges
                0x00000064       0x18 /usr/local/msp430/bin/../lib/gcc/msp430/4.7.0/../../../../msp430/lib/mmpy-16/libc.a(printf.o)
 .debug_aranges
                0x0000007c       0x18 /usr/local/msp430/bin/../lib/gcc/msp430/4.7.0/../../../../msp430/lib/mmpy-16/libc.a(vuprintf.o)
 .debug_aranges
                0x00000094       0x14 /usr/local/msp430/bin/../lib/gcc/msp430/4.7.0/../../../../msp430/lib/mmpy-16/libc.a(puts.o)
 .debug_aranges
                0x000000a8       0x1c /usr/local/msp430/bin/../lib/gcc/msp430/4.7.0/../../../../msp430/lib/mmpy-16/libc.a(rand.o)
 .debug_aranges
                0x000000c4       0x14 /usr/local/msp430/bin/../lib/gcc/msp430/4.7.0/../../../../msp430/lib/mmpy-16/libc.a(memcmp.o)
 .debug_aranges
                0x000000d8       0x14 /usr/local/msp430/bin/../lib/gcc/msp430/4.7.0/../../../../msp430/lib/mmpy-16/libc.a(memcpy.o)
 .debug_aranges
                0x000000ec       0x14 /usr/local/msp430/bin/../lib/gcc/msp430/4.7.0/../../../../msp430/lib/mmpy-16/libc.a(memmove.o)
 .debug_aranges
                0x00000100       0x14 /usr/local/msp430/bin/../lib/gcc/msp430/4.7.0/../../../../msp430/lib/mmpy-16/libc.a(memset.o)
 .debug_aranges
                0x00000114       0x14 /usr/local/msp430/bin/../lib/gcc/msp430/4.7.0/mmpy-16/libgcc.a(_udivmod64.o)
 .debug_aranges
                0x00000128       0x14 /usr/local/msp430/bin/../lib/gcc/msp430/4.7.0/mmpy-16/libcrt0.a(__watchdog_support.o)
 .debug_aranges
                0x0000013c       0x14 /usr/local/msp430/bin/../lib/gcc/msp430/4.7.0/mmpy-16/libcrt0.a(__init_stack.o)
 .debug_aranges
                0x00000150       0x14 /usr/local/msp430/bin/../lib/gcc/msp430/4.7.0/mmpy-16/libcrt0.a(_copy_data.o)
 .debug_aranges
                0x00000164       0x14 /usr/local/msp430/bin/../lib/gcc/msp430/4.7.0/mmpy-16/libcrt0.a(_clear_bss.o)
 .debug_aranges
                0x00000178       0x14 /usr/local/msp430/bin/../lib/gcc/msp430/4.7.0/mmpy-16/libcrt0.a(_endless_loop__.o)
 .debug_aranges
                0x0000018c       0x14 /usr/local/msp430/bin/../lib/gcc/msp430/4.7.0/mmpy-16/libcrt0.a(_unexpected_.o)

.debug_pubnames
 *(.debug_pubnames)

.debug_info     0x00000000     0x14ba
 *(.debug_info)
 .debug_info    0x00000000       0x9b /usr/local/msp430/bin/../lib/gcc/msp430/4.7.0/mmpy-16/crt0ivtbl16.o
 .debug_info    0x0000009b       0x98 /usr/local/msp430/bin/../lib/gcc/msp430/4.7.0/mmpy-16/libgcc.a(_mulsi3.o)
 .debug_info    0x00000133       0x98 /usr/local/msp430/bin/../lib/gcc/msp430/4.7.0/mmpy-16/libgcc.a(_udivmod16.o)
 .debug_info    0x000001cb       0x98 /usr/local/msp430/bin/../lib/gcc/msp430/4.7.0/mmpy-16/libgcc.a(_divmod16.o)
 .debug_info    0x00000263       0x98 /usr/local/msp430/bin/../lib/gcc/msp430/4.7.0/mmpy-16/libgcc.a(_udivmod32.o)
 .debug_info    0x000002fb      0x16e /usr/local/msp430/bin/../lib/gcc/msp430/4.7.0/../../../../msp430/lib/mmpy-16/libc.a(printf.o)
 .debug_info    0x00000469      0x5d4 /usr/local/msp430/bin/../lib/gcc/msp430/4.7.0/../../../../msp430/lib/mmpy-16/libc.a(vuprintf.o)
 .debug_info    0x00000a3d       0xc7 /usr/local/msp430/bin/../lib/gcc/msp430/4.7.0/../../../../msp430/lib/mmpy-16/libc.a(puts.o)
 .debug_info    0x00000b04      0x146 /usr/local/msp430/bin/../lib/gcc/msp430/4.7.0/../../../../msp430/lib/mmpy-16/libc.a(rand.o)
 .debug_info    0x00000c4a       0xe5 /usr/local/msp430/bin/../lib/gcc/msp430/4.7.0/../../../../msp430/lib/mmpy-16/libc.a(memcmp.o)
 .debug_info    0x00000d2f      0x12c /usr/local/msp430/bin/../lib/gcc/msp430/4.7.0/../../../../msp430/lib/mmpy-16/libc.a(memcpy.o)
 .debug_info    0x00000e5b      0x12c /usr/local/msp430/bin/../lib/gcc/msp430/4.7.0/../../../../msp430/lib/mmpy-16/libc.a(memmove.o)
 .debug_info    0x00000f87      0x117 /usr/local/msp430/bin/../lib/gcc/msp430/4.7.0/../../../../msp430/lib/mmpy-16/libc.a(memset.o)
 .debug_info    0x0000109e       0x98 /usr/local/msp430/bin/../lib/gcc/msp430/4.7.0/mmpy-16/libgcc.a(_udivmod64.o)
 .debug_info    0x00001136       0x96 /usr/local/msp430/bin/../lib/gcc/msp430/4.7.0/mmpy-16/libcrt0.a(__watchdog_support.o)
 .debug_info    0x000011cc       0x96 /usr/local/msp430/bin/../lib/gcc/msp430/4.7.0/mmpy-16/libcrt0.a(__init_stack.o)
 .debug_info    0x00001262       0x96 /usr/local/msp430/bin/../lib/gcc/msp430/4.7.0/mmpy-16/libcrt0.a(_copy_data.o)
 .debug_info    0x000012f8       0x96 /usr/local/msp430/bin/../lib/gcc/msp430/4.7.0/mmpy-16/libcrt0.a(_clear_bss.o)