Archive member included because of file (symbol)

contiki-avr-atmega256rfr2.a(contiki-main.o)
                              /usr/local/bin/../lib/gcc/avr/4.8.1/../../../../avr/lib/avr6/crtm256rfr2.o (main)
contiki-avr-atmega256rfr2.a(leds-arch.o)
                              contiki-avr-atmega256rfr2.a(contiki-main.o) (leds_arch_init)
contiki-avr-atmega256rfr2.a(params.o)
                              contiki-avr-atmega256rfr2.a(contiki-main.o) (params_get_channel)
contiki-avr-atmega256rfr2.a(clock.o)
                              contiki-avr-atmega256rfr2.a(contiki-main.o) (clock_init)
contiki-avr-atmega256rfr2.a(rs232.o)
                              contiki-avr-atmega256rfr2.a(contiki-main.o) (rs232_init)
contiki-avr-atmega256rfr2.a(watchdog.o)
                              contiki-avr-atmega256rfr2.a(contiki-main.o) (watchdog_periodic)
contiki-avr-atmega256rfr2.a(rtimer-arch.o)
                              contiki-avr-atmega256rfr2.a(contiki-main.o) (rtimer_arch_sleep)
contiki-avr-atmega256rfr2.a(random.o)
                              contiki-avr-atmega256rfr2.a(contiki-main.o) (random_init)
contiki-avr-atmega256rfr2.a(rf230bb.o)
                              contiki-avr-atmega256rfr2.a(clock.o) (RF230_receive_on)
contiki-avr-atmega256rfr2.a(halbb.o)
                              contiki-avr-atmega256rfr2.a(rf230bb.o) (hal_init)
contiki-avr-atmega256rfr2.a(autostart.o)
                              contiki-avr-atmega256rfr2.a(contiki-main.o) (autostart_start)
contiki-avr-atmega256rfr2.a(ctimer.o)
                              contiki-avr-atmega256rfr2.a(contiki-main.o) (ctimer_init)
contiki-avr-atmega256rfr2.a(energest.o)
                              contiki-avr-atmega256rfr2.a(rtimer-arch.o) (energest_current_time)
contiki-avr-atmega256rfr2.a(etimer.o)
                              contiki-avr-atmega256rfr2.a(clock.o) (etimer_request_poll)
contiki-avr-atmega256rfr2.a(process.o)
                              contiki-avr-atmega256rfr2.a(ctimer.o) (process_current)
contiki-avr-atmega256rfr2.a(rtimer.o)
                              contiki-avr-atmega256rfr2.a(contiki-main.o) (rtimer_init)
contiki-avr-atmega256rfr2.a(timer.o)
                              contiki-avr-atmega256rfr2.a(etimer.o) (timer_set)
contiki-avr-atmega256rfr2.a(list.o)
                              contiki-avr-atmega256rfr2.a(ctimer.o) (list_init)
contiki-avr-atmega256rfr2.a(print-stats.o)
                              contiki-avr-atmega256rfr2.a(contiki-main.o) (print_stats)
contiki-avr-atmega256rfr2.a(sicslowpan.o)
                              contiki-avr-atmega256rfr2.a(contiki-main.o) (sicslowpan_driver)
contiki-avr-atmega256rfr2.a(uip6.o)
                              contiki-avr-atmega256rfr2.a(sicslowpan.o) (uip_aligned_buf)
contiki-avr-atmega256rfr2.a(uip-ds6.o)
                              contiki-avr-atmega256rfr2.a(uip6.o) (uip_ds6_is_addr_onlink)
contiki-avr-atmega256rfr2.a(uip-ds6-nbr.o)
                              contiki-avr-atmega256rfr2.a(contiki-main.o) (ds6_neighbors)
contiki-avr-atmega256rfr2.a(uip-ds6-route.o)
                              contiki-avr-atmega256rfr2.a(uip-ds6.o) (uip_ds6_route_init)
contiki-avr-atmega256rfr2.a(uip-icmp6.o)
                              contiki-avr-atmega256rfr2.a(uip6.o) (uip_icmp6_input)
contiki-avr-atmega256rfr2.a(uip-nd6.o)
                              contiki-avr-atmega256rfr2.a(uip-ds6-nbr.o) (uip_nd6_ns_output)
contiki-avr-atmega256rfr2.a(simple-udp.o)
                              broadcast-example.co (simple_udp_sendto)
contiki-avr-atmega256rfr2.a(tcpip.o)
                              contiki-avr-atmega256rfr2.a(sicslowpan.o) (tcpip_set_outputfunc)
contiki-avr-atmega256rfr2.a(uip-debug.o)
                              contiki-avr-atmega256rfr2.a(uip-ds6-route.o) (uip_debug_ipaddr_print)
contiki-avr-atmega256rfr2.a(uip-packetqueue)
                              contiki-avr-atmega256rfr2.a(uip-ds6-nbr.o) (uip_packetqueue_new)
contiki-avr-atmega256rfr2.a(uip-split.o)
                              contiki-avr-atmega256rfr2.a(tcpip.o) (uip_split_output)
contiki-avr-atmega256rfr2.a(uip-udp-packet.)
                              contiki-avr-atmega256rfr2.a(simple-udp.o) (uip_udp_packet_sendto)
contiki-avr-atmega256rfr2.a(rpl.o)
                              contiki-avr-atmega256rfr2.a(uip-ds6-nbr.o) (rpl_link_neighbor_callback)
contiki-avr-atmega256rfr2.a(rpl-dag.o)
                              contiki-avr-atmega256rfr2.a(rpl.o) (rpl_dag_init)
contiki-avr-atmega256rfr2.a(rpl-ext-header.)
                              contiki-avr-atmega256rfr2.a(uip6.o) (rpl_verify_header)
contiki-avr-atmega256rfr2.a(rpl-icmp6.o)
                              contiki-avr-atmega256rfr2.a(rpl.o) (dao_output_target)
contiki-avr-atmega256rfr2.a(rpl-mrhof.o)
                              contiki-avr-atmega256rfr2.a(rpl.o) (rpl_mrhof)
contiki-avr-atmega256rfr2.a(rpl-timers.o)
                              contiki-avr-atmega256rfr2.a(rpl.o) (rpl_reset_periodic_timer)
[...]
Memory Configuration

Name             Origin             Length             Attributes
text             0x00000000         0x00100000         xr
data             0x00800200         0x0000fe00         rw !x
eeprom           0x00810000         0x00010000         rw !x
fuse             0x00820000         0x00000400         rw !x
lock             0x00830000         0x00000400         rw !x
signature        0x00840000         0x00000400         rw !x
user_signatures  0x00850000         0x00000400         rw !x
*default*        0x00000000         0xffffffff

Linker script and memory map

Address of section .data set to 0x800200
LOAD /usr/local/bin/../lib/gcc/avr/4.8.1/../../../../avr/lib/avr6/crtm256rfr2.o
Address of section .bootloader set to 0x1f800
LOAD broadcast-example.co
LOAD symbols.o
LOAD contiki-avr-atmega256rfr2.a
START GROUP
LOAD /usr/local/bin/../lib/gcc/avr/4.8.1/avr6/libgcc.a
LOAD /usr/local/bin/../lib/gcc/avr/4.8.1/../../../../avr/lib/avr6/libm.a
LOAD /usr/local/bin/../lib/gcc/avr/4.8.1/../../../../avr/lib/avr6/libc.a
END GROUP

.hash
 *(.hash)

.dynsym
 *(.dynsym)

.dynstr
 *(.dynstr)

.gnu.version
 *(.gnu.version)

.gnu.version_d
 *(.gnu.version_d)

.gnu.version_r
 *(.gnu.version_r)

.rel.init
 *(.rel.init)

.rela.init
 *(.rela.init)

.rel.text
 *(.rel.text)
 *(.rel.text.*)
 *(.rel.gnu.linkonce.t*)

.rela.text
 *(.rela.text)
 *(.rela.text.*)
 *(.rela.gnu.linkonce.t*)

.rel.fini
 *(.rel.fini)

.rela.fini
 *(.rela.fini)

.rel.rodata
 *(.rel.rodata)
 *(.rel.rodata.*)
 *(.rel.gnu.linkonce.r*)

.rela.rodata
 *(.rela.rodata)
 *(.rela.rodata.*)
 *(.rela.gnu.linkonce.r*)

.rel.data
 *(.rel.data)
 *(.rel.data.*)
 *(.rel.gnu.linkonce.d*)

.rela.data
 *(.rela.data)
 *(.rela.data.*)
 *(.rela.gnu.linkonce.d*)

.rel.ctors
 *(.rel.ctors)

.rela.ctors
 *(.rela.ctors)

.rel.dtors
 *(.rel.dtors)

.rela.dtors
 *(.rela.dtors)

.rel.got
 *(.rel.got)

.rela.got
 *(.rela.got)

.rel.bss
 *(.rel.bss)

.rela.bss
 *(.rela.bss)

.rel.plt
 *(.rel.plt)

.rela.plt
 *(.rela.plt)

.text           0x00000000     0xc77a
 *(.vectors)
 .vectors       0x00000000      0x134 /usr/local/bin/../lib/gcc/avr/4.8.1/../../../../avr/lib/avr6/crtm256rfr2.o
                0x00000000                __vectors
                0x00000000                __vector_default
 *(.vectors)
 *(.progmem.gcc*)
 .progmem.gcc_sw_table.uip_process
                0x00000134       0x10 contiki-avr-atmega256rfr2.a(uip6.o)
                0x00000144                . = ALIGN (0x2)
                0x00000144                __trampolines_start = .
 *(.trampolines)
 .trampolines   0x00000144      0x134 linker stubs
 *(.trampolines*)
                0x00000278                __trampolines_end = .
 *(.progmem*)
 .progmem.data.__c.4650
                0x00000278        0x3 contiki-avr-atmega256rfr2.a(contiki-main.o)
 .progmem.data.__c.4648
                0x0000027b        0x2 contiki-avr-atmega256rfr2.a(contiki-main.o)
 .progmem.data.__c.4646
                0x0000027d        0x3 contiki-avr-atmega256rfr2.a(contiki-main.o)
 .progmem.data.__c.4710
                0x00000280       0x1d contiki-avr-atmega256rfr2.a(contiki-main.o)
 .progmem.data.__c.4705
                0x0000029d        0xc contiki-avr-atmega256rfr2.a(contiki-main.o)
 .progmem.data.__c.4703
                0x000002a9        0x9 contiki-avr-atmega256rfr2.a(contiki-main.o)
 .progmem.data.__c.4698
                0x000002b2        0x8 contiki-avr-atmega256rfr2.a(contiki-main.o)
 .progmem.data.__c.4696
                0x000002ba        0xa contiki-avr-atmega256rfr2.a(contiki-main.o)
 .progmem.data.__c.4694
                0x000002c4       0x12 contiki-avr-atmega256rfr2.a(contiki-main.o)
 .progmem.data.__c.4691
                0x000002d6       0x12 contiki-avr-atmega256rfr2.a(contiki-main.o)
 .progmem.data.__c.4686
                0x000002e8        0x2 contiki-avr-atmega256rfr2.a(contiki-main.o)
 .progmem.data.__c.4684
                0x000002ea       0x15 contiki-avr-atmega256rfr2.a(contiki-main.o)
 .progmem.data.__c.4679
                0x000002ff        0x2 contiki-avr-atmega256rfr2.a(contiki-main.o)
 .progmem.data.__c.4677
                0x00000301       0x15 contiki-avr-atmega256rfr2.a(contiki-main.o)
 .progmem.data.__c.4669
                0x00000316        0xe contiki-avr-atmega256rfr2.a(contiki-main.o)
 .progmem.data.__c.4667
                0x00000324       0x11 contiki-avr-atmega256rfr2.a(contiki-main.o)
 .progmem.data.__c.4665
                0x00000335       0x11 contiki-avr-atmega256rfr2.a(contiki-main.o)
 .progmem.data.__c.4663
                0x00000346       0x11 contiki-avr-atmega256rfr2.a(contiki-main.o)
 .progmem.data.__c.4661
                0x00000357       0x12 contiki-avr-atmega256rfr2.a(contiki-main.o)
 .progmem.data.__c.4638
                0x00000369        0x8 contiki-avr-atmega256rfr2.a(contiki-main.o)
 .progmem.data.__c.4631
                0x00000371       0x11 contiki-avr-atmega256rfr2.a(contiki-main.o)
 .progmem.data.__c.4629
                0x00000382        0xd contiki-avr-atmega256rfr2.a(contiki-main.o)
 .progmem.data.__c.4627
                0x0000038f       0x32 contiki-avr-atmega256rfr2.a(contiki-main.o)
 .progmem.data.__c.4625
                0x000003c1       0x25 contiki-avr-atmega256rfr2.a(contiki-main.o)
 .progmem.data.__c.4623
                0x000003e6       0x20 contiki-avr-atmega256rfr2.a(contiki-main.o)
 .progmem.data.__c.4620
                0x00000406       0x1b contiki-avr-atmega256rfr2.a(contiki-main.o)
 .progmem.data.__c.4613
                0x00000421        0xd contiki-avr-atmega256rfr2.a(contiki-main.o)
 .progmem.data.__c.4611
                0x0000042e       0x11 contiki-avr-atmega256rfr2.a(contiki-main.o)
 .progmem.data.__c.4609
                0x0000043f       0x11 contiki-avr-atmega256rfr2.a(contiki-main.o)
 .progmem.data.__c.4607
                0x00000450       0x11 contiki-avr-atmega256rfr2.a(contiki-main.o)
 .progmem.data.__c.4605
                0x00000461       0x11 contiki-avr-atmega256rfr2.a(contiki-main.o)
 .progmem.data.__c.4600
                0x00000472        0xf contiki-avr-atmega256rfr2.a(contiki-main.o)
 .progmem.data.__c.4413
                0x00000481       0x2d contiki-avr-atmega256rfr2.a(params.o)
 .progmem.data.default_domain_name
                0x000004ae        0xa contiki-avr-atmega256rfr2.a(params.o)
                0x000004ae                default_domain_name
 .progmem.data.default_server_name
                0x000004b8        0xe contiki-avr-atmega256rfr2.a(params.o)
                0x000004b8                default_server_name
 .progmem.data.default_mac_address
                0x000004c6        0x8 contiki-avr-atmega256rfr2.a(params.o)
                0x000004c6                default_mac_address
 .progmem.data.__c.3506
                0x000004ce       0x6f contiki-avr-atmega256rfr2.a(print-stats.o)
 .progmem.data.__c.2435
                0x0000053d        0x3 contiki-avr-atmega256rfr2.a(uip-debug.o)
 .progmem.data.__c.2433
                0x00000540        0x2 contiki-avr-atmega256rfr2.a(uip-debug.o)
 .progmem.data.__c.2431
                0x00000542        0x3 contiki-avr-atmega256rfr2.a(uip-debug.o)
                0x00000546                . = ALIGN (0x2)
 *fill*         0x00000545        0x1 
 *(.jumptables)
 *(.jumptables*)
 *(.lowtext)
 *(.lowtext*)
                0x00000546                __ctors_start = .
 *(.ctors)
                0x00000546                __ctors_end = .
                0x00000546                __dtors_start = .
 *(.dtors)
                0x00000546                __dtors_end = .
 SORT(*)(.ctors)
 SORT(*)(.dtors)
 *(.init0)
 .init0         0x00000546        0x0 /usr/local/bin/../lib/gcc/avr/4.8.1/../../../../avr/lib/avr6/crtm256rfr2.o
                0x00000546                __init
 *(.init0)
 *(.init1)
 *(.init1)
 *(.init2)
 .init2         0x00000546       0x10 /usr/local/bin/../lib/gcc/avr/4.8.1/../../../../avr/lib/avr6/crtm256rfr2.o
 *(.init2)
 *(.init3)
 *(.init3)
 *(.init4)
 .init4         0x00000556       0x1a /usr/local/bin/../lib/gcc/avr/4.8.1/avr6/libgcc.a(_copy_data.o)
                0x00000556                __do_copy_data
 .init4         0x00000570       0x10 /usr/local/bin/../lib/gcc/avr/4.8.1/avr6/libgcc.a(_clear_bss.o)
                0x00000570                __do_clear_bss
 *(.init4)
 *(.init5)
 *(.init5)
 *(.init6)
 *(.init6)
 *(.init7)
 *(.init7)
 *(.init8)
 *(.init8)
 *(.init9)
 .init9         0x00000580        0x8 /usr/local/bin/../lib/gcc/avr/4.8.1/../../../../avr/lib/avr6/crtm256rfr2.o
 *(.init9)
 *(.text)
 .text          0x00000588        0x4 /usr/local/bin/../lib/gcc/avr/4.8.1/../../../../avr/lib/avr6/crtm256rfr2.o
                0x00000588                __vector_38
                0x00000588                __vector_22
                0x00000588                __vector_28
                0x00000588                __vector_67
                0x00000588                __vector_1
                0x00000588                __vector_75
                0x00000588                __vector_71
                0x00000588                __vector_34
                0x00000588                __vector_24
                0x00000588                __vector_12
                0x00000588                __vector_55
                0x00000588                __vector_69
                0x00000588                __vector_46
                0x00000588                __bad_interrupt
                0x00000588                __vector_72
                0x00000588                __vector_6
                0x00000588                __vector_31
                0x00000588                __vector_35
                0x00000588                __vector_74
                0x00000588                __vector_39
                0x00000588                __vector_3
                0x00000588                __vector_23
                0x00000588                __vector_68
                0x00000588                __vector_30
                0x00000588                __vector_73
                0x00000588                __vector_45
                0x00000588                __vector_11
                0x00000588                __vector_54
                0x00000588                __vector_17
                0x00000588                __vector_19
                0x00000588                __vector_56
                0x00000588                __vector_7
                0x00000588                __vector_49
                0x00000588                __vector_41
                0x00000588                __vector_43
                0x00000588                __vector_27
                0x00000588                __vector_5
                0x00000588                __vector_33
                0x00000588                __vector_76
                0x00000588                __vector_47
                0x00000588                __vector_52
                0x00000588                __vector_37
                0x00000588                __vector_4
                0x00000588                __vector_44
                0x00000588                __vector_51
                0x00000588                __vector_9
                0x00000588                __vector_2
                0x00000588                __vector_15
                0x00000588                __vector_66
                0x00000588                __vector_70
                0x00000588                __vector_29
                0x00000588                __vector_40
                0x00000588                __vector_8
                0x00000588                __vector_26
                0x00000588                __vector_48
                0x00000588                __vector_14
                0x00000588                __vector_53
                0x00000588                __vector_10
                0x00000588                __vector_50
                0x00000588                __vector_16
                0x00000588                __vector_18
                0x00000588                __vector_20
                0x00000588                __vector_42
                0x00000588                __vector_65
                0x0000058c                . = ALIGN (0x2)
 *(.text.*)
 .text.process_thread_broadcast_example_process
                0x0000058c      0x110 broadcast-example.co
 .text.receiver
                0x0000069c       0x3a broadcast-example.co
 .text.ipaddr_add
                0x000006d6       0xc6 contiki-avr-atmega256rfr2.a(contiki-main.o)
 .text.rng_get_uint8
                0x0000079c       0x46 contiki-avr-atmega256rfr2.a(contiki-main.o)
                0x0000079c                rng_get_uint8
 .text.initialize
                0x000007e2      0x324 contiki-avr-atmega256rfr2.a(contiki-main.o)
                0x000007e2                initialize
 .text.startup.main
                0x00000b06      0x310 contiki-avr-atmega256rfr2.a(contiki-main.o)
                0x00000b06                main
 .text.leds_arch_init
                0x00000e16        0x6 contiki-avr-atmega256rfr2.a(leds-arch.o)
                0x00000e16                leds_arch_init
 .text.params_get_channel
                0x00000e1c      0x10c contiki-avr-atmega256rfr2.a(params.o)
                0x00000e1c                params_get_channel
 .text.params_get_eui64
                0x00000f28       0x14 contiki-avr-atmega256rfr2.a(params.o)
                0x00000f28                params_get_eui64
 .text.params_get_panid
                0x00000f3c        0x8 contiki-avr-atmega256rfr2.a(params.o)
                0x00000f3c                params_get_panid
 .text.params_get_panaddr
                0x00000f44        0x8 contiki-avr-atmega256rfr2.a(params.o)
                0x00000f44                params_get_panaddr
 .text.params_get_txpower
                0x00000f4c        0x8 contiki-avr-atmega256rfr2.a(params.o)
                0x00000f4c                params_get_txpower
 .text.clock_init
                0x00000f54       0x20 contiki-avr-atmega256rfr2.a(clock.o)
                0x00000f54                clock_init
 .text.clock_time
                0x00000f74       0x18 contiki-avr-atmega256rfr2.a(clock.o)
                0x00000f74                clock_time
 .text.clock_seconds
                0x00000f8c       0x34 contiki-avr-atmega256rfr2.a(clock.o)
                0x00000f8c                clock_seconds
 .text.clock_adjust_ticks
                0x00000fc0       0xbe contiki-avr-atmega256rfr2.a(clock.o)
                0x00000fc0                clock_adjust_ticks
 .text.__vector_21
                0x0000107e       0xe0 contiki-avr-atmega256rfr2.a(clock.o)
                0x0000107e                __vector_21
 .text.__vector_25
                0x0000115e       0x5e contiki-avr-atmega256rfr2.a(rs232.o)
                0x0000115e                __vector_25
 .text.__vector_36
                0x000011bc       0x5e contiki-avr-atmega256rfr2.a(rs232.o)
                0x000011bc                __vector_36
 .text.rs232_init
                0x0000121a       0x40 contiki-avr-atmega256rfr2.a(rs232.o)
                0x0000121a                rs232_init
 .text.rs232_send
                0x0000125a       0x24 contiki-avr-atmega256rfr2.a(rs232.o)
                0x0000125a                rs232_send
 .text.rs232_stdout_putchar
                0x0000127e       0x2a contiki-avr-atmega256rfr2.a(rs232.o)
                0x0000127e                rs232_stdout_putchar
 .text.rs232_redirect_stdout
                0x000012a8       0x12 contiki-avr-atmega256rfr2.a(rs232.o)
                0x000012a8                rs232_redirect_stdout
 .text.watchdog_start
                0x000012ba       0x18 contiki-avr-atmega256rfr2.a(watchdog.o)
                0x000012ba                watchdog_start
 .text.watchdog_periodic
                0x000012d2        0x4 contiki-avr-atmega256rfr2.a(watchdog.o)
                0x000012d2                watchdog_periodic
 .text.watchdog_stop
                0x000012d6       0x12 contiki-avr-atmega256rfr2.a(watchdog.o)
                0x000012d6                watchdog_stop
 .text.__vector_32
                0x000012e8       0xee contiki-avr-atmega256rfr2.a(rtimer-arch.o)
                0x000012e8                __vector_32
 .text.rtimer_arch_init
                0x000013d6       0x34 contiki-avr-atmega256rfr2.a(rtimer-arch.o)
                0x000013d6                rtimer_arch_init
 .text.rtimer_arch_schedule
                0x0000140a       0x20 contiki-avr-atmega256rfr2.a(rtimer-arch.o)
                0x0000140a                rtimer_arch_schedule
 .text.rtimer_arch_sleep
                0x0000142a      0x17a contiki-avr-atmega256rfr2.a(rtimer-arch.o)
                0x0000142a                rtimer_arch_sleep
 .text.__vector_13
                0x000015a4       0x14 contiki-avr-atmega256rfr2.a(rtimer-arch.o)
                0x000015a4                __vector_13
 .text.random_init
                0x000015b8        0x4 contiki-avr-atmega256rfr2.a(random.o)
                0x000015b8                random_init
 .text.random_rand
                0x000015bc        0x4 contiki-avr-atmega256rfr2.a(random.o)
                0x000015bc                random_rand
 .text.get_value
                0x000015c0        0x6 contiki-avr-atmega256rfr2.a(rf230bb.o)
 .text.set_value
                0x000015c6        0x6 contiki-avr-atmega256rfr2.a(rf230bb.o)
 .text.get_object
                0x000015cc        0x6 contiki-avr-atmega256rfr2.a(rf230bb.o)
 .text.set_object
                0x000015d2        0x6 contiki-avr-atmega256rfr2.a(rf230bb.o)
 .text.rf230_pending_packet
                0x000015d8        0x8 contiki-avr-atmega256rfr2.a(rf230bb.o)
 .text.radio_reset_state_machine
                0x000015e0       0x32 contiki-avr-atmega256rfr2.a(rf230bb.o)
 .text.set_txpower
                0x00001612       0x1e contiki-avr-atmega256rfr2.a(rf230bb.o)
 .text.rf230_isidle
                0x00001630       0x2c contiki-avr-atmega256rfr2.a(rf230bb.o)
 .text.rf230_waitidle
                0x0000165c       0x12 contiki-avr-atmega256rfr2.a(rf230bb.o)
 .text.rf230_receiving_packet
                0x0000166e       0x2a contiki-avr-atmega256rfr2.a(rf230bb.o)
 .text.radio_off
                0x00001698      0x124 contiki-avr-atmega256rfr2.a(rf230bb.o)
 .text.rf230_off
                0x000017bc       0x16 contiki-avr-atmega256rfr2.a(rf230bb.o)
 .text.rf230_prepare
                0x000017d2       0x32 contiki-avr-atmega256rfr2.a(rf230bb.o)
 .text.radio_get_trx_state
                0x00001804        0xc contiki-avr-atmega256rfr2.a(rf230bb.o)
                0x00001804                radio_get_trx_state
 .text.radio_set_trx_state
                0x00001810       0xbc contiki-avr-atmega256rfr2.a(rf230bb.o)
 .text.radio_on
                0x000018cc       0x6a contiki-avr-atmega256rfr2.a(rf230bb.o)
 .text.rf230_on
                0x00001936       0x12 contiki-avr-atmega256rfr2.a(rf230bb.o)
 .text.rf230_cca
                0x00001948      0x128 contiki-avr-atmega256rfr2.a(rf230bb.o)
 .text.rf230_warm_reset
                0x00001a70       0x3e contiki-avr-atmega256rfr2.a(rf230bb.o)
                0x00001a70                rf230_warm_reset
 .text.rf230_init
                0x00001aae       0x76 contiki-avr-atmega256rfr2.a(rf230bb.o)
                0x00001aae                rf230_init
 .text.rf230_get_channel
                0x00001b24        0x6 contiki-avr-atmega256rfr2.a(rf230bb.o)
                0x00001b24                rf230_get_channel
 .text.rf230_set_channel
                0x00001b2a       0x2a contiki-avr-atmega256rfr2.a(rf230bb.o)
                0x00001b2a                rf230_set_channel
 .text.rf230_set_pan_addr
                0x00001b54       0x48 contiki-avr-atmega256rfr2.a(rf230bb.o)
                0x00001b54                rf230_set_pan_addr
 .text.rf230_interrupt
                0x00001b9c       0x26 contiki-avr-atmega256rfr2.a(rf230bb.o)
                0x00001b9c                rf230_interrupt
 .text.rf230_read
                0x00001bc2       0xce contiki-avr-atmega256rfr2.a(rf230bb.o)
 .text.process_thread_rf230_process
                0x00001c90       0x8a contiki-avr-atmega256rfr2.a(rf230bb.o)
 .text.rf230_set_txpower
                0x00001d1a        0x4 contiki-avr-atmega256rfr2.a(rf230bb.o)
                0x00001d1a                rf230_set_txpower
 .text.rf230_get_txpower
                0x00001d1e       0x18 contiki-avr-atmega256rfr2.a(rf230bb.o)
                0x00001d1e                rf230_get_txpower
 .text.rf230_transmit
                0x00001d36      0x260 contiki-avr-atmega256rfr2.a(rf230bb.o)
 .text.rf230_send
                0x00001f96       0x32 contiki-avr-atmega256rfr2.a(rf230bb.o)
 .text.hal_init
                0x00001fc8        0x2 contiki-avr-atmega256rfr2.a(halbb.o)
                0x00001fc8                hal_init
 .text.hal_subregister_read
                0x00001fca       0x14 contiki-avr-atmega256rfr2.a(halbb.o)
                0x00001fca                hal_subregister_read
 .text.hal_subregister_write
                0x00001fde       0x36 contiki-avr-atmega256rfr2.a(halbb.o)
                0x00001fde                hal_subregister_write
 .text.hal_frame_read
                0x00002014       0x54 contiki-avr-atmega256rfr2.a(halbb.o)
                0x00002014                hal_frame_read
 .text.hal_frame_write
                0x00002068       0x22 contiki-avr-atmega256rfr2.a(halbb.o)
                0x00002068                hal_frame_write
 .text.__vector_60
                0x0000208a       0x80 contiki-avr-atmega256rfr2.a(halbb.o)
                0x0000208a                __vector_60
 .text.__vector_59
                0x0000210a       0x14 contiki-avr-atmega256rfr2.a(halbb.o)
                0x0000210a                __vector_59
 .text.__vector_57
                0x0000211e       0x14 contiki-avr-atmega256rfr2.a(halbb.o)
                0x0000211e                __vector_57
 .text.__vector_58
                0x00002132       0x14 contiki-avr-atmega256rfr2.a(halbb.o)
                0x00002132                __vector_58
 .text.__vector_64
                0x00002146       0x18 contiki-avr-atmega256rfr2.a(halbb.o)
                0x00002146                __vector_64
 .text.__vector_63
                0x0000215e       0x18 contiki-avr-atmega256rfr2.a(halbb.o)
                0x0000215e                __vector_63
 .text.__vector_62
                0x00002176       0x14 contiki-avr-atmega256rfr2.a(halbb.o)
                0x00002176                __vector_62
 .text.__vector_61
                0x0000218a       0x18 contiki-avr-atmega256rfr2.a(halbb.o)
                0x0000218a                __vector_61
 .text.autostart_start
                0x000021a2       0x1e contiki-avr-atmega256rfr2.a(autostart.o)
                0x000021a2                autostart_start
 .text.process_thread_ctimer_process
                0x000021c0       0xc8 contiki-avr-atmega256rfr2.a(ctimer.o)
 .text.ctimer_init
                0x00002288       0x18 contiki-avr-atmega256rfr2.a(ctimer.o)
                0x00002288                ctimer_init
 .text.ctimer_set
                0x000022a0       0x5a contiki-avr-atmega256rfr2.a(ctimer.o)
                0x000022a0                ctimer_set
 .text.ctimer_reset
                0x000022fa       0x48 contiki-avr-atmega256rfr2.a(ctimer.o)
                0x000022fa                ctimer_reset
 .text.ctimer_stop
                0x00002342       0x2e contiki-avr-atmega256rfr2.a(ctimer.o)
                0x00002342                ctimer_stop
 .text.update_time
                0x00002370       0x64 contiki-avr-atmega256rfr2.a(etimer.o)
 .text.etimer_request_poll
                0x000023d4        0x8 contiki-avr-atmega256rfr2.a(etimer.o)
                0x000023d4                etimer_request_poll
 .text.process_thread_etimer_process
                0x000023dc      0x106 contiki-avr-atmega256rfr2.a(etimer.o)
 .text.add_timer
                0x000024e2       0x5e contiki-avr-atmega256rfr2.a(etimer.o)
 .text.etimer_set
                0x00002540       0x14 contiki-avr-atmega256rfr2.a(etimer.o)
                0x00002540                etimer_set
 .text.etimer_reset
                0x00002554       0x14 contiki-avr-atmega256rfr2.a(etimer.o)
                0x00002554                etimer_reset
 .text.etimer_restart
                0x00002568       0x14 contiki-avr-atmega256rfr2.a(etimer.o)
                0x00002568                etimer_restart
 .text.etimer_expired
                0x0000257c       0x16 contiki-avr-atmega256rfr2.a(etimer.o)
                0x0000257c                etimer_expired
 .text.etimer_expiration_time
                0x00002592       0x10 contiki-avr-atmega256rfr2.a(etimer.o)
                0x00002592                etimer_expiration_time
 .text.etimer_pending
                0x000025a2       0x16 contiki-avr-atmega256rfr2.a(etimer.o)
                0x000025a2                etimer_pending
 .text.etimer_stop
                0x000025b8       0x4e contiki-avr-atmega256rfr2.a(etimer.o)
                0x000025b8                etimer_stop
 .text.call_process.part.0
                0x00002606       0x4e contiki-avr-atmega256rfr2.a(process.o)
 .text.call_process
                0x00002654        0xc contiki-avr-atmega256rfr2.a(process.o)
 .text.exit_process
                0x00002660       0xd8 contiki-avr-atmega256rfr2.a(process.o)
 .text.do_poll  0x00002738       0x3e contiki-avr-atmega256rfr2.a(process.o)
 .text.process_alloc_event
                0x00002776        0xe contiki-avr-atmega256rfr2.a(process.o)
                0x00002776                process_alloc_event
 .text.process_init
                0x00002784       0x20 contiki-avr-atmega256rfr2.a(process.o)
                0x00002784                process_init
 .text.process_run
                0x000027a4       0xc6 contiki-avr-atmega256rfr2.a(process.o)
                0x000027a4                process_run
 .text.process_post
                0x0000286a       0x3c contiki-avr-atmega256rfr2.a(process.o)
                0x0000286a                process_post
 .text.process_post_synch
                0x000028a6       0x1e contiki-avr-atmega256rfr2.a(process.o)
                0x000028a6                process_post_synch
 .text.process_start
                0x000028c4       0x42 contiki-avr-atmega256rfr2.a(process.o)
                0x000028c4                process_start
 .text.process_poll
                0x00002906       0x18 contiki-avr-atmega256rfr2.a(process.o)
                0x00002906                process_poll
 .text.rtimer_init
                0x0000291e        0x4 contiki-avr-atmega256rfr2.a(rtimer.o)
                0x0000291e                rtimer_init
 .text.rtimer_run_next
                0x00002922       0x3e contiki-avr-atmega256rfr2.a(rtimer.o)
                0x00002922                rtimer_run_next
 .text.timer_set
                0x00002960       0x18 contiki-avr-atmega256rfr2.a(timer.o)
                0x00002960                timer_set
 .text.timer_reset
                0x00002978       0x14 contiki-avr-atmega256rfr2.a(timer.o)
                0x00002978                timer_reset
 .text.timer_restart
                0x0000298c       0x14 contiki-avr-atmega256rfr2.a(timer.o)
                0x0000298c                timer_restart
 .text.timer_expired
                0x000029a0       0x30 contiki-avr-atmega256rfr2.a(timer.o)
                0x000029a0                timer_expired
 .text.list_init
                0x000029d0        0x8 contiki-avr-atmega256rfr2.a(list.o)
                0x000029d0                list_init
 .text.list_head
                0x000029d8        0x8 contiki-avr-atmega256rfr2.a(list.o)
                0x000029d8                list_head
 .text.list_tail
                0x000029e0       0x20 contiki-avr-atmega256rfr2.a(list.o)
                0x000029e0                list_tail
 .text.list_remove
                0x00002a00       0x36 contiki-avr-atmega256rfr2.a(list.o)
                0x00002a00                list_remove
 .text.list_add
                0x00002a36       0x32 contiki-avr-atmega256rfr2.a(list.o)
                0x00002a36                list_add
 .text.list_push
                0x00002a68       0x28 contiki-avr-atmega256rfr2.a(list.o)
                0x00002a68                list_push
 .text.list_length
                0x00002a90       0x1a contiki-avr-atmega256rfr2.a(list.o)
                0x00002a90                list_length
 .text.list_item_next
                0x00002aaa       0x12 contiki-avr-atmega256rfr2.a(list.o)
                0x00002aaa                list_item_next
 .text.print_stats
                0x00002abc      0x1c0 contiki-avr-atmega256rfr2.a(print-stats.o)
                0x00002abc                print_stats
 .text.sicslowpan_init
                0x00002c7c       0x1e contiki-avr-atmega256rfr2.a(sicslowpan.o)
                0x00002c7c                sicslowpan_init
 .text.set_packet_attrs
                0x00002c9a       0x52 contiki-avr-atmega256rfr2.a(sicslowpan.o)
 .text.compress_addr_64
                0x00002cec       0xcc contiki-avr-atmega256rfr2.a(sicslowpan.o)
 .text.addr_context_lookup_by_prefix
                0x00002db8       0x26 contiki-avr-atmega256rfr2.a(sicslowpan.o)
 .text.send_packet
                0x00002dde       0x1e contiki-avr-atmega256rfr2.a(sicslowpan.o)
 .text.output   0x00002dfc      0x87c contiki-avr-atmega256rfr2.a(sicslowpan.o)
 .text.packet_sent
                0x00003678       0x32 contiki-avr-atmega256rfr2.a(sicslowpan.o)
 .text.uncompress_addr
                0x000036aa       0xe2 contiki-avr-atmega256rfr2.a(sicslowpan.o)
 .text.input    0x0000378c      0x78e contiki-avr-atmega256rfr2.a(sicslowpan.o)
 .text.chksum   0x00003f1a       0x4a contiki-avr-atmega256rfr2.a(uip6.o)
 .text.upper_layer_chksum
                0x00003f64       0x74 contiki-avr-atmega256rfr2.a(uip6.o)
 .text.ext_hdr_options_process
                0x00003fd8       0xd4 contiki-avr-atmega256rfr2.a(uip6.o)
 .text.uip_add32
                0x000040ac       0x6e contiki-avr-atmega256rfr2.a(uip6.o)
                0x000040ac                uip_add32
 .text.unlikely.uip_add_rcv_nxt
                0x0000411a       0x34 contiki-avr-atmega256rfr2.a(uip6.o)
 .text.uip_icmp6chksum
                0x0000414e        0x6 contiki-avr-atmega256rfr2.a(uip6.o)
                0x0000414e                uip_icmp6chksum
 .text.uip_tcpchksum
                0x00004154        0x6 contiki-avr-atmega256rfr2.a(uip6.o)
                0x00004154                uip_tcpchksum
 .text.uip_udpchksum
                0x0000415a        0x6 contiki-avr-atmega256rfr2.a(uip6.o)
                0x0000415a                uip_udpchksum
 .text.uip_init
                0x00004160       0x64 contiki-avr-atmega256rfr2.a(uip6.o)
                0x00004160                uip_init
 .text.remove_ext_hdr
                0x000041c4       0x6c contiki-avr-atmega256rfr2.a(uip6.o)
                0x000041c4                remove_ext_hdr
 .text.uip_udp_new
                0x00004230       0xbc contiki-avr-atmega256rfr2.a(uip6.o)
                0x00004230                uip_udp_new
 .text.uip_unlisten
                0x000042ec       0x34 contiki-avr-atmega256rfr2.a(uip6.o)
                0x000042ec                uip_unlisten
 .text.uip_process
                0x00004320     0x110c contiki-avr-atmega256rfr2.a(uip6.o)
                0x00004320                uip_process
 .text.uip_htonl
                0x0000542c        0x6 contiki-avr-atmega256rfr2.a(uip6.o)
                0x0000542c                uip_htonl
 .text.uip_ds6_list_loop
                0x00005432       0x96 contiki-avr-atmega256rfr2.a(uip-ds6.o)
                0x00005432                uip_ds6_list_loop
 .text.uip_ds6_prefix_add
                0x000054c8       0xb6 contiki-avr-atmega256rfr2.a(uip-ds6.o)
                0x000054c8                uip_ds6_prefix_add
 .text.uip_ds6_is_addr_onlink
                0x0000557e       0x60 contiki-avr-atmega256rfr2.a(uip-ds6.o)
                0x0000557e                uip_ds6_is_addr_onlink
 .text.uip_ds6_addr_lookup
                0x000055de       0x3a contiki-avr-atmega256rfr2.a(uip-ds6.o)
                0x000055de                uip_ds6_addr_lookup
 .text.uip_ds6_get_link_local
                0x00005618       0x5a contiki-avr-atmega256rfr2.a(uip-ds6.o)
                0x00005618                uip_ds6_get_link_local
 .text.uip_ds6_maddr_add
                0x00005672       0x64 contiki-avr-atmega256rfr2.a(uip-ds6.o)
                0x00005672                uip_ds6_maddr_add
 .text.uip_ds6_addr_add
                0x000056d6      0x104 contiki-avr-atmega256rfr2.a(uip-ds6.o)
                0x000056d6                uip_ds6_addr_add
 .text.uip_ds6_maddr_rm
                0x000057da        0xa contiki-avr-atmega256rfr2.a(uip-ds6.o)
                0x000057da                uip_ds6_maddr_rm
 .text.uip_ds6_maddr_lookup
                0x000057e4       0x3a contiki-avr-atmega256rfr2.a(uip-ds6.o)
                0x000057e4                uip_ds6_maddr_lookup
 .text.uip_ds6_addr_rm
                0x0000581e       0x76 contiki-avr-atmega256rfr2.a(uip-ds6.o)
                0x0000581e                uip_ds6_addr_rm
 .text.uip_ds6_periodic
                0x00005894       0x5c contiki-avr-atmega256rfr2.a(uip-ds6.o)
                0x00005894                uip_ds6_periodic
 .text.uip_ds6_set_addr_iid
                0x000058f0       0x1c contiki-avr-atmega256rfr2.a(uip-ds6.o)
                0x000058f0                uip_ds6_set_addr_iid
 .text.get_match_length
                0x0000590c       0x2a contiki-avr-atmega256rfr2.a(uip-ds6.o)
                0x0000590c                get_match_length
 .text.uip_ds6_select_src
                0x00005936       0xdc contiki-avr-atmega256rfr2.a(uip-ds6.o)
                0x00005936                uip_ds6_select_src
 .text.uip_ds6_compute_reachable_time
                0x00005a12       0x58 contiki-avr-atmega256rfr2.a(uip-ds6.o)
                0x00005a12                uip_ds6_compute_reachable_time
 .text.uip_ds6_init
                0x00005a6a      0x1e2 contiki-avr-atmega256rfr2.a(uip-ds6.o)
                0x00005a6a                uip_ds6_init
 .text.uip_ds6_nbr_rm
                0x00005c4c       0x2e contiki-avr-atmega256rfr2.a(uip-ds6-nbr.o)
                0x00005c4c                uip_ds6_nbr_rm
 .text.uip_ds6_neighbors_init
                0x00005c7a       0x10 contiki-avr-atmega256rfr2.a(uip-ds6-nbr.o)
                0x00005c7a                uip_ds6_neighbors_init
 .text.uip_ds6_nbr_add
                0x00005c8a       0x86 contiki-avr-atmega256rfr2.a(uip-ds6-nbr.o)
                0x00005c8a                uip_ds6_nbr_add
 .text.uip_ds6_nbr_get_ll
                0x00005d10        0xe contiki-avr-atmega256rfr2.a(uip-ds6-nbr.o)
                0x00005d10                uip_ds6_nbr_get_ll
 .text.uip_ds6_nbr_lookup
                0x00005d1e       0x56 contiki-avr-atmega256rfr2.a(uip-ds6-nbr.o)
                0x00005d1e                uip_ds6_nbr_lookup
 .text.uip_ds6_nbr_ll_lookup
                0x00005d74        0xe contiki-avr-atmega256rfr2.a(uip-ds6-nbr.o)
                0x00005d74                uip_ds6_nbr_ll_lookup
 .text.uip_ds6_nbr_ipaddr_from_lladdr
                0x00005d82        0x4 contiki-avr-atmega256rfr2.a(uip-ds6-nbr.o)
                0x00005d82                uip_ds6_nbr_ipaddr_from_lladdr
 .text.uip_ds6_nbr_lladdr_from_ipaddr
                0x00005d86       0x12 contiki-avr-atmega256rfr2.a(uip-ds6-nbr.o)
                0x00005d86                uip_ds6_nbr_lladdr_from_ipaddr
 .text.uip_ds6_link_neighbor_callback
                0x00005d98       0x48 contiki-avr-atmega256rfr2.a(uip-ds6-nbr.o)
                0x00005d98                uip_ds6_link_neighbor_callback
 .text.uip_ds6_neighbor_periodic
                0x00005de0      0x17a contiki-avr-atmega256rfr2.a(uip-ds6-nbr.o)
                0x00005de0                uip_ds6_neighbor_periodic
 .text.call_route_callback
                0x00005f5a       0x64 contiki-avr-atmega256rfr2.a(uip-ds6-route.o)
 .text.uip_ds6_route_init
                0x00005fbe       0x34 contiki-avr-atmega256rfr2.a(uip-ds6-route.o)
                0x00005fbe                uip_ds6_route_init
 .text.uip_ds6_route_nexthop
                0x00005ff2       0x1c contiki-avr-atmega256rfr2.a(uip-ds6-route.o)
                0x00005ff2                uip_ds6_route_nexthop
 .text.uip_ds6_route_head
                0x0000600e        0x8 contiki-avr-atmega256rfr2.a(uip-ds6-route.o)
                0x0000600e                uip_ds6_route_head
 .text.uip_ds6_route_next
                0x00006016        0xe contiki-avr-atmega256rfr2.a(uip-ds6-route.o)
                0x00006016                uip_ds6_route_next
 .text.uip_ds6_route_lookup
                0x00006024       0x96 contiki-avr-atmega256rfr2.a(uip-ds6-route.o)
                0x00006024                uip_ds6_route_lookup
 .text.uip_ds6_route_rm
                0x000060ba       0xce contiki-avr-atmega256rfr2.a(uip-ds6-route.o)
                0x000060ba                uip_ds6_route_rm
 .text.rm_routelist
                0x00006188       0x3e contiki-avr-atmega256rfr2.a(uip-ds6-route.o)
 .text.rm_routelist_callback
                0x000061c6        0x4 contiki-avr-atmega256rfr2.a(uip-ds6-route.o)
 .text.uip_ds6_route_add
                0x000061ca      0x142 contiki-avr-atmega256rfr2.a(uip-ds6-route.o)
                0x000061ca                uip_ds6_route_add
 .text.uip_ds6_defrt_rm
                0x0000630c       0x5c contiki-avr-atmega256rfr2.a(uip-ds6-route.o)
                0x0000630c                uip_ds6_defrt_rm
 .text.uip_ds6_defrt_lookup
                0x00006368       0x44 contiki-avr-atmega256rfr2.a(uip-ds6-route.o)
                0x00006368                uip_ds6_defrt_lookup
 .text.uip_ds6_defrt_add
                0x000063ac       0x8c contiki-avr-atmega256rfr2.a(uip-ds6-route.o)
                0x000063ac                uip_ds6_defrt_add
 .text.uip_ds6_defrt_choose
                0x00006438       0x48 contiki-avr-atmega256rfr2.a(uip-ds6-route.o)
                0x00006438                uip_ds6_defrt_choose
 .text.uip_ds6_defrt_periodic
                0x00006480       0x3a contiki-avr-atmega256rfr2.a(uip-ds6-route.o)
                0x00006480                uip_ds6_defrt_periodic
 .text.echo_reply_input
                0x000064ba      0x15a contiki-avr-atmega256rfr2.a(uip-icmp6.o)
 .text.echo_request_input
                0x00006614      0x14a contiki-avr-atmega256rfr2.a(uip-icmp6.o)
 .text.uip_icmp6_input
                0x0000675e       0x4e contiki-avr-atmega256rfr2.a(uip-icmp6.o)
                0x0000675e                uip_icmp6_input
 .text.uip_icmp6_register_input_handler
                0x000067ac        0xa contiki-avr-atmega256rfr2.a(uip-icmp6.o)
                0x000067ac                uip_icmp6_register_input_handler
 .text.uip_icmp6_error_output
                0x000067b6      0x1cc contiki-avr-atmega256rfr2.a(uip-icmp6.o)
                0x000067b6                uip_icmp6_error_output
 .text.uip_icmp6_send
                0x00006982       0xb0 contiki-avr-atmega256rfr2.a(uip-icmp6.o)
                0x00006982                uip_icmp6_send
 .text.uip_icmp6_init
                0x00006a32       0x10 contiki-avr-atmega256rfr2.a(uip-icmp6.o)
                0x00006a32                uip_icmp6_init
 .text.na_input
                0x00006a42      0x28e contiki-avr-atmega256rfr2.a(uip-nd6.o)
 .text.ns_input
                0x00006cd0      0x360 contiki-avr-atmega256rfr2.a(uip-nd6.o)
 .text.uip_nd6_ns_output
                0x00007030      0x200 contiki-avr-atmega256rfr2.a(uip-nd6.o)
                0x00007030                uip_nd6_ns_output
 .text.uip_nd6_init
                0x00007230       0x10 contiki-avr-atmega256rfr2.a(uip-nd6.o)
                0x00007230                uip_nd6_init
 .text.process_thread_simple_udp_process
                0x00007240       0xe2 contiki-avr-atmega256rfr2.a(simple-udp.o)
 .text.simple_udp_sendto
                0x00007322       0x26 contiki-avr-atmega256rfr2.a(simple-udp.o)
                0x00007322                simple_udp_sendto
 .text.simple_udp_register
                0x00007348       0xba contiki-avr-atmega256rfr2.a(simple-udp.o)
                0x00007348                simple_udp_register
 .text.start_periodic_tcp_timer
                0x00007402       0x16 contiki-avr-atmega256rfr2.a(tcpip.o)
 .text.tcpip_output
                0x00007418       0x12 contiki-avr-atmega256rfr2.a(tcpip.o)
                0x00007418                tcpip_output
 .text.tcpip_set_outputfunc
                0x0000742a        0xa contiki-avr-atmega256rfr2.a(tcpip.o)
                0x0000742a                tcpip_set_outputfunc
 .text.udp_new  0x00007434       0x26 contiki-avr-atmega256rfr2.a(tcpip.o)
                0x00007434                udp_new
 .text.tcpip_icmp6_call
                0x0000745a       0x2e contiki-avr-atmega256rfr2.a(tcpip.o)
                0x0000745a                tcpip_icmp6_call
 .text.tcpip_input
                0x00007488       0x1c contiki-avr-atmega256rfr2.a(tcpip.o)
                0x00007488                tcpip_input
 .text.tcpip_ipv6_output
                0x000074a4      0x274 contiki-avr-atmega256rfr2.a(tcpip.o)
                0x000074a4                tcpip_ipv6_output
 .text.process_thread_tcpip_process
                0x00007718      0x218 contiki-avr-atmega256rfr2.a(tcpip.o)
 .text.tcpip_uipcall
                0x00007930       0x8a contiki-avr-atmega256rfr2.a(tcpip.o)
                0x00007930                tcpip_uipcall
 .text.uip_debug_ipaddr_print
                0x000079ba       0xe6 contiki-avr-atmega256rfr2.a(uip-debug.o)
                0x000079ba                uip_debug_ipaddr_print
 .text.packet_timedout
                0x00007aa0       0x1c contiki-avr-atmega256rfr2.a(uip-packetqueue)
 .text.uip_packetqueue_new
                0x00007abc        0x8 contiki-avr-atmega256rfr2.a(uip-packetqueue)
                0x00007abc                uip_packetqueue_new
 .text.uip_packetqueue_alloc
                0x00007ac4       0x5e contiki-avr-atmega256rfr2.a(uip-packetqueue)
                0x00007ac4                uip_packetqueue_alloc
 .text.uip_packetqueue_free
                0x00007b22       0x2c contiki-avr-atmega256rfr2.a(uip-packetqueue)
                0x00007b22                uip_packetqueue_free
 .text.uip_packetqueue_buf
                0x00007b4e       0x14 contiki-avr-atmega256rfr2.a(uip-packetqueue)
                0x00007b4e                uip_packetqueue_buf
 .text.uip_packetqueue_buflen
                0x00007b62       0x1c contiki-avr-atmega256rfr2.a(uip-packetqueue)
                0x00007b62                uip_packetqueue_buflen
 .text.uip_packetqueue_set_buflen
                0x00007b7e       0x16 contiki-avr-atmega256rfr2.a(uip-packetqueue)
                0x00007b7e                uip_packetqueue_set_buflen
 .text.uip_split_output
                0x00007b94       0xf2 contiki-avr-atmega256rfr2.a(uip-split.o)
                0x00007b94                uip_split_output
 .text.uip_udp_packet_send
                0x00007c86       0x40 contiki-avr-atmega256rfr2.a(uip-udp-packet.)
                0x00007c86                uip_udp_packet_send
 .text.uip_udp_packet_sendto
                0x00007cc6       0x8c contiki-avr-atmega256rfr2.a(uip-udp-packet.)
                0x00007cc6                uip_udp_packet_sendto
 .text.rpl_get_mode
                0x00007d52        0xa contiki-avr-atmega256rfr2.a(rpl.o)
                0x00007d52                rpl_get_mode
 .text.rpl_purge_routes
                0x00007d5c       0xca contiki-avr-atmega256rfr2.a(rpl.o)
                0x00007d5c                rpl_purge_routes
 .text.rpl_remove_routes
                0x00007e26       0x2c contiki-avr-atmega256rfr2.a(rpl.o)
                0x00007e26                rpl_remove_routes
 .text.rpl_remove_routes_by_nexthop
                0x00007e52       0x56 contiki-avr-atmega256rfr2.a(rpl.o)
                0x00007e52                rpl_remove_routes_by_nexthop
 .text.rpl_add_route
                0x00007ea8       0x46 contiki-avr-atmega256rfr2.a(rpl.o)
                0x00007ea8                rpl_add_route
 .text.rpl_link_neighbor_callback
                0x00007eee       0xa2 contiki-avr-atmega256rfr2.a(rpl.o)
                0x00007eee                rpl_link_neighbor_callback
 .text.rpl_ipv6_neighbor_callback
                0x00007f90       0x28 contiki-avr-atmega256rfr2.a(rpl.o)
                0x00007f90                rpl_ipv6_neighbor_callback
 .text.rpl_init
                0x00007fb8       0x78 contiki-avr-atmega256rfr2.a(rpl.o)
                0x00007fb8                rpl_init
 .text.lollipop_greater_than
                0x00008030       0x48 contiki-avr-atmega256rfr2.a(rpl-dag.o)
 .text.rpl_set_preferred_parent
                0x00008078       0x3e contiki-avr-atmega256rfr2.a(rpl-dag.o)
 .text.set_ip_from_prefix
                0x000080b6       0x38 contiki-avr-atmega256rfr2.a(rpl-dag.o)
 .text.check_prefix
                0x000080ee       0xb4 contiki-avr-atmega256rfr2.a(rpl-dag.o)
 .text.find_parent_any_dag_any_instance
                0x000081a2       0x12 contiki-avr-atmega256rfr2.a(rpl-dag.o)
 .text.rpl_get_nbr
                0x000081b4       0x22 contiki-avr-atmega256rfr2.a(rpl-dag.o)
                0x000081b4                rpl_get_nbr
 .text.rpl_dag_init
                0x000081d6        0xc contiki-avr-atmega256rfr2.a(rpl-dag.o)
                0x000081d6                rpl_dag_init
 .text.rpl_get_parent
                0x000081e2        0xa contiki-avr-atmega256rfr2.a(rpl-dag.o)
                0x000081e2                rpl_get_parent
 .text.rpl_get_parent_ipaddr
                0x000081ec        0xe contiki-avr-atmega256rfr2.a(rpl-dag.o)
                0x000081ec                rpl_get_parent_ipaddr
 .text.rpl_set_prefix
                0x000081fa       0xb4 contiki-avr-atmega256rfr2.a(rpl-dag.o)
                0x000081fa                rpl_set_prefix
 .text.rpl_set_default_route
                0x000082ae       0x7c contiki-avr-atmega256rfr2.a(rpl-dag.o)
                0x000082ae                rpl_set_default_route
 .text.rpl_alloc_instance
                0x0000832a       0x2a contiki-avr-atmega256rfr2.a(rpl-dag.o)
                0x0000832a                rpl_alloc_instance
 .text.rpl_add_parent
                0x00008354       0x72 contiki-avr-atmega256rfr2.a(rpl-dag.o)
                0x00008354                rpl_add_parent
 .text.rpl_find_parent
                0x000083c6       0x2a contiki-avr-atmega256rfr2.a(rpl-dag.o)
                0x000083c6                rpl_find_parent
 .text.rpl_find_parent_any_dag
                0x000083f0       0x36 contiki-avr-atmega256rfr2.a(rpl-dag.o)
                0x000083f0                rpl_find_parent_any_dag
 .text.rpl_select_parent
                0x00008426       0x8e contiki-avr-atmega256rfr2.a(rpl-dag.o)
                0x00008426                rpl_select_parent
 .text.rpl_select_dag
                0x000084b4      0x248 contiki-avr-atmega256rfr2.a(rpl-dag.o)
                0x000084b4                rpl_select_dag
 .text.rpl_nullify_parent
                0x000086fc       0x70 contiki-avr-atmega256rfr2.a(rpl-dag.o)
                0x000086fc                rpl_nullify_parent
 .text.rpl_remove_parent
                0x0000876c       0x18 contiki-avr-atmega256rfr2.a(rpl-dag.o)
                0x0000876c                rpl_remove_parent
 .text.nbr_callback
                0x00008784        0x4 contiki-avr-atmega256rfr2.a(rpl-dag.o)
 .text.remove_parents.constprop.4
                0x00008788       0x3e contiki-avr-atmega256rfr2.a(rpl-dag.o)
 .text.rpl_free_dag
                0x000087c6       0x34 contiki-avr-atmega256rfr2.a(rpl-dag.o)
                0x000087c6                rpl_free_dag
 .text.rpl_free_instance
                0x000087fa       0x88 contiki-avr-atmega256rfr2.a(rpl-dag.o)
                0x000087fa                rpl_free_instance
 .text.rpl_move_parent
                0x00008882       0x7c contiki-avr-atmega256rfr2.a(rpl-dag.o)
                0x00008882                rpl_move_parent
 .text.rpl_get_any_dag
                0x000088fe       0x1e contiki-avr-atmega256rfr2.a(rpl-dag.o)
                0x000088fe                rpl_get_any_dag
 .text.rpl_get_instance
                0x0000891c       0x1c contiki-avr-atmega256rfr2.a(rpl-dag.o)
                0x0000891c                rpl_get_instance
 .text.get_dag  0x00008938       0x6a contiki-avr-atmega256rfr2.a(rpl-dag.o)
 .text.rpl_repair_root
                0x000089a2       0x52 contiki-avr-atmega256rfr2.a(rpl-dag.o)
                0x000089a2                rpl_repair_root
 .text.rpl_alloc_dag
                0x000089f4       0x5e contiki-avr-atmega256rfr2.a(rpl-dag.o)
                0x000089f4                rpl_alloc_dag
 .text.rpl_find_of
                0x00008a52       0x1a contiki-avr-atmega256rfr2.a(rpl-dag.o)
                0x00008a52                rpl_find_of
 .text.rpl_join_instance
                0x00008a6c      0x1e4 contiki-avr-atmega256rfr2.a(rpl-dag.o)
                0x00008a6c                rpl_join_instance
 .text.rpl_local_repair
                0x00008c50       0x9e contiki-avr-atmega256rfr2.a(rpl-dag.o)
                0x00008c50                rpl_local_repair
 .text.rpl_process_parent_event
                0x00008cee       0xd8 contiki-avr-atmega256rfr2.a(rpl-dag.o)
                0x00008cee                rpl_process_parent_event
 .text.rpl_add_dag
                0x00008dc6      0x178 contiki-avr-atmega256rfr2.a(rpl-dag.o)
                0x00008dc6                rpl_add_dag
 .text.rpl_recalculate_ranks
                0x00008f3e       0x48 contiki-avr-atmega256rfr2.a(rpl-dag.o)
                0x00008f3e                rpl_recalculate_ranks
 .text.rpl_process_dio
                0x00008f86      0x40e contiki-avr-atmega256rfr2.a(rpl-dag.o)
                0x00008f86                rpl_process_dio
 .text.rpl_lock_parent
                0x00009394        0xa contiki-avr-atmega256rfr2.a(rpl-dag.o)
                0x00009394                rpl_lock_parent
 .text.rpl_verify_header
                0x0000939e       0xc6 contiki-avr-atmega256rfr2.a(rpl-ext-header.)
                0x0000939e                rpl_verify_header
 .text.rpl_update_header_empty
                0x00009464      0x166 contiki-avr-atmega256rfr2.a(rpl-ext-header.)
                0x00009464                rpl_update_header_empty
 .text.rpl_update_header_final
                0x000095ca       0xd4 contiki-avr-atmega256rfr2.a(rpl-ext-header.)
                0x000095ca                rpl_update_header_final
 .text.rpl_invert_header
                0x0000969e       0x86 contiki-avr-atmega256rfr2.a(rpl-ext-header.)
                0x0000969e                rpl_invert_header
 .text.rpl_insert_header
                0x00009724       0x1a contiki-avr-atmega256rfr2.a(rpl-ext-header.)
                0x00009724                rpl_insert_header
 .text.get32    0x0000973e       0x1c contiki-avr-atmega256rfr2.a(rpl-icmp6.o)
 .text.set32    0x0000975a       0x10 contiki-avr-atmega256rfr2.a(rpl-icmp6.o)
 .text.get16    0x0000976a       0x10 contiki-avr-atmega256rfr2.a(rpl-icmp6.o)
 .text.set16    0x0000977a        0xc contiki-avr-atmega256rfr2.a(rpl-icmp6.o)
 .text.dao_ack_input
                0x00009786        0xa contiki-avr-atmega256rfr2.a(rpl-icmp6.o)
 .text.dio_input
                0x00009790      0x354 contiki-avr-atmega256rfr2.a(rpl-icmp6.o)
 .text.dis_output
                0x00009ae4       0x74 contiki-avr-atmega256rfr2.a(rpl-icmp6.o)
                0x00009ae4                dis_output
 .text.dio_output
                0x00009b58      0x310 contiki-avr-atmega256rfr2.a(rpl-icmp6.o)
                0x00009b58                dio_output
 .text.dis_input
                0x00009e68       0x30 contiki-avr-atmega256rfr2.a(rpl-icmp6.o)
 .text.dao_output_target
                0x00009e98      0x11e contiki-avr-atmega256rfr2.a(rpl-icmp6.o)
                0x00009e98                dao_output_target
 .text.dao_output
                0x00009fb6       0x88 contiki-avr-atmega256rfr2.a(rpl-icmp6.o)
                0x00009fb6                dao_output
 .text.dao_ack_output
                0x0000a03e       0x36 contiki-avr-atmega256rfr2.a(rpl-icmp6.o)
                0x0000a03e                dao_ack_output
 .text.dao_input
                0x0000a074      0x35c contiki-avr-atmega256rfr2.a(rpl-icmp6.o)
 .text.rpl_icmp6_register_handlers
                0x0000a3d0       0x20 contiki-avr-atmega256rfr2.a(rpl-icmp6.o)
                0x0000a3d0                rpl_icmp6_register_handlers
 .text.reset    0x0000a3f0        0x2 contiki-avr-atmega256rfr2.a(rpl-mrhof.o)
 .text.update_metric_container
                0x0000a3f2        0x6 contiki-avr-atmega256rfr2.a(rpl-mrhof.o)
 .text.calculate_rank
                0x0000a3f8       0x54 contiki-avr-atmega256rfr2.a(rpl-mrhof.o)
 .text.neighbor_link_callback
                0x0000a44c       0xae contiki-avr-atmega256rfr2.a(rpl-mrhof.o)
 .text.best_dag
                0x0000a4fa       0x40 contiki-avr-atmega256rfr2.a(rpl-mrhof.o)
 .text.best_parent
                0x0000a53a       0xa6 contiki-avr-atmega256rfr2.a(rpl-mrhof.o)
 .text.new_dio_interval
                0x0000a5e0       0x9c contiki-avr-atmega256rfr2.a(rpl-timers.o)
 .text.handle_periodic_timer
                0x0000a67c       0x46 contiki-avr-atmega256rfr2.a(rpl-timers.o)
 .text.set_dao_lifetime_timer
                0x0000a6c2       0x5a contiki-avr-atmega256rfr2.a(rpl-timers.o)
 .text.handle_dio_timer
                0x0000a71c       0xb4 contiki-avr-atmega256rfr2.a(rpl-timers.o)
 .text.schedule_dao
                0x0000a7d0       0x80 contiki-avr-atmega256rfr2.a(rpl-timers.o)
 .text.handle_dao_timer
                0x0000a850       0x7e contiki-avr-atmega256rfr2.a(rpl-timers.o)
 .text.rpl_reset_periodic_timer
                0x0000a8ce       0x3a contiki-avr-atmega256rfr2.a(rpl-timers.o)
                0x0000a8ce                rpl_reset_periodic_timer
 .text.rpl_reset_dio_timer
                0x0000a908       0x20 contiki-avr-atmega256rfr2.a(rpl-timers.o)
                0x0000a908                rpl_reset_dio_timer
 .text.rpl_schedule_dao
                0x0000a928        0x8 contiki-avr-atmega256rfr2.a(rpl-timers.o)
                0x0000a928                rpl_schedule_dao
 .text.parse    0x0000a930       0xd4 contiki-avr-atmega256rfr2.a(framer-802154.o)
 .text.create_frame.isra.0
                0x0000aa04      0x14c contiki-avr-atmega256rfr2.a(framer-802154.o)
 .text.create   0x0000ab50        0x8 contiki-avr-atmega256rfr2.a(framer-802154.o)
 .text.hdr_length
                0x0000ab58        0x8 contiki-avr-atmega256rfr2.a(framer-802154.o)
 .text.framer_canonical_create_and_secure
                0x0000ab60       0x34 contiki-avr-atmega256rfr2.a(framer.o)
                0x0000ab60                framer_canonical_create_and_secure
 .text.send_packet
                0x0000ab94        0xa contiki-avr-atmega256rfr2.a(nullmac.o)
 .text.packet_input
                0x0000ab9e        0xa contiki-avr-atmega256rfr2.a(nullmac.o)
 .text.on       0x0000aba8        0xa contiki-avr-atmega256rfr2.a(nullmac.o)
 .text.off      0x0000abb2        0xa contiki-avr-atmega256rfr2.a(nullmac.o)
 .text.channel_check_interval
                0x0000abbc        0x6 contiki-avr-atmega256rfr2.a(nullmac.o)
 .text.init     0x0000abc2        0x2 contiki-avr-atmega256rfr2.a(nullmac.o)
 .text.linkaddr_copy
                0x0000abc4       0x10 contiki-avr-atmega256rfr2.a(linkaddr.o)
                0x0000abc4                linkaddr_copy
 .text.linkaddr_cmp
                0x0000abd4       0x18 contiki-avr-atmega256rfr2.a(linkaddr.o)
                0x0000abd4                linkaddr_cmp
 .text.linkaddr_set_node_addr
                0x0000abec        0xa contiki-avr-atmega256rfr2.a(linkaddr.o)
                0x0000abec                linkaddr_set_node_addr
 .text.index_from_key
                0x0000abf6       0x32 contiki-avr-atmega256rfr2.a(nbr-table.o)
 .text.nbr_set_bit
                0x0000ac28       0x66 contiki-avr-atmega256rfr2.a(nbr-table.o)
 .text.index_from_lladdr
                0x0000ac8e       0x5a contiki-avr-atmega256rfr2.a(nbr-table.o)
 .text.key_from_item
                0x0000ace8       0x48 contiki-avr-atmega256rfr2.a(nbr-table.o)
 .text.item_from_key
                0x0000ad30       0x3e contiki-avr-atmega256rfr2.a(nbr-table.o)
 .text.nbr_get_bit.constprop.0
                0x0000ad6e       0x4a contiki-avr-atmega256rfr2.a(nbr-table.o)
 .text.nbr_table_register
                0x0000adb8       0x40 contiki-avr-atmega256rfr2.a(nbr-table.o)
                0x0000adb8                nbr_table_register
 .text.nbr_table_next
                0x0000adf8       0x3e contiki-avr-atmega256rfr2.a(nbr-table.o)
                0x0000adf8                nbr_table_next
 .text.nbr_table_head
                0x0000ae36       0x44 contiki-avr-atmega256rfr2.a(nbr-table.o)
                0x0000ae36                nbr_table_head
 .text.nbr_table_add_lladdr
                0x0000ae7a      0x1c0 contiki-avr-atmega256rfr2.a(nbr-table.o)
                0x0000ae7a                nbr_table_add_lladdr
 .text.nbr_table_get_from_lladdr
                0x0000b03a       0x5e contiki-avr-atmega256rfr2.a(nbr-table.o)
                0x0000b03a                nbr_table_get_from_lladdr
 .text.nbr_table_remove
                0x0000b098       0x42 contiki-avr-atmega256rfr2.a(nbr-table.o)
                0x0000b098                nbr_table_remove
 .text.nbr_table_lock
                0x0000b0da       0x10 contiki-avr-atmega256rfr2.a(nbr-table.o)
                0x0000b0da                nbr_table_lock
 .text.nbr_table_unlock
                0x0000b0ea       0x10 contiki-avr-atmega256rfr2.a(nbr-table.o)
                0x0000b0ea                nbr_table_unlock
 .text.nbr_table_get_lladdr
                0x0000b0fa       0x12 contiki-avr-atmega256rfr2.a(nbr-table.o)
                0x0000b0fa                nbr_table_get_lladdr
 .text.netstack_init
                0x0000b10c       0x28 contiki-avr-atmega256rfr2.a(netstack.o)
                0x0000b10c                netstack_init
 .text.packetbuf_copyto_hdr
                0x0000b134       0x24 contiki-avr-atmega256rfr2.a(packetbuf.o)
                0x0000b134                packetbuf_copyto_hdr
 .text.packetbuf_copyto
                0x0000b158       0x7a contiki-avr-atmega256rfr2.a(packetbuf.o)
                0x0000b158                packetbuf_copyto
 .text.packetbuf_hdrreduce
                0x0000b1d2       0x3a contiki-avr-atmega256rfr2.a(packetbuf.o)
                0x0000b1d2                packetbuf_hdrreduce
 .text.packetbuf_set_datalen
                0x0000b20c        0xa contiki-avr-atmega256rfr2.a(packetbuf.o)
                0x0000b20c                packetbuf_set_datalen
 .text.packetbuf_dataptr
                0x0000b216        0xe contiki-avr-atmega256rfr2.a(packetbuf.o)
                0x0000b216                packetbuf_dataptr
 .text.packetbuf_hdrptr
                0x0000b224        0xc contiki-avr-atmega256rfr2.a(packetbuf.o)
                0x0000b224                packetbuf_hdrptr
 .text.packetbuf_is_reference
                0x0000b230       0x18 contiki-avr-atmega256rfr2.a(packetbuf.o)
                0x0000b230                packetbuf_is_reference
 .text.packetbuf_compact
                0x0000b248       0x5e contiki-avr-atmega256rfr2.a(packetbuf.o)
                0x0000b248                packetbuf_compact
 .text.packetbuf_reference_ptr
                0x0000b2a6        0xa contiki-avr-atmega256rfr2.a(packetbuf.o)
                0x0000b2a6                packetbuf_reference_ptr
 .text.packetbuf_datalen
                0x0000b2b0        0xa contiki-avr-atmega256rfr2.a(packetbuf.o)
                0x0000b2b0                packetbuf_datalen
 .text.packetbuf_hdrlen
                0x0000b2ba       0x10 contiki-avr-atmega256rfr2.a(packetbuf.o)
                0x0000b2ba                packetbuf_hdrlen
 .text.packetbuf_totlen
                0x0000b2ca       0x16 contiki-avr-atmega256rfr2.a(packetbuf.o)
                0x0000b2ca                packetbuf_totlen
 .text.packetbuf_hdralloc
                0x0000b2e0       0x3c contiki-avr-atmega256rfr2.a(packetbuf.o)
                0x0000b2e0                packetbuf_hdralloc
 .text.packetbuf_attr_clear
                0x0000b31c       0x32 contiki-avr-atmega256rfr2.a(packetbuf.o)
                0x0000b31c                packetbuf_attr_clear
 .text.packetbuf_clear
                0x0000b34e       0x26 contiki-avr-atmega256rfr2.a(packetbuf.o)
                0x0000b34e                packetbuf_clear
 .text.packetbuf_copyfrom
                0x0000b374       0x60 contiki-avr-atmega256rfr2.a(packetbuf.o)
                0x0000b374                packetbuf_copyfrom
 .text.packetbuf_attr_copyto
                0x0000b3d4       0x22 contiki-avr-atmega256rfr2.a(packetbuf.o)
                0x0000b3d4                packetbuf_attr_copyto
 .text.packetbuf_attr_copyfrom
                0x0000b3f6       0x22 contiki-avr-atmega256rfr2.a(packetbuf.o)
                0x0000b3f6                packetbuf_attr_copyfrom
 .text.packetbuf_set_attr
                0x0000b418       0x16 contiki-avr-atmega256rfr2.a(packetbuf.o)
                0x0000b418                packetbuf_set_attr
 .text.packetbuf_attr
                0x0000b42e       0x12 contiki-avr-atmega256rfr2.a(packetbuf.o)
                0x0000b42e                packetbuf_attr
 .text.packetbuf_set_addr
                0x0000b440       0x16 contiki-avr-atmega256rfr2.a(packetbuf.o)
                0x0000b440                packetbuf_set_addr
 .text.packetbuf_addr
                0x0000b456        0xe contiki-avr-atmega256rfr2.a(packetbuf.o)
                0x0000b456                packetbuf_addr
 .text.packetbuf_holds_broadcast
                0x0000b464        0xc contiki-avr-atmega256rfr2.a(packetbuf.o)
                0x0000b464                packetbuf_holds_broadcast
 .text.queuebuf_init
                0x0000b470       0x18 contiki-avr-atmega256rfr2.a(queuebuf.o)
                0x0000b470                queuebuf_init
 .text.queuebuf_numfree
                0x0000b488       0x16 contiki-avr-atmega256rfr2.a(queuebuf.o)
                0x0000b488                queuebuf_numfree
 .text.queuebuf_new_from_packetbuf
                0x0000b49e       0x9a contiki-avr-atmega256rfr2.a(queuebuf.o)
                0x0000b49e                queuebuf_new_from_packetbuf
 .text.queuebuf_free
                0x0000b538       0x4a contiki-avr-atmega256rfr2.a(queuebuf.o)
                0x0000b538                queuebuf_free
 .text.queuebuf_to_packetbuf
                0x0000b582       0x92 contiki-avr-atmega256rfr2.a(queuebuf.o)
                0x0000b582                queuebuf_to_packetbuf
 .text.on       0x0000b614        0xa contiki-avr-atmega256rfr2.a(sicslowmac.o)
 .text.channel_check_interval
                0x0000b61e        0x6 contiki-avr-atmega256rfr2.a(sicslowmac.o)
 .text.send_packet
                0x0000b624      0x128 contiki-avr-atmega256rfr2.a(sicslowmac.o)
 .text.send_list
                0x0000b74c       0x4a contiki-avr-atmega256rfr2.a(sicslowmac.o)
                0x0000b74c                send_list
 .text.input_packet
                0x0000b796       0xd8 contiki-avr-atmega256rfr2.a(sicslowmac.o)
 .text.init     0x0000b86e       0x12 contiki-avr-atmega256rfr2.a(sicslowmac.o)
 .text.off      0x0000b880       0x18 contiki-avr-atmega256rfr2.a(sicslowmac.o)
 .text.bootstrap
                0x0000b898        0x4 contiki-avr-atmega256rfr2.a(nullsec.o)
 .text.on_frame_created
                0x0000b89c        0x6 contiki-avr-atmega256rfr2.a(nullsec.o)
 .text.input    0x0000b8a2        0xa contiki-avr-atmega256rfr2.a(nullsec.o)
 .text.get_overhead
                0x0000b8ac        0x4 contiki-avr-atmega256rfr2.a(nullsec.o)
 .text.send     0x0000b8b0       0x2c contiki-avr-atmega256rfr2.a(nullsec.o)
 .text.stimer_set
                0x0000b8dc       0x20 contiki-avr-atmega256rfr2.a(stimer.o)
                0x0000b8dc                stimer_set
 .text.stimer_expired
                0x0000b8fc       0x5c contiki-avr-atmega256rfr2.a(stimer.o)
                0x0000b8fc                stimer_expired
 .text.memb_init
                0x0000b958       0x3c contiki-avr-atmega256rfr2.a(memb.o)
                0x0000b958                memb_init
 .text.memb_alloc
                0x0000b994       0x4a contiki-avr-atmega256rfr2.a(memb.o)
                0x0000b994                memb_alloc
 .text.memb_free
                0x0000b9de       0x4a contiki-avr-atmega256rfr2.a(memb.o)
                0x0000b9de                memb_free
 .text.memb_inmemb
                0x0000ba28       0x3a contiki-avr-atmega256rfr2.a(memb.o)
                0x0000ba28                memb_inmemb
 .text.memb_numfree
                0x0000ba62       0x34 contiki-avr-atmega256rfr2.a(memb.o)
                0x0000ba62                memb_numfree
 .text.field_len
                0x0000ba96       0x8e contiki-avr-atmega256rfr2.a(frame802154.o)
 .text.frame802154_hdrlen
                0x0000bb24       0x46 contiki-avr-atmega256rfr2.a(frame802154.o)
                0x0000bb24                frame802154_hdrlen
 .text.frame802154_create
                0x0000bb6a      0x1ac contiki-avr-atmega256rfr2.a(frame802154.o)
                0x0000bb6a                frame802154_create
 .text.frame802154_parse
                0x0000bd16      0x19c contiki-avr-atmega256rfr2.a(frame802154.o)
                0x0000bd16                frame802154_parse
 .text.libgcc.div
                0x0000beb2       0x28 /usr/local/bin/../lib/gcc/avr/4.8.1/avr6/libgcc.a(_udivmodhi4.o)
                0x0000beb2                __udivmodhi4
 .text.libgcc.div
                0x0000beda       0x28 /usr/local/bin/../lib/gcc/avr/4.8.1/avr6/libgcc.a(_divmodhi4.o)
                0x0000beda                __divmodhi4
                0x0000beda                _div
 .text.libgcc.div
                0x0000bf02       0x44 /usr/local/bin/../lib/gcc/avr/4.8.1/avr6/libgcc.a(_udivmodsi4.o)
                0x0000bf02                __udivmodsi4
 .text.libgcc   0x0000bf46        0xc /usr/local/bin/../lib/gcc/avr/4.8.1/avr6/libgcc.a(_tablejump.o)
                0x0000bf46                __tablejump2__
                0x0000bf4a                __tablejump__
 .text.libgcc.builtins
                0x0000bf52        0xe /usr/local/bin/../lib/gcc/avr/4.8.1/avr6/libgcc.a(_bswapsi2.o)
                0x0000bf52                __bswapsi2
 .text.libgcc.mul
                0x0000bf60       0x1e /usr/local/bin/../lib/gcc/avr/4.8.1/avr6/libgcc.a(_umulhisi3.o)
                0x0000bf60                __umulhisi3
 .text.avr-libc
                0x0000bf7e       0xb8 /usr/local/bin/../lib/gcc/avr/4.8.1/../../../../avr/lib/avr6/libc.a(rand.o)
                0x0000c014                rand_r
                0x0000c018                rand
                0x0000c020                srand
 .text.avr-libc
                0x0000c036       0x1a /usr/local/bin/../lib/gcc/avr/4.8.1/../../../../avr/lib/avr6/libc.a(memcmp.o)
                0x0000c036                memcmp
 .text.avr-libc
                0x0000c050       0x12 /usr/local/bin/../lib/gcc/avr/4.8.1/../../../../avr/lib/avr6/libc.a(memcpy.o)
                0x0000c050                memcpy
 .text.avr-libc
                0x0000c062       0x24 /usr/local/bin/../lib/gcc/avr/4.8.1/../../../../avr/lib/avr6/libc.a(memmove.o)
                0x0000c062                memmove
 .text.avr-libc
                0x0000c086        0xe /usr/local/bin/../lib/gcc/avr/4.8.1/../../../../avr/lib/avr6/libc.a(memset.o)
                0x0000c086                memset
 .text.avr-libc
                0x0000c094       0x24 /usr/local/bin/../lib/gcc/avr/4.8.1/../../../../avr/lib/avr6/libc.a(printf.o)
                0x0000c094                printf
 .text.avr-libc
                0x0000c0b8       0x48 /usr/local/bin/../lib/gcc/avr/4.8.1/../../../../avr/lib/avr6/libc.a(printf_p.o)
                0x0000c0b8                printf_P
 .text.avr-libc
                0x0000c100       0x5a /usr/local/bin/../lib/gcc/avr/4.8.1/../../../../avr/lib/avr6/libc.a(puts.o)
                0x0000c100                puts
 .text.avr-libc
                0x0000c15a      0x3f6 /usr/local/bin/../lib/gcc/avr/4.8.1/../../../../avr/lib/avr6/libc.a(vfprintf_std.o)
                0x0000c15a                vfprintf
 .text.avr-libc
                0x0000c550       0x20 /usr/local/bin/../lib/gcc/avr/4.8.1/../../../../avr/lib/avr6/libc.a(eerd_block_atmega256rfr2.o)
                0x0000c550                __eerd_block_EEPROM_SUFFIX
                0x0000c554                __eerd_blraw_EEPROM_SUFFIX
 .text.avr-libc
                0x0000c570       0x10 /usr/local/bin/../lib/gcc/avr/4.8.1/../../../../avr/lib/avr6/libc.a(eerd_byte_atmega256rfr2.o)
                0x0000c570                __eerd_byte_EEPROM_SUFFIX
 .text.avr-libc
                0x0000c580        0xc /usr/local/bin/../lib/gcc/avr/4.8.1/../../../../avr/lib/avr6/libc.a(eerd_word_atmega256rfr2.o)
                0x0000c580                __eerd_word_EEPROM_SUFFIX
 .text.avr-libc
                0x0000c58c       0x14 /usr/local/bin/../lib/gcc/avr/4.8.1/../../../../avr/lib/avr6/libc.a(eewr_block_atmega256rfr2.o)
                0x0000c58c                __eewr_block_EEPROM_SUFFIX
 .text.avr-libc
                0x0000c5a0       0x1c /usr/local/bin/../lib/gcc/avr/4.8.1/../../../../avr/lib/avr6/libc.a(eewr_byte_atmega256rfr2.o)
                0x0000c5a0                __eewr_byte_EEPROM_SUFFIX
                0x0000c5a2                __eewr_r18_EEPROM_SUFFIX
 .text.avr-libc
                0x0000c5bc        0xa /usr/local/bin/../lib/gcc/avr/4.8.1/../../../../avr/lib/avr6/libc.a(eewr_word_atmega256rfr2.o)
                0x0000c5bc                __eewr_word_EEPROM_SUFFIX
 .text.avr-libc
                0x0000c5c6       0x16 /usr/local/bin/../lib/gcc/avr/4.8.1/../../../../avr/lib/avr6/libc.a(strnlen_P.o)
                0x0000c5c6                strnlen_P
 .text.avr-libc
                0x0000c5dc       0x16 /usr/local/bin/../lib/gcc/avr/4.8.1/../../../../avr/lib/avr6/libc.a(strnlen.o)
                0x0000c5dc                strnlen
 .text.avr-libc
                0x0000c5f2       0x64 /usr/local/bin/../lib/gcc/avr/4.8.1/../../../../avr/lib/avr6/libc.a(fputc.o)
                0x0000c5f2                fputc
 .text.avr-libc
                0x0000c656       0xbc /usr/local/bin/../lib/gcc/avr/4.8.1/../../../../avr/lib/avr6/libc.a(ultoa_invert.o)
                0x0000c656                __ultoa_invert
 .text.libgcc.div
                0x0000c712       0x2e /usr/local/bin/../lib/gcc/avr/4.8.1/avr6/libgcc.a(_divmodsi4.o)
                0x0000c712                __divmodsi4
 .text.libgcc.div
                0x0000c740       0x10 /usr/local/bin/../lib/gcc/avr/4.8.1/avr6/libgcc.a(_negsi2.o)
                0x0000c740                __negsi2
 .text.libgcc.mul
                0x0000c750       0x16 /usr/local/bin/../lib/gcc/avr/4.8.1/avr6/libgcc.a(_muluhisi3.o)
                0x0000c750                __muluhisi3
 .text.libgcc.mul
                0x0000c766       0x10 /usr/local/bin/../lib/gcc/avr/4.8.1/avr6/libgcc.a(_mulshisi3.o)
                0x0000c766                __mulshisi3
                0x0000c76c                __mulohisi3
                0x0000c776                . = ALIGN (0x2)
 *(.fini9)
 .fini9         0x0000c776        0x0 /usr/local/bin/../lib/gcc/avr/4.8.1/avr6/libgcc.a(_exit.o)
                0x0000c776                exit
                0x0000c776                _exit
 *(.fini9)
 *(.fini8)
 *(.fini8)
 *(.fini7)
 *(.fini7)
 *(.fini6)
 *(.fini6)
 *(.fini5)
 *(.fini5)
 *(.fini4)
 *(.fini4)
 *(.fini3)
 *(.fini3)
 *(.fini2)
 *(.fini2)
 *(.fini1)
 *(.fini1)
 *(.fini0)
 .fini0         0x0000c776        0x4 /usr/local/bin/../lib/gcc/avr/4.8.1/avr6/libgcc.a(_exit.o)
 *(.fini0)
                0x0000c77a                _etext = .

.data           0x00800200      0x292 load address 0x0000c77a
                0x00800200                PROVIDE (__data_start, .)
 *(.data)
 .data          0x00800200        0x4 /usr/local/bin/../lib/gcc/avr/4.8.1/../../../../avr/lib/avr6/libc.a(rand.o)
 *(.data*)
 .data.broadcast_example_process
                0x00800204        0xa broadcast-example.co
                0x00800204                broadcast_example_process
 .data.rs232_stdout
                0x0080020e        0xe contiki-avr-atmega256rfr2.a(rs232.o)
 .data.rf230_process
                0x0080021c        0xa contiki-avr-atmega256rfr2.a(rf230bb.o)
                0x0080021c                rf230_process
 .data.ctimer_process
                0x00800226        0xa contiki-avr-atmega256rfr2.a(ctimer.o)
                0x00800226                ctimer_process
 .data.etimer_process
                0x00800230        0xa contiki-avr-atmega256rfr2.a(etimer.o)
                0x00800230                etimer_process
 .data.ds6_neighbors
                0x0080023a        0x2 contiki-avr-atmega256rfr2.a(uip-ds6-nbr.o)
                0x0080023a                ds6_neighbors
 .data.ds6_neighbors_struct
                0x0080023c        0x8 contiki-avr-atmega256rfr2.a(uip-ds6-nbr.o)
 .data.defaultroutermemb
                0x00800244        0x8 contiki-avr-atmega256rfr2.a(uip-ds6-route.o)
 .data.routememb
                0x0080024c        0x8 contiki-avr-atmega256rfr2.a(uip-ds6-route.o)
 .data.neighborroutememb
                0x00800254        0x8 contiki-avr-atmega256rfr2.a(uip-ds6-route.o)
 .data.nbr_routes_struct
                0x0080025c        0x8 contiki-avr-atmega256rfr2.a(uip-ds6-route.o)
 .data.echo_reply_handler
                0x00800264        0x6 contiki-avr-atmega256rfr2.a(uip-icmp6.o)
 .data.echo_request_handler
                0x0080026a        0x6 contiki-avr-atmega256rfr2.a(uip-icmp6.o)
 .data.na_input_handler
                0x00800270        0x6 contiki-avr-atmega256rfr2.a(uip-nd6.o)
 .data.ns_input_handler
                0x00800276        0x6 contiki-avr-atmega256rfr2.a(uip-nd6.o)
 .data.simple_udp_process
                0x0080027c        0xa contiki-avr-atmega256rfr2.a(simple-udp.o)
                0x0080027c                simple_udp_process
 .data.tcpip_process
                0x00800286        0xa contiki-avr-atmega256rfr2.a(tcpip.o)
                0x00800286                tcpip_process
 .data.packets_memb
                0x00800290        0x8 contiki-avr-atmega256rfr2.a(uip-packetqueue)
 .data.rpl_parents_struct
                0x00800298        0x8 contiki-avr-atmega256rfr2.a(rpl-dag.o)
 .data.dao_ack_handler
                0x008002a0        0x6 contiki-avr-atmega256rfr2.a(rpl-icmp6.o)
 .data.dao_handler
                0x008002a6        0x6 contiki-avr-atmega256rfr2.a(rpl-icmp6.o)
 .data.dio_handler
                0x008002ac        0x6 contiki-avr-atmega256rfr2.a(rpl-icmp6.o)
 .data.dis_handler
                0x008002b2        0x6 contiki-avr-atmega256rfr2.a(rpl-icmp6.o)
 .data.dao_sequence
                0x008002b8        0x1 contiki-avr-atmega256rfr2.a(rpl-icmp6.o)
 .data.rpl_mrhof
                0x008002b9        0xe contiki-avr-atmega256rfr2.a(rpl-mrhof.o)
                0x008002b9                rpl_mrhof
 .data.neighbor_addr_mem
                0x008002c7        0x8 contiki-avr-atmega256rfr2.a(nbr-table.o)
 .data.buframmem
                0x008002cf        0x8 contiki-avr-atmega256rfr2.a(queuebuf.o)
 .data.refbufmem
                0x008002d7        0x8 contiki-avr-atmega256rfr2.a(queuebuf.o)
 .data.bufmem   0x008002df        0x8 contiki-avr-atmega256rfr2.a(queuebuf.o)
 *(.rodata)
 *(.rodata*)
 .rodata.str1.1
                0x008002e7       0x6b broadcast-example.co
 .rodata.autostart_processes
                0x00800352        0x4 broadcast-example.co
                0x00800352                autostart_processes
 .rodata.str1.1
                0x00800356       0x4f contiki-avr-atmega256rfr2.a(contiki-main.o)
 .rodata.str1.1
                0x008003a5        0xd contiki-avr-atmega256rfr2.a(rf230bb.o)
 .rodata.rf230_driver
                0x008003b2       0x1c contiki-avr-atmega256rfr2.a(rf230bb.o)
                0x008003b2                rf230_driver
 .rodata.str1.1
                0x008003ce        0xf contiki-avr-atmega256rfr2.a(ctimer.o)
 .rodata.str1.1
                0x008003dd        0xc contiki-avr-atmega256rfr2.a(etimer.o)
 .rodata.str1.1
                0x008003e9        0xb contiki-avr-atmega256rfr2.a(sicslowpan.o)
 .rodata.sicslowpan_driver
                0x008003f4        0x6 contiki-avr-atmega256rfr2.a(sicslowpan.o)
                0x008003f4                sicslowpan_driver
 .rodata.ttl_values
                0x008003fa        0x4 contiki-avr-atmega256rfr2.a(sicslowpan.o)
 .rodata.llprefix
                0x008003fe        0x2 contiki-avr-atmega256rfr2.a(sicslowpan.o)
                0x008003fe                llprefix
 .rodata.unc_mxconf
                0x00800400        0x4 contiki-avr-atmega256rfr2.a(sicslowpan.o)
                0x00800400                unc_mxconf
 .rodata.unc_ctxconf
                0x00800404        0x4 contiki-avr-atmega256rfr2.a(sicslowpan.o)
                0x00800404                unc_ctxconf
 .rodata.unc_llconf
                0x00800408        0x4 contiki-avr-atmega256rfr2.a(sicslowpan.o)
                0x00800408                unc_llconf
 .rodata.str1.1
                0x0080040c       0x13 contiki-avr-atmega256rfr2.a(simple-udp.o)
 .rodata.str1.1
                0x0080041f        0xd contiki-avr-atmega256rfr2.a(tcpip.o)
 .rodata.str1.1
                0x0080042c        0xf contiki-avr-atmega256rfr2.a(uip-debug.o)
 .rodata.framer_802154
                0x0080043b        0x8 contiki-avr-atmega256rfr2.a(framer-802154.o)
                0x0080043b                framer_802154
 .rodata.str1.1
                0x00800443        0x8 contiki-avr-atmega256rfr2.a(nullmac.o)
 .rodata.nullmac_driver
                0x0080044b        0xe contiki-avr-atmega256rfr2.a(nullmac.o)
                0x0080044b                nullmac_driver
 .rodata.linkaddr_null
                0x00800459        0x8 contiki-avr-atmega256rfr2.a(linkaddr.o)
                0x00800459                linkaddr_null
 .rodata.str1.1
                0x00800461        0xb contiki-avr-atmega256rfr2.a(sicslowmac.o)
 .rodata.sicslowmac_driver
                0x0080046c       0x12 contiki-avr-atmega256rfr2.a(sicslowmac.o)
                0x0080046c                sicslowmac_driver
 .rodata.str1.1
                0x0080047e        0x8 contiki-avr-atmega256rfr2.a(nullsec.o)
 .rodata.nullsec_driver
                0x00800486        0xc contiki-avr-atmega256rfr2.a(nullsec.o)
                0x00800486                nullsec_driver
 *(.gnu.linkonce.d*)
                0x00800492                . = ALIGN (0x2)
                0x00800492                _edata = .
                0x00800492                PROVIDE (__data_end, .)

.bss            0x00800492     0x1d83
                0x00800492                PROVIDE (__bss_start, .)
 *(.bss)
 *(.bss*)
 .bss.send_timer.2892
                0x00800492        0x8 broadcast-example.co
 .bss.periodic_timer.2891
                0x0080049a        0x8 broadcast-example.co
 .bss.broadcast_connection
                0x008004a2       0x1c broadcast-example.co
 .bss.rcount    0x008004be        0x1 contiki-avr-atmega256rfr2.a(clock.o)
 .bss.count     0x008004bf        0x2 contiki-avr-atmega256rfr2.a(clock.o)
 .bss.stdout_rs232_port
                0x008004c1        0x1 contiki-avr-atmega256rfr2.a(rs232.o)
 .bss.buffer    0x008004c2       0x81 contiki-avr-atmega256rfr2.a(rf230bb.o)
 .bss.channel   0x00800543        0x1 contiki-avr-atmega256rfr2.a(rf230bb.o)
 .bss.initialized
                0x00800544        0x1 contiki-avr-atmega256rfr2.a(ctimer.o)
 .bss.ctimer_list_list
                0x00800545        0x2 contiki-avr-atmega256rfr2.a(ctimer.o)
 .bss.next_expiration
                0x00800547        0x2 contiki-avr-atmega256rfr2.a(etimer.o)
 .bss.timerlist
                0x00800549        0x2 contiki-avr-atmega256rfr2.a(etimer.o)
 .bss.snum.1752
                0x0080054b        0x1 contiki-avr-atmega256rfr2.a(process.o)
 .bss.p.1737    0x0080054c        0x2 contiki-avr-atmega256rfr2.a(process.o)
 .bss.receiver.1736
                0x0080054e        0x2 contiki-avr-atmega256rfr2.a(process.o)
 .bss.data.1735
                0x00800550        0x2 contiki-avr-atmega256rfr2.a(process.o)
 .bss.ev.1734   0x00800552        0x1 contiki-avr-atmega256rfr2.a(process.o)
 .bss.poll_requested
                0x00800553        0x1 contiki-avr-atmega256rfr2.a(process.o)
 .bss.events    0x00800554       0xa0 contiki-avr-atmega256rfr2.a(process.o)
 .bss.fevent    0x008005f4        0x1 contiki-avr-atmega256rfr2.a(process.o)
 .bss.nevents   0x008005f5        0x1 contiki-avr-atmega256rfr2.a(process.o)
 .bss.lastevent
                0x008005f6        0x1 contiki-avr-atmega256rfr2.a(process.o)
 .bss.process_current
                0x008005f7        0x2 contiki-avr-atmega256rfr2.a(process.o)
                0x008005f7                process_current
 .bss.process_list
                0x008005f9        0x2 contiki-avr-atmega256rfr2.a(process.o)
                0x008005f9                process_list
 .bss.next_rtimer
                0x008005fb        0x2 contiki-avr-atmega256rfr2.a(rtimer.o)
 .bss.hc06_ptr  0x008005fd        0x2 contiki-avr-atmega256rfr2.a(sicslowpan.o)
 .bss.context   0x008005ff        0x2 contiki-avr-atmega256rfr2.a(sicslowpan.o)
 .bss.addr_contexts
                0x00800601        0xa contiki-avr-atmega256rfr2.a(sicslowpan.o)
 .bss.callback  0x0080060b        0x2 contiki-avr-atmega256rfr2.a(sicslowpan.o)
 .bss.last_rssi
                0x0080060d        0x2 contiki-avr-atmega256rfr2.a(sicslowpan.o)
 .bss.reass_timer
                0x0080060f        0x4 contiki-avr-atmega256rfr2.a(sicslowpan.o)
 .bss.reass_tag
                0x00800613        0x2 contiki-avr-atmega256rfr2.a(sicslowpan.o)
 .bss.my_tag    0x00800615        0x2 contiki-avr-atmega256rfr2.a(sicslowpan.o)
 .bss.processed_ip_in_len
                0x00800617        0x2 contiki-avr-atmega256rfr2.a(sicslowpan.o)
 .bss.sicslowpan_aligned_buf
                0x00800619       0xf0 contiki-avr-atmega256rfr2.a(sicslowpan.o)
 .bss.sicslowpan_len
                0x00800709        0x2 contiki-avr-atmega256rfr2.a(sicslowpan.o)
 .bss.last_tx_status
                0x0080070b        0x2 contiki-avr-atmega256rfr2.a(sicslowpan.o)
 .bss.uncomp_hdr_len
                0x0080070d        0x1 contiki-avr-atmega256rfr2.a(sicslowpan.o)
 .bss.packetbuf_payload_len
                0x0080070e        0x2 contiki-avr-atmega256rfr2.a(sicslowpan.o)
 .bss.packetbuf_hdr_len
                0x00800710        0x1 contiki-avr-atmega256rfr2.a(sicslowpan.o)
 .bss.packetbuf_ptr
                0x00800711        0x2 contiki-avr-atmega256rfr2.a(sicslowpan.o)
 .bss.tmp16     0x00800713        0x2 contiki-avr-atmega256rfr2.a(uip6.o)
 .bss.opt       0x00800715        0x1 contiki-avr-atmega256rfr2.a(uip6.o)
 .bss.iss       0x00800716        0x4 contiki-avr-atmega256rfr2.a(uip6.o)
 .bss.lastport  0x0080071a        0x2 contiki-avr-atmega256rfr2.a(uip6.o)
 .bss.c         0x0080071c        0x1 contiki-avr-atmega256rfr2.a(uip6.o)
 .bss.uip_ext_opt_offset
                0x0080071d        0x1 contiki-avr-atmega256rfr2.a(uip6.o)
                0x0080071d                uip_ext_opt_offset
 .bss.uip_ext_len
                0x0080071e        0x1 contiki-avr-atmega256rfr2.a(uip6.o)
                0x0080071e                uip_ext_len
 .bss.uip_ext_bitmap
                0x0080071f        0x1 contiki-avr-atmega256rfr2.a(uip6.o)
                0x0080071f                uip_ext_bitmap
 .bss.locprefix
                0x00800720        0x2 contiki-avr-atmega256rfr2.a(uip-ds6.o)
 .bss.locmaddr  0x00800722        0x2 contiki-avr-atmega256rfr2.a(uip-ds6.o)
 .bss.locaddr   0x00800724        0x2 contiki-avr-atmega256rfr2.a(uip-ds6.o)
 .bss.loc_fipaddr
                0x00800726       0x10 contiki-avr-atmega256rfr2.a(uip-ds6.o)
 .bss._ds6_neighbors_mem
                0x00800736      0x30c contiki-avr-atmega256rfr2.a(uip-ds6-nbr.o)
 .bss.num_routes
                0x00800a42        0x2 contiki-avr-atmega256rfr2.a(uip-ds6-route.o)
 .bss.notificationlist_list
                0x00800a44        0x2 contiki-avr-atmega256rfr2.a(uip-ds6-route.o)
 .bss.defaultroutermemb_memb_mem
                0x00800a46       0x36 contiki-avr-atmega256rfr2.a(uip-ds6-route.o)
 .bss.defaultroutermemb_memb_count
                0x00800a7c        0x2 contiki-avr-atmega256rfr2.a(uip-ds6-route.o)
 .bss.defaultrouterlist_list
                0x00800a7e        0x2 contiki-avr-atmega256rfr2.a(uip-ds6-route.o)
 .bss.routememb_memb_mem
                0x00800a80      0x244 contiki-avr-atmega256rfr2.a(uip-ds6-route.o)
 .bss.routememb_memb_count
                0x00800cc4       0x14 contiki-avr-atmega256rfr2.a(uip-ds6-route.o)
 .bss.routelist_list
                0x00800cd8        0x2 contiki-avr-atmega256rfr2.a(uip-ds6-route.o)
 .bss.neighborroutememb_memb_mem
                0x00800cda       0x50 contiki-avr-atmega256rfr2.a(uip-ds6-route.o)
 .bss.neighborroutememb_memb_count
                0x00800d2a       0x14 contiki-avr-atmega256rfr2.a(uip-ds6-route.o)
 .bss._nbr_routes_mem
                0x00800d3e       0x50 contiki-avr-atmega256rfr2.a(uip-ds6-route.o)
 .bss.input_handler_list_list
                0x00800d8e        0x2 contiki-avr-atmega256rfr2.a(uip-icmp6.o)
 .bss.echo_reply_callback_list_list
                0x00800d90        0x2 contiki-avr-atmega256rfr2.a(uip-icmp6.o)
 .bss.tmp_ipaddr
                0x00800d92       0x10 contiki-avr-atmega256rfr2.a(uip-icmp6.o)
 .bss.addr      0x00800da2        0x2 contiki-avr-atmega256rfr2.a(uip-nd6.o)
 .bss.defrt     0x00800da4        0x2 contiki-avr-atmega256rfr2.a(uip-nd6.o)
 .bss.nbr       0x00800da6        0x2 contiki-avr-atmega256rfr2.a(uip-nd6.o)
 .bss.nd6_opt_llao
                0x00800da8        0x2 contiki-avr-atmega256rfr2.a(uip-nd6.o)
 .bss.nd6_opt_offset
                0x00800daa        0x1 contiki-avr-atmega256rfr2.a(uip-nd6.o)
 .bss.databuffer
                0x00800dab       0xf0 contiki-avr-atmega256rfr2.a(simple-udp.o)
 .bss.started   0x00800e9b        0x1 contiki-avr-atmega256rfr2.a(simple-udp.o)
 .bss.i.4499    0x00800e9c        0x1 contiki-avr-atmega256rfr2.a(tcpip.o)
 .bss.i.4455    0x00800e9d        0x1 contiki-avr-atmega256rfr2.a(tcpip.o)
 .bss.i.4511    0x00800e9e        0x1 contiki-avr-atmega256rfr2.a(tcpip.o)
 .bss.outputfunc
                0x00800e9f        0x2 contiki-avr-atmega256rfr2.a(tcpip.o)
 .bss.s         0x00800ea1       0x12 contiki-avr-atmega256rfr2.a(tcpip.o)
 .bss.periodic  0x00800eb3        0x8 contiki-avr-atmega256rfr2.a(tcpip.o)
 .bss.packets_memb_memb_mem
                0x00800ebb      0x20c contiki-avr-atmega256rfr2.a(uip-packetqueue)
 .bss.packets_memb_memb_count
                0x008010c7        0x2 contiki-avr-atmega256rfr2.a(uip-packetqueue)
 .bss.mode      0x008010c9        0x2 contiki-avr-atmega256rfr2.a(rpl.o)
 .bss._rpl_parents_mem
                0x008010cb       0xa0 contiki-avr-atmega256rfr2.a(rpl-dag.o)
 .bss.dio_send_ok
                0x0080116b        0x1 contiki-avr-atmega256rfr2.a(rpl-timers.o)
 .bss.next_dis  0x0080116c        0x2 contiki-avr-atmega256rfr2.a(rpl-timers.o)
 .bss.periodic_timer
                0x0080116e       0x10 contiki-avr-atmega256rfr2.a(rpl-timers.o)
 .bss.initialized
                0x0080117e        0x1 contiki-avr-atmega256rfr2.a(framer-802154.o)
 .bss.mac_dsn   0x0080117f        0x1 contiki-avr-atmega256rfr2.a(framer-802154.o)
 .bss.nbr_table_keys_list
                0x00801180        0x2 contiki-avr-atmega256rfr2.a(nbr-table.o)
 .bss.neighbor_addr_mem_memb_mem
                0x00801182       0xc8 contiki-avr-atmega256rfr2.a(nbr-table.o)
 .bss.neighbor_addr_mem_memb_count
                0x0080124a       0x14 contiki-avr-atmega256rfr2.a(nbr-table.o)
 .bss.num_tables
                0x0080125e        0x2 contiki-avr-atmega256rfr2.a(nbr-table.o)
 .bss.all_tables
                0x00801260       0x10 contiki-avr-atmega256rfr2.a(nbr-table.o)
 .bss.locked_map
                0x00801270       0x14 contiki-avr-atmega256rfr2.a(nbr-table.o)
 .bss.used_map  0x00801284       0x14 contiki-avr-atmega256rfr2.a(nbr-table.o)
 .bss.packetbufptr
                0x00801298        0x2 contiki-avr-atmega256rfr2.a(packetbuf.o)
 .bss.packetbuf_aligned
                0x0080129a       0xb0 contiki-avr-atmega256rfr2.a(packetbuf.o)
 .bss.hdrptr    0x0080134a        0x1 contiki-avr-atmega256rfr2.a(packetbuf.o)
 .bss.bufptr    0x0080134b        0x2 contiki-avr-atmega256rfr2.a(packetbuf.o)
 .bss.buflen    0x0080134d        0x2 contiki-avr-atmega256rfr2.a(packetbuf.o)
 .bss.buframmem_memb_mem
                0x0080134f      0x6b0 contiki-avr-atmega256rfr2.a(queuebuf.o)
 .bss.buframmem_memb_count
                0x008019ff        0x8 contiki-avr-atmega256rfr2.a(queuebuf.o)
 .bss.refbufmem_memb_mem
                0x00801a07       0x6a contiki-avr-atmega256rfr2.a(queuebuf.o)
 .bss.refbufmem_memb_count
                0x00801a71        0x2 contiki-avr-atmega256rfr2.a(queuebuf.o)
 .bss.bufmem_memb_mem
                0x00801a73       0x10 contiki-avr-atmega256rfr2.a(queuebuf.o)
 .bss.bufmem_memb_count
                0x00801a83        0x8 contiki-avr-atmega256rfr2.a(queuebuf.o)
 .bss.contikiMAC_ready
                0x00801a8b        0x1 contiki-avr-atmega256rfr2.a(contikimac.o)
                0x00801a8b                contikiMAC_ready
 .bss.mac_dsn   0x00801a8c        0x1 contiki-avr-atmega256rfr2.a(sicslowmac.o)
 *(COMMON)
 COMMON         0x00801a8d        0x6 contiki-avr-atmega256rfr2.a(contiki-main.o)
                0x00801a8d                ledtimer
                0x00801a8f                clocktime
 COMMON         0x00801a93        0xc contiki-avr-atmega256rfr2.a(clock.o)
                0x00801a93                radioontime
                0x00801a97                sleepseconds
                0x00801a9b                seconds
 COMMON         0x00801a9f        0x4 contiki-avr-atmega256rfr2.a(rs232.o)
                0x00801a9f                input_handler_1
                0x00801aa1                input_handler_0
 COMMON         0x00801aa3      0x198 contiki-avr-atmega256rfr2.a(rf230bb.o)
                0x00801aa3                rf230_last_correlation
                0x00801aa4                rf230_last_rssi
                0x00801aa5                RF230_receivefail
                0x00801aa7                rf230_smallest_rssi
                0x00801aa8                rf230_pending
                0x00801aa9                rf230_ccawait
                0x00801aaa                RF230_receivepackets
                0x00801aac                rf230_txendwait
                0x00801aad                rxframe_tail
                0x00801aae                rxframe_head
                0x00801aaf                rxframe
                0x00801c35                rf230_wakewait
                0x00801c36                RF230_sendpackets
                0x00801c38                RF230_sendfail
                0x00801c3a                RF230_receive_on
 COMMON         0x00801c3b       0x56 contiki-avr-atmega256rfr2.a(energest.o)
                0x00801c3b                energest_total_time
                0x00801c6b                energest_total_count
                0x00801c6d                energest_current_mode
                0x00801c79                energest_current_time
 COMMON         0x00801c91        0x8 contiki-avr-atmega256rfr2.a(sicslowpan.o)
                0x00801c91                frag_sender
 COMMON         0x00801c99      0x2c1 contiki-avr-atmega256rfr2.a(uip6.o)
                0x00801c99                uip_len
                0x00801c9b                uip_sappdata
                0x00801c9d                uip_acc32
                0x00801ca1                uip_lladdr
                0x00801ca9                uip_aligned_buf
                0x00801d99                uip_flags
                0x00801d9a                uip_next_hdr
                0x00801d9c                uip_udp_conn
                0x00801d9e                uip_appdata
                0x00801da0                uip_conn
                0x00801da2                uip_conns
                0x00801e52                uip_icmp6_conns
                0x00801e56                uip_listenports
                0x00801e5e                uip_slen
                0x00801e60                uip_udp_conns
 COMMON         0x00801f5a      0x19d contiki-avr-atmega256rfr2.a(uip-ds6.o)
                0x00801f5a                uip_ds6_timer_ra
                0x00801f62                uip_ds6_if
                0x0080207d                uip_ds6_netif_addr_list_offset
                0x0080207e                uip_ds6_addr_size
                0x0080207f                uip_ds6_prefix_list
                0x008020ef                uip_ds6_timer_periodic
 COMMON         0x008020f7        0x2 contiki-avr-atmega256rfr2.a(tcpip.o)
                0x008020f7                tcpip_event
                0x008020f8                tcpip_icmp6_event
 COMMON         0x008020f9       0xb8 contiki-avr-atmega256rfr2.a(rpl-dag.o)
                0x008020f9                default_instance
                0x008020fb                instance_table
 COMMON         0x008021b1        0x8 contiki-avr-atmega256rfr2.a(linkaddr.o)
                0x008021b1                linkaddr_node_addr
 COMMON         0x008021b9       0x54 contiki-avr-atmega256rfr2.a(packetbuf.o)
                0x008021b9                packetbuf_addrs
                0x008021d9                packetbuf_attrs
 COMMON         0x0080220d        0x2 contiki-avr-atmega256rfr2.a(contikimac.o)
                0x0080220d                cycle_start
 COMMON         0x0080220f        0x6 /usr/local/bin/../lib/gcc/avr/4.8.1/../../../../avr/lib/avr6/libc.a(iob.o)
                0x0080220f                __iob
                0x00802215                PROVIDE (__bss_end, .)
                0x0000c77a                __data_load_start = LOADADDR (.data)
                0x0000ca0c                __data_load_end = (__data_load_start + SIZEOF (.data))

.noinit         0x00802215        0x0
                0x00802215                PROVIDE (__noinit_start, .)
 *(.noinit*)
                0x00802215                PROVIDE (__noinit_end, .)
                0x00802215                _end = .
                0x00802215                PROVIDE (__heap_start, .)

.eeprom         0x00810000       0x29
 *(.eeprom*)
 .eeprom        0x00810000       0x29 contiki-avr-atmega256rfr2.a(params.o)
                0x00810000                eemem_txpower
                0x00810001                eemem_panaddr
                0x00810003                eemem_panid